2026-05-25 00:14:16,024 INFO [WatashiwaWatashinoKotogaSuki]                 Book.java:560  | 11 sheets in D:\Program\Python\Piano\WatashiwaWatashinoKotogaSuki.pdf
2026-05-25 00:14:16,112 INFO []                 Book.java:2565 | Stored /book.xml
2026-05-25 00:14:16,112 INFO []                 Book.java:2525 | Book stored as D:\Program\Python\Piano\WatashiwaWatashinoKotogaSuki_Audiveris\WatashiwaWatashinoKotogaSuki.omr
2026-05-25 00:14:16,116 INFO []                 Book.java:1929 | Book reaching PAGE on sheets:[#1#2#3#4#5#6#7#8#9#10#11]
2026-05-25 00:14:16,118 INFO [WatashiwaWatashinoKotogaSuki#1]       StepMonitoring.java:98   | LOAD
2026-05-25 00:14:16,460 INFO [WatashiwaWatashinoKotogaSuki#1]            SheetStub.java:1278 | Loaded image #1 2479x3508 from D:\Program\Python\Piano\WatashiwaWatashinoKotogaSuki.pdf
2026-05-25 00:14:16,463 INFO [WatashiwaWatashinoKotogaSuki#1]       StepMonitoring.java:98   | BINARY
2026-05-25 00:14:16,742 INFO [WatashiwaWatashinoKotogaSuki#1]       StepMonitoring.java:98   | SCALE
2026-05-25 00:14:16,762 INFO [WatashiwaWatashinoKotogaSuki#1]         ScaleBuilder.java:255  | Beam  guessed height: 11 -- mid of [5..18]
2026-05-25 00:14:16,764 INFO [WatashiwaWatashinoKotogaSuki#1]         ScaleBuilder.java:271  | Beam measured height: 10 -- 0.38 of [5..18] range at 384% of needed quorum
2026-05-25 00:14:16,764 INFO [WatashiwaWatashinoKotogaSuki#1]         ScaleBuilder.java:401  | Normalized black jitter: 5.26 %
2026-05-25 00:14:16,764 INFO [WatashiwaWatashinoKotogaSuki#1]            ScaleStep.java:65   | Scale{ interline(19,19,20) line(2,2,3) beam(10)}
2026-05-25 00:14:16,765 INFO [WatashiwaWatashinoKotogaSuki#1]       StepMonitoring.java:98   | GRID
2026-05-25 00:14:17,048 INFO [WatashiwaWatashinoKotogaSuki#1]       LinesRetriever.java:1500 | Global slope: 0.00000
2026-05-25 00:14:17,091 INFO [WatashiwaWatashinoKotogaSuki#1]    ClustersRetriever.java:326  | Retrieved raw line clusters: 10 of sizes [5] with interline(19,19,20)
2026-05-25 00:14:17,236 INFO [WatashiwaWatashinoKotogaSuki#1]            PeakGraph.java:310  | Systems: #1[1, 2] #2[3, 4] #3[5, 6] #4[7, 8] #5[9, 10]
2026-05-25 00:14:17,416 INFO [WatashiwaWatashinoKotogaSuki#1]        SystemManager.java:134  | Indentation detected for system #1
2026-05-25 00:14:17,417 INFO [WatashiwaWatashinoKotogaSuki#1]        SystemManager.java:779  | 1 part along 5 systems
2026-05-25 00:14:17,417 INFO [WatashiwaWatashinoKotogaSuki#1]                 Book.java:543  | Created scores: [{Score 1}]
2026-05-25 00:14:17,418 INFO [WatashiwaWatashinoKotogaSuki#1]       StepMonitoring.java:98   | HEADERS
2026-05-25 00:14:18,014 INFO [WatashiwaWatashinoKotogaSuki#1]       StepMonitoring.java:98   | STEM_SEEDS
2026-05-25 00:14:18,047 INFO [WatashiwaWatashinoKotogaSuki#1]        StemSeedsStep.java:86   | stem(2 max:3)
2026-05-25 00:14:18,102 INFO [WatashiwaWatashinoKotogaSuki#1]       StepMonitoring.java:98   | BEAMS
2026-05-25 00:14:20,243 INFO [WatashiwaWatashinoKotogaSuki#1]       StepMonitoring.java:98   | LEDGERS
2026-05-25 00:14:20,439 INFO [WatashiwaWatashinoKotogaSuki#1]       StepMonitoring.java:98   | HEADS
2026-05-25 00:14:23,599 INFO [WatashiwaWatashinoKotogaSuki#1]        HeadSeedTally.java:235  | Scale information: HeadSeeds{NOTEHEAD_BLACK[L:-0.5,R:-0.6]}
2026-05-25 00:14:23,600 INFO [WatashiwaWatashinoKotogaSuki#1]       StepMonitoring.java:98   | STEMS
2026-05-25 00:14:24,067 INFO [WatashiwaWatashinoKotogaSuki#1]       StepMonitoring.java:98   | REDUCTION
2026-05-25 00:14:24,164 INFO [WatashiwaWatashinoKotogaSuki#1]        ReductionStep.java:105  | Stems free length median value: 68 pixels, 3.6 interlines
2026-05-25 00:14:24,167 INFO [WatashiwaWatashinoKotogaSuki#1]       StepMonitoring.java:98   | CUE_BEAMS
2026-05-25 00:14:24,167 INFO [WatashiwaWatashinoKotogaSuki#1]         CueBeamsStep.java:81   | Step CUE_BEAMS is skipped because small heads switch is off
2026-05-25 00:14:24,167 INFO [WatashiwaWatashinoKotogaSuki#1]       StepMonitoring.java:98   | TEXTS
2026-05-25 00:14:24,251 WARN [WatashiwaWatashinoKotogaSuki#1]         TesseractOCR.java:341  | Language 'eng' is not supported
2026-05-25 00:14:24,251 INFO [WatashiwaWatashinoKotogaSuki#1]              OcrUtil.java:106  | Missing support for 'eng' language(s)
2026-05-25 00:14:24,255 INFO [WatashiwaWatashinoKotogaSuki#1]       StepMonitoring.java:98   | MEASURES
2026-05-25 00:14:24,262 INFO [WatashiwaWatashinoKotogaSuki#1]                 Page.java:307  | 18 raw measures: [3 in system#1, 4 in system#2, 3 in system#3, 4 in system#4, 4 in system#5]
2026-05-25 00:14:24,262 INFO [WatashiwaWatashinoKotogaSuki#1]       StepMonitoring.java:98   | CHORDS
2026-05-25 00:14:24,274 INFO [WatashiwaWatashinoKotogaSuki#1]       StepMonitoring.java:98   | CURVES
2026-05-25 00:14:24,794 INFO [WatashiwaWatashinoKotogaSuki#1]         SlursBuilder.java:240  | Slurs: 47
2026-05-25 00:14:24,829 INFO [WatashiwaWatashinoKotogaSuki#1]      SegmentsBuilder.java:155  | Segments: 51
2026-05-25 00:14:24,845 INFO [WatashiwaWatashinoKotogaSuki#1]       StepMonitoring.java:98   | SYMBOLS
2026-05-25 00:14:25,371 INFO [WatashiwaWatashinoKotogaSuki#1]       StepMonitoring.java:98   | LINKS
2026-05-25 00:14:25,387 INFO [WatashiwaWatashinoKotogaSuki#1]             KeyInter.java:1189 | No effective key before AlterInter#8615{(0.800) staff:4 NATURAL pitch:2.0}
2026-05-25 00:14:25,394 INFO [WatashiwaWatashinoKotogaSuki#1]             KeyInter.java:1189 | No effective key before AlterInter#8678{(0.800) staff:5 NATURAL pitch:0.0}
2026-05-25 00:14:25,395 INFO [WatashiwaWatashinoKotogaSuki#1]             KeyInter.java:1189 | No effective key before AlterInter#8673{(0.800) staff:6 NATURAL pitch:-1.0}
2026-05-25 00:14:25,401 INFO [WatashiwaWatashinoKotogaSuki#1]        SymbolsLinker.java:258  | No chord linked to OctaveShiftInter#8729{(0.681) staff:8 QUINDICESIMA BASSA} at java.awt.Point[x=193,y=2738]
2026-05-25 00:14:25,403 INFO [WatashiwaWatashinoKotogaSuki#1]             KeyInter.java:1189 | No effective key before AlterInter#8837{(0.800) staff:7 NATURAL pitch:-2.0}
2026-05-25 00:14:25,403 INFO [WatashiwaWatashinoKotogaSuki#1]             KeyInter.java:1189 | No effective key before AlterInter#8834{(0.800) staff:8 NATURAL pitch:-1.0}
2026-05-25 00:14:25,410 INFO [WatashiwaWatashinoKotogaSuki#1]        SymbolsLinker.java:258  | No chord linked to OctaveShiftInter#8843{(0.681) staff:9 QUINDICESIMA ALTA} at java.awt.Point[x=193,y=2738]
2026-05-25 00:14:25,411 INFO [WatashiwaWatashinoKotogaSuki#1]             KeyInter.java:1189 | No effective key before AlterInter#8853{(0.800) staff:9 NATURAL pitch:3.0}
2026-05-25 00:14:25,412 INFO [WatashiwaWatashinoKotogaSuki#1]             KeyInter.java:1189 | No effective key before AlterInter#8856{(0.800) staff:9 NATURAL pitch:-3.0}
2026-05-25 00:14:25,412 INFO [WatashiwaWatashinoKotogaSuki#1]             KeyInter.java:1189 | No effective key before AlterInter#8863{(0.800) staff:9 NATURAL pitch:3.0}
2026-05-25 00:14:25,412 INFO [WatashiwaWatashinoKotogaSuki#1]             KeyInter.java:1189 | No effective key before AlterInter#8862{(0.800) staff:10 NATURAL pitch:-2.0}
2026-05-25 00:14:25,422 INFO [WatashiwaWatashinoKotogaSuki#1]       StepMonitoring.java:98   | RHYTHMS
2026-05-25 00:14:25,438 INFO [WatashiwaWatashinoKotogaSuki#1]        MeasureRhythm.java:1276 | Measure{#1} Time inconsistency in {1/4=[HeadChordInter#7443{(0.960/0.960) staff:1 slot#4 off:1/4 dur:1/8}], 7/24=[HeadChordInter#7466{(0.962/0.962) staff:2 slot#4 off:7/24 dur:1/8}]}
2026-05-25 00:14:25,471 INFO [WatashiwaWatashinoKotogaSuki#1]       StepMonitoring.java:98   | PAGE
2026-05-25 00:14:25,477 INFO [WatashiwaWatashinoKotogaSuki#1]                 Book.java:2584 | Book{WatashiwaWatashinoKotogaSuki} storing
2026-05-25 00:14:25,524 INFO [WatashiwaWatashinoKotogaSuki#1]                 Book.java:2565 | Stored /book.xml
2026-05-25 00:14:25,596 INFO [WatashiwaWatashinoKotogaSuki#1]           DataHolder.java:348  | Stored /sheet#1/BINARY.png
2026-05-25 00:14:26,081 INFO [WatashiwaWatashinoKotogaSuki#1]                Sheet.java:1583 | Stored /sheet#1/sheet#1.xml
2026-05-25 00:14:26,082 INFO [WatashiwaWatashinoKotogaSuki#1]                 Book.java:2525 | Book stored as D:\Program\Python\Piano\WatashiwaWatashinoKotogaSuki_Audiveris\WatashiwaWatashinoKotogaSuki.omr
2026-05-25 00:14:26,085 INFO [WatashiwaWatashinoKotogaSuki#1]            SheetStub.java:1655 | Sheet#1 disposed
2026-05-25 00:14:26,113 INFO [WatashiwaWatashinoKotogaSuki#1]                 Book.java:2050 | End of Stub#1
2026-05-25 00:14:26,113 INFO [WatashiwaWatashinoKotogaSuki#2]       StepMonitoring.java:98   | LOAD
2026-05-25 00:14:26,241 INFO [WatashiwaWatashinoKotogaSuki#2]            SheetStub.java:1278 | Loaded image #2 2479x3508 from D:\Program\Python\Piano\WatashiwaWatashinoKotogaSuki.pdf
2026-05-25 00:14:26,242 INFO [WatashiwaWatashinoKotogaSuki#2]       StepMonitoring.java:98   | BINARY
2026-05-25 00:14:26,469 INFO [WatashiwaWatashinoKotogaSuki#2]       StepMonitoring.java:98   | SCALE
2026-05-25 00:14:26,486 INFO [WatashiwaWatashinoKotogaSuki#2]         ScaleBuilder.java:255  | Beam  guessed height: 11 -- mid of [5..18]
2026-05-25 00:14:26,486 INFO [WatashiwaWatashinoKotogaSuki#2]         ScaleBuilder.java:271  | Beam measured height: 10 -- 0.38 of [5..18] range at 297% of needed quorum
2026-05-25 00:14:26,486 INFO [WatashiwaWatashinoKotogaSuki#2]         ScaleBuilder.java:401  | Normalized black jitter: 5.26 %
2026-05-25 00:14:26,486 INFO [WatashiwaWatashinoKotogaSuki#2]            ScaleStep.java:65   | Scale{ interline(19,19,20) line(2,2,3) beam(10)}
2026-05-25 00:14:26,486 INFO [WatashiwaWatashinoKotogaSuki#2]       StepMonitoring.java:98   | GRID
2026-05-25 00:14:26,574 INFO [WatashiwaWatashinoKotogaSuki#2]       LinesRetriever.java:1500 | Global slope: 0.00000
2026-05-25 00:14:26,582 INFO [WatashiwaWatashinoKotogaSuki#2]    ClustersRetriever.java:326  | Retrieved raw line clusters: 10 of sizes [5] with interline(19,19,20)
2026-05-25 00:14:26,665 INFO [WatashiwaWatashinoKotogaSuki#2]            PeakGraph.java:310  | Systems: #1[1, 2] #2[3, 4] #3[5, 6] #4[7, 8] #5[9, 10]
2026-05-25 00:14:26,766 INFO [WatashiwaWatashinoKotogaSuki#2]        SystemManager.java:779  | 1 part along 5 systems
2026-05-25 00:14:26,766 INFO [WatashiwaWatashinoKotogaSuki#2]       StepMonitoring.java:98   | HEADERS
2026-05-25 00:14:26,871 INFO [WatashiwaWatashinoKotogaSuki#2]       StepMonitoring.java:98   | STEM_SEEDS
2026-05-25 00:14:26,888 INFO [WatashiwaWatashinoKotogaSuki#2]        StemSeedsStep.java:86   | stem(2 max:3)
2026-05-25 00:14:26,894 INFO [WatashiwaWatashinoKotogaSuki#2]       StepMonitoring.java:98   | BEAMS
2026-05-25 00:14:28,726 INFO [WatashiwaWatashinoKotogaSuki#2]       StepMonitoring.java:98   | LEDGERS
2026-05-25 00:14:28,783 INFO [WatashiwaWatashinoKotogaSuki#2]       StepMonitoring.java:98   | HEADS
2026-05-25 00:14:32,003 INFO [WatashiwaWatashinoKotogaSuki#2]        HeadSeedTally.java:235  | Scale information: HeadSeeds{NOTEHEAD_BLACK[L:-0.5,R:-0.5]}
2026-05-25 00:14:32,003 INFO [WatashiwaWatashinoKotogaSuki#2]       StepMonitoring.java:98   | STEMS
2026-05-25 00:14:32,327 INFO [WatashiwaWatashinoKotogaSuki#2]       StepMonitoring.java:98   | REDUCTION
2026-05-25 00:14:32,397 INFO [WatashiwaWatashinoKotogaSuki#2]        ReductionStep.java:105  | Stems free length median value: 67 pixels, 3.5 interlines
2026-05-25 00:14:32,399 INFO [WatashiwaWatashinoKotogaSuki#2]       StepMonitoring.java:98   | CUE_BEAMS
2026-05-25 00:14:32,400 INFO [WatashiwaWatashinoKotogaSuki#2]         CueBeamsStep.java:81   | Step CUE_BEAMS is skipped because small heads switch is off
2026-05-25 00:14:32,400 INFO [WatashiwaWatashinoKotogaSuki#2]       StepMonitoring.java:98   | TEXTS
2026-05-25 00:14:32,469 WARN [WatashiwaWatashinoKotogaSuki#2]         TesseractOCR.java:341  | Language 'eng' is not supported
2026-05-25 00:14:32,469 INFO [WatashiwaWatashinoKotogaSuki#2]              OcrUtil.java:106  | Missing support for 'eng' language(s)
2026-05-25 00:14:32,470 INFO [WatashiwaWatashinoKotogaSuki#2]       StepMonitoring.java:98   | MEASURES
2026-05-25 00:14:32,471 INFO [WatashiwaWatashinoKotogaSuki#2]                 Page.java:307  | 20 raw measures: [4 in system#1, 4 in system#2, 4 in system#3, 4 in system#4, 4 in system#5]
2026-05-25 00:14:32,471 INFO [WatashiwaWatashinoKotogaSuki#2]       StepMonitoring.java:98   | CHORDS
2026-05-25 00:14:32,475 INFO [WatashiwaWatashinoKotogaSuki#2]       StepMonitoring.java:98   | CURVES
2026-05-25 00:14:32,780 INFO [WatashiwaWatashinoKotogaSuki#2]         SlursBuilder.java:240  | Slurs: 49
2026-05-25 00:14:32,784 INFO [WatashiwaWatashinoKotogaSuki#2]      SegmentsBuilder.java:155  | Segments: 60
2026-05-25 00:14:32,788 INFO [WatashiwaWatashinoKotogaSuki#2]       StepMonitoring.java:98   | SYMBOLS
2026-05-25 00:14:33,096 INFO [WatashiwaWatashinoKotogaSuki#2]       StepMonitoring.java:98   | LINKS
2026-05-25 00:14:33,101 INFO [WatashiwaWatashinoKotogaSuki#2]             KeyInter.java:1189 | No effective key before AlterInter#7944{(0.800) staff:3 NATURAL pitch:-3.0}
2026-05-25 00:14:33,101 INFO [WatashiwaWatashinoKotogaSuki#2]             KeyInter.java:1189 | No effective key before AlterInter#7945{(0.800) staff:3 NATURAL pitch:4.0}
2026-05-25 00:14:33,101 INFO [WatashiwaWatashinoKotogaSuki#2]             KeyInter.java:1189 | No effective key before AlterInter#7956{(0.800) staff:4 NATURAL pitch:2.0}
2026-05-25 00:14:33,108 INFO [WatashiwaWatashinoKotogaSuki#2]             KeyInter.java:1189 | No effective key before AlterInter#7981{(0.800) staff:5 NATURAL pitch:2.0}
2026-05-25 00:14:33,108 INFO [WatashiwaWatashinoKotogaSuki#2]             KeyInter.java:1189 | No effective key before AlterInter#8017{(0.800) staff:6 NATURAL pitch:-3.0}
2026-05-25 00:14:33,114 INFO [WatashiwaWatashinoKotogaSuki#2]             KeyInter.java:1189 | No effective key before AlterInter#8066{(0.800) staff:7 NATURAL pitch:4.0}
2026-05-25 00:14:33,114 INFO [WatashiwaWatashinoKotogaSuki#2]             KeyInter.java:1189 | No effective key before AlterInter#8080{(0.800) staff:7 NATURAL pitch:-3.0}
2026-05-25 00:14:33,120 INFO [WatashiwaWatashinoKotogaSuki#2]             KeyInter.java:1189 | No effective key before AlterInter#8158{(0.800) staff:9 NATURAL pitch:-2.0}
2026-05-25 00:14:33,120 INFO [WatashiwaWatashinoKotogaSuki#2]             KeyInter.java:1189 | No effective key before AlterInter#8159{(0.800) staff:10 NATURAL pitch:-1.0}
2026-05-25 00:14:33,126 INFO [WatashiwaWatashinoKotogaSuki#2]       StepMonitoring.java:98   | RHYTHMS
2026-05-25 00:14:33,126 INFO [WatashiwaWatashinoKotogaSuki#2]           PageRhythm.java:199  | {Page#2.1} Time value reused from sheet#1
2026-05-25 00:14:33,144 INFO [WatashiwaWatashinoKotogaSuki#2]       StepMonitoring.java:98   | PAGE
2026-05-25 00:14:33,146 INFO [WatashiwaWatashinoKotogaSuki#2]       SheetReduction.java:154  | Gutter. Different glyphs 4/5 ArticulationInter#8067{(0.542/0.696) ACCENT} vs EndingInter#7450{(0.490/0.766) staff:9 ENDING}
2026-05-25 00:14:33,146 INFO [WatashiwaWatashinoKotogaSuki#2]       SheetReduction.java:154  | Gutter. Different glyphs 4/5 ArticulationInter#8078{(0.577/0.727) STACCATO} vs EndingInter#7450{(0.490/0.766) staff:9 ENDING}
2026-05-25 00:14:33,146 INFO [WatashiwaWatashinoKotogaSuki#2]                 Book.java:2584 | Book{WatashiwaWatashinoKotogaSuki} storing
2026-05-25 00:14:33,183 INFO [WatashiwaWatashinoKotogaSuki#2]                 Book.java:2565 | Stored /book.xml
2026-05-25 00:14:33,227 INFO [WatashiwaWatashinoKotogaSuki#2]           DataHolder.java:348  | Stored /sheet#2/BINARY.png
2026-05-25 00:14:33,520 INFO [WatashiwaWatashinoKotogaSuki#2]                Sheet.java:1583 | Stored /sheet#2/sheet#2.xml
2026-05-25 00:14:33,520 INFO [WatashiwaWatashinoKotogaSuki#2]                 Book.java:2525 | Book stored as D:\Program\Python\Piano\WatashiwaWatashinoKotogaSuki_Audiveris\WatashiwaWatashinoKotogaSuki.omr
2026-05-25 00:14:33,523 INFO [WatashiwaWatashinoKotogaSuki#2]            SheetStub.java:1655 | Sheet#2 disposed
2026-05-25 00:14:33,545 INFO [WatashiwaWatashinoKotogaSuki#2]                 Book.java:2050 | End of Stub#2
2026-05-25 00:14:33,545 INFO [WatashiwaWatashinoKotogaSuki#3]       StepMonitoring.java:98   | LOAD
2026-05-25 00:14:33,693 INFO [WatashiwaWatashinoKotogaSuki#3]            SheetStub.java:1278 | Loaded image #3 2479x3508 from D:\Program\Python\Piano\WatashiwaWatashinoKotogaSuki.pdf
2026-05-25 00:14:33,693 INFO [WatashiwaWatashinoKotogaSuki#3]       StepMonitoring.java:98   | BINARY
2026-05-25 00:14:33,919 INFO [WatashiwaWatashinoKotogaSuki#3]       StepMonitoring.java:98   | SCALE
2026-05-25 00:14:33,921 INFO [WatashiwaWatashinoKotogaSuki#3]         ScaleBuilder.java:255  | Beam  guessed height: 11 -- mid of [5..18]
2026-05-25 00:14:33,921 INFO [WatashiwaWatashinoKotogaSuki#3]         ScaleBuilder.java:271  | Beam measured height: 10 -- 0.38 of [5..18] range at 401% of needed quorum
2026-05-25 00:14:33,921 INFO [WatashiwaWatashinoKotogaSuki#3]         ScaleBuilder.java:401  | Normalized black jitter: 5.26 %
2026-05-25 00:14:33,921 INFO [WatashiwaWatashinoKotogaSuki#3]            ScaleStep.java:65   | Scale{ interline(19,19,20) line(2,2,3) beam(10)}
2026-05-25 00:14:33,921 INFO [WatashiwaWatashinoKotogaSuki#3]       StepMonitoring.java:98   | GRID
2026-05-25 00:14:33,979 INFO [WatashiwaWatashinoKotogaSuki#3]       LinesRetriever.java:1500 | Global slope: 0.00000
2026-05-25 00:14:33,985 INFO [WatashiwaWatashinoKotogaSuki#3]    ClustersRetriever.java:326  | Retrieved raw line clusters: 10 of sizes [5] with interline(19,19,20)
2026-05-25 00:14:34,024 INFO [WatashiwaWatashinoKotogaSuki#3]            PeakGraph.java:310  | Systems: #1[1, 2] #2[3, 4] #3[5, 6] #4[7, 8] #5[9, 10]
2026-05-25 00:14:34,107 INFO [WatashiwaWatashinoKotogaSuki#3]        SystemManager.java:779  | 1 part along 5 systems
2026-05-25 00:14:34,107 INFO [WatashiwaWatashinoKotogaSuki#3]       StepMonitoring.java:98   | HEADERS
2026-05-25 00:14:34,177 INFO [WatashiwaWatashinoKotogaSuki#3]       StepMonitoring.java:98   | STEM_SEEDS
2026-05-25 00:14:34,194 INFO [WatashiwaWatashinoKotogaSuki#3]        StemSeedsStep.java:86   | stem(2 max:3)
2026-05-25 00:14:34,201 INFO [WatashiwaWatashinoKotogaSuki#3]       StepMonitoring.java:98   | BEAMS
2026-05-25 00:14:36,109 INFO [WatashiwaWatashinoKotogaSuki#3]       StepMonitoring.java:98   | LEDGERS
2026-05-25 00:14:36,192 INFO [WatashiwaWatashinoKotogaSuki#3]       StepMonitoring.java:98   | HEADS
2026-05-25 00:14:39,523 INFO [WatashiwaWatashinoKotogaSuki#3]        HeadSeedTally.java:235  | Scale information: HeadSeeds{NOTEHEAD_BLACK[L:-0.5,R:-0.6]}
2026-05-25 00:14:39,523 INFO [WatashiwaWatashinoKotogaSuki#3]       StepMonitoring.java:98   | STEMS
2026-05-25 00:14:39,943 INFO [WatashiwaWatashinoKotogaSuki#3]       StepMonitoring.java:98   | REDUCTION
2026-05-25 00:14:40,002 INFO [WatashiwaWatashinoKotogaSuki#3]        ReductionStep.java:105  | Stems free length median value: 62 pixels, 3.3 interlines
2026-05-25 00:14:40,005 INFO [WatashiwaWatashinoKotogaSuki#3]       StepMonitoring.java:98   | CUE_BEAMS
2026-05-25 00:14:40,006 INFO [WatashiwaWatashinoKotogaSuki#3]         CueBeamsStep.java:81   | Step CUE_BEAMS is skipped because small heads switch is off
2026-05-25 00:14:40,006 INFO [WatashiwaWatashinoKotogaSuki#3]       StepMonitoring.java:98   | TEXTS
2026-05-25 00:14:40,068 WARN [WatashiwaWatashinoKotogaSuki#3]         TesseractOCR.java:341  | Language 'eng' is not supported
2026-05-25 00:14:40,068 INFO [WatashiwaWatashinoKotogaSuki#3]              OcrUtil.java:106  | Missing support for 'eng' language(s)
2026-05-25 00:14:40,069 INFO [WatashiwaWatashinoKotogaSuki#3]       StepMonitoring.java:98   | MEASURES
2026-05-25 00:14:40,070 INFO [WatashiwaWatashinoKotogaSuki#3]                 Page.java:307  | 20 raw measures: [4 in system#1, 4 in system#2, 4 in system#3, 4 in system#4, 4 in system#5]
2026-05-25 00:14:40,070 INFO [WatashiwaWatashinoKotogaSuki#3]       StepMonitoring.java:98   | CHORDS
2026-05-25 00:14:40,074 INFO [WatashiwaWatashinoKotogaSuki#3]       StepMonitoring.java:98   | CURVES
2026-05-25 00:14:40,381 INFO [WatashiwaWatashinoKotogaSuki#3]         SlursBuilder.java:240  | Slurs: 58
2026-05-25 00:14:40,391 INFO [WatashiwaWatashinoKotogaSuki#3]      SegmentsBuilder.java:155  | Segments: 51
2026-05-25 00:14:40,397 INFO [WatashiwaWatashinoKotogaSuki#3]       StepMonitoring.java:98   | SYMBOLS
2026-05-25 00:14:40,684 INFO [WatashiwaWatashinoKotogaSuki#3]       StepMonitoring.java:98   | LINKS
2026-05-25 00:14:40,686 INFO [WatashiwaWatashinoKotogaSuki#3]             KeyInter.java:1189 | No effective key before AlterInter#8408{(0.800) staff:1 NATURAL pitch:-5.0}
2026-05-25 00:14:40,686 INFO [WatashiwaWatashinoKotogaSuki#3]             KeyInter.java:1189 | No effective key before AlterInter#8409{(0.800) staff:1 NATURAL pitch:2.0}
2026-05-25 00:14:40,686 INFO [WatashiwaWatashinoKotogaSuki#3]             KeyInter.java:1189 | No effective key before AlterInter#8505{(0.800) staff:1 NATURAL pitch:-4.0}
2026-05-25 00:14:40,686 INFO [WatashiwaWatashinoKotogaSuki#3]             KeyInter.java:1189 | No effective key before AlterInter#8506{(0.800) staff:2 NATURAL pitch:5.0}
2026-05-25 00:14:40,692 INFO [WatashiwaWatashinoKotogaSuki#3]             KeyInter.java:1189 | No effective key before AlterInter#8574{(0.800) staff:3 NATURAL pitch:-5.0}
2026-05-25 00:14:40,692 INFO [WatashiwaWatashinoKotogaSuki#3]             KeyInter.java:1189 | No effective key before AlterInter#8575{(0.800) staff:4 NATURAL pitch:-3.0}
2026-05-25 00:14:40,693 INFO [WatashiwaWatashinoKotogaSuki#3]             KeyInter.java:1189 | No effective key before AlterInter#8586{(0.800) staff:4 NATURAL pitch:4.0}
2026-05-25 00:14:40,697 INFO [WatashiwaWatashinoKotogaSuki#3]             KeyInter.java:1189 | No effective key before AlterInter#8659{(0.800) staff:5 NATURAL pitch:-3.0}
2026-05-25 00:14:40,703 INFO [WatashiwaWatashinoKotogaSuki#3]             KeyInter.java:1189 | No effective key before AlterInter#8707{(0.800) staff:7 NATURAL pitch:-5.0}
2026-05-25 00:14:40,703 INFO [WatashiwaWatashinoKotogaSuki#3]             KeyInter.java:1189 | No effective key before AlterInter#8679{(0.800) staff:8 NATURAL pitch:-5.0}
2026-05-25 00:14:40,703 INFO [WatashiwaWatashinoKotogaSuki#3]             KeyInter.java:1189 | No effective key before AlterInter#8708{(0.800) staff:8 NATURAL pitch:-3.0}
2026-05-25 00:14:40,703 INFO [WatashiwaWatashinoKotogaSuki#3]             KeyInter.java:1189 | No effective key before AlterInter#8723{(0.800) staff:8 NATURAL pitch:4.0}
2026-05-25 00:14:40,709 INFO [WatashiwaWatashinoKotogaSuki#3]             KeyInter.java:1189 | No effective key before AlterInter#8786{(0.800) staff:10 NATURAL pitch:3.0}
2026-05-25 00:14:40,714 INFO [WatashiwaWatashinoKotogaSuki#3]       StepMonitoring.java:98   | RHYTHMS
2026-05-25 00:14:40,714 INFO [WatashiwaWatashinoKotogaSuki#3]           PageRhythm.java:199  | {Page#3.1} Time value reused from sheet#1
2026-05-25 00:14:40,730 INFO [WatashiwaWatashinoKotogaSuki#3]       StepMonitoring.java:98   | PAGE
2026-05-25 00:14:40,730 INFO [WatashiwaWatashinoKotogaSuki#3]       SheetReduction.java:154  | Gutter. Different glyphs 2/3 ArticulationInter#8534{(0.743/0.826) STACCATO} vs EndingInter#7855{(0.557/0.810) staff:5 ENDING}
2026-05-25 00:14:40,732 INFO [WatashiwaWatashinoKotogaSuki#3]       SheetReduction.java:154  | Gutter. Different glyphs 4/5 ArticulationInter#8681{(0.577/0.704) STACCATO} vs EndingInter#7856{(0.540/0.618) staff:9 ENDING}
2026-05-25 00:14:40,732 INFO [WatashiwaWatashinoKotogaSuki#3]                 Book.java:2584 | Book{WatashiwaWatashinoKotogaSuki} storing
2026-05-25 00:14:40,771 INFO [WatashiwaWatashinoKotogaSuki#3]                 Book.java:2565 | Stored /book.xml
2026-05-25 00:14:40,813 INFO [WatashiwaWatashinoKotogaSuki#3]           DataHolder.java:348  | Stored /sheet#3/BINARY.png
2026-05-25 00:14:41,158 INFO [WatashiwaWatashinoKotogaSuki#3]                Sheet.java:1583 | Stored /sheet#3/sheet#3.xml
2026-05-25 00:14:41,158 INFO [WatashiwaWatashinoKotogaSuki#3]                 Book.java:2525 | Book stored as D:\Program\Python\Piano\WatashiwaWatashinoKotogaSuki_Audiveris\WatashiwaWatashinoKotogaSuki.omr
2026-05-25 00:14:41,163 INFO [WatashiwaWatashinoKotogaSuki#3]            SheetStub.java:1655 | Sheet#3 disposed
2026-05-25 00:14:41,184 INFO [WatashiwaWatashinoKotogaSuki#3]                 Book.java:2050 | End of Stub#3
2026-05-25 00:14:41,184 INFO [WatashiwaWatashinoKotogaSuki#4]       StepMonitoring.java:98   | LOAD
2026-05-25 00:14:41,206 INFO [WatashiwaWatashinoKotogaSuki#4]            SheetStub.java:1278 | Loaded image #4 2479x3508 from D:\Program\Python\Piano\WatashiwaWatashinoKotogaSuki.pdf
2026-05-25 00:14:41,208 INFO [WatashiwaWatashinoKotogaSuki#4]       StepMonitoring.java:98   | BINARY
2026-05-25 00:14:41,434 INFO [WatashiwaWatashinoKotogaSuki#4]       StepMonitoring.java:98   | SCALE
2026-05-25 00:14:41,435 INFO [WatashiwaWatashinoKotogaSuki#4]         ScaleBuilder.java:255  | Beam  guessed height: 11 -- mid of [5..18]
2026-05-25 00:14:41,435 INFO [WatashiwaWatashinoKotogaSuki#4]         ScaleBuilder.java:271  | Beam measured height: 10 -- 0.38 of [5..18] range at 323% of needed quorum
2026-05-25 00:14:41,435 INFO [WatashiwaWatashinoKotogaSuki#4]         ScaleBuilder.java:401  | Normalized black jitter: 5.26 %
2026-05-25 00:14:41,437 INFO [WatashiwaWatashinoKotogaSuki#4]            ScaleStep.java:65   | Scale{ interline(19,19,20) line(2,2,3) beam(10)}
2026-05-25 00:14:41,437 INFO [WatashiwaWatashinoKotogaSuki#4]       StepMonitoring.java:98   | GRID
2026-05-25 00:14:41,487 INFO [WatashiwaWatashinoKotogaSuki#4]       LinesRetriever.java:1500 | Global slope: 0.00000
2026-05-25 00:14:41,493 INFO [WatashiwaWatashinoKotogaSuki#4]    ClustersRetriever.java:326  | Retrieved raw line clusters: 10 of sizes [5] with interline(19,19,20)
2026-05-25 00:14:41,526 INFO [WatashiwaWatashinoKotogaSuki#4]            PeakGraph.java:310  | Systems: #1[1, 2] #2[3, 4] #3[5, 6] #4[7, 8] #5[9, 10]
2026-05-25 00:14:41,606 INFO [WatashiwaWatashinoKotogaSuki#4]        SystemManager.java:779  | 1 part along 5 systems
2026-05-25 00:14:41,606 INFO [WatashiwaWatashinoKotogaSuki#4]       StepMonitoring.java:98   | HEADERS
2026-05-25 00:14:41,683 INFO [WatashiwaWatashinoKotogaSuki#4]       StepMonitoring.java:98   | STEM_SEEDS
2026-05-25 00:14:41,699 INFO [WatashiwaWatashinoKotogaSuki#4]        StemSeedsStep.java:86   | stem(2 max:3)
2026-05-25 00:14:41,704 INFO [WatashiwaWatashinoKotogaSuki#4]       StepMonitoring.java:98   | BEAMS
2026-05-25 00:14:43,527 INFO [WatashiwaWatashinoKotogaSuki#4]       StepMonitoring.java:98   | LEDGERS
2026-05-25 00:14:43,591 INFO [WatashiwaWatashinoKotogaSuki#4]       StepMonitoring.java:98   | HEADS
2026-05-25 00:14:46,791 INFO [WatashiwaWatashinoKotogaSuki#4]        HeadSeedTally.java:235  | Scale information: HeadSeeds{NOTEHEAD_BLACK[L:-0.6,R:-0.5]}
2026-05-25 00:14:46,792 INFO [WatashiwaWatashinoKotogaSuki#4]       StepMonitoring.java:98   | STEMS
2026-05-25 00:14:47,116 INFO [WatashiwaWatashinoKotogaSuki#4]       StepMonitoring.java:98   | REDUCTION
2026-05-25 00:14:47,188 INFO [WatashiwaWatashinoKotogaSuki#4]        ReductionStep.java:105  | Stems free length median value: 67 pixels, 3.5 interlines
2026-05-25 00:14:47,191 INFO [WatashiwaWatashinoKotogaSuki#4]       StepMonitoring.java:98   | CUE_BEAMS
2026-05-25 00:14:47,191 INFO [WatashiwaWatashinoKotogaSuki#4]         CueBeamsStep.java:81   | Step CUE_BEAMS is skipped because small heads switch is off
2026-05-25 00:14:47,191 INFO [WatashiwaWatashinoKotogaSuki#4]       StepMonitoring.java:98   | TEXTS
2026-05-25 00:14:47,250 WARN [WatashiwaWatashinoKotogaSuki#4]         TesseractOCR.java:341  | Language 'eng' is not supported
2026-05-25 00:14:47,250 INFO [WatashiwaWatashinoKotogaSuki#4]              OcrUtil.java:106  | Missing support for 'eng' language(s)
2026-05-25 00:14:47,251 INFO [WatashiwaWatashinoKotogaSuki#4]       StepMonitoring.java:98   | MEASURES
2026-05-25 00:14:47,252 INFO [WatashiwaWatashinoKotogaSuki#4]                 Page.java:307  | 20 raw measures: [4 in system#1, 4 in system#2, 4 in system#3, 4 in system#4, 4 in system#5]
2026-05-25 00:14:47,252 INFO [WatashiwaWatashinoKotogaSuki#4]       StepMonitoring.java:98   | CHORDS
2026-05-25 00:14:47,255 INFO [WatashiwaWatashinoKotogaSuki#4]       StepMonitoring.java:98   | CURVES
2026-05-25 00:14:47,534 INFO [WatashiwaWatashinoKotogaSuki#4]         SlursBuilder.java:240  | Slurs: 61
2026-05-25 00:14:47,540 INFO [WatashiwaWatashinoKotogaSuki#4]      SegmentsBuilder.java:155  | Segments: 40
2026-05-25 00:14:47,544 INFO [WatashiwaWatashinoKotogaSuki#4]       StepMonitoring.java:98   | SYMBOLS
2026-05-25 00:14:47,882 INFO [WatashiwaWatashinoKotogaSuki#4]       StepMonitoring.java:98   | LINKS
2026-05-25 00:14:47,884 INFO [WatashiwaWatashinoKotogaSuki#4]        SymbolsLinker.java:258  | No chord linked to OctaveShiftInter#8395{(0.236) staff:1 OTTAVA BASSA} at java.awt.Point[x=924,y=560]
2026-05-25 00:14:47,889 INFO [WatashiwaWatashinoKotogaSuki#4]             KeyInter.java:1189 | No effective key before AlterInter#8496{(0.800) staff:3 NATURAL pitch:0.0}
2026-05-25 00:14:47,895 INFO [WatashiwaWatashinoKotogaSuki#4]             KeyInter.java:1189 | No effective key before AlterInter#8611{(0.800) staff:5 NATURAL pitch:-2.0}
2026-05-25 00:14:47,895 INFO [WatashiwaWatashinoKotogaSuki#4]             KeyInter.java:1189 | No effective key before AlterInter#8621{(0.800) staff:5 NATURAL pitch:3.0}
2026-05-25 00:14:47,895 INFO [WatashiwaWatashinoKotogaSuki#4]             KeyInter.java:1189 | No effective key before AlterInter#8624{(0.800) staff:5 NATURAL pitch:-3.0}
2026-05-25 00:14:47,895 INFO [WatashiwaWatashinoKotogaSuki#4]             KeyInter.java:1189 | No effective key before AlterInter#8608{(0.800) staff:6 NATURAL pitch:-1.0}
2026-05-25 00:14:47,899 INFO [WatashiwaWatashinoKotogaSuki#4]             KeyInter.java:1189 | No effective key before AlterInter#8645{(0.800) staff:7 NATURAL pitch:3.0}
2026-05-25 00:14:47,901 INFO [WatashiwaWatashinoKotogaSuki#4]             KeyInter.java:1189 | No effective key before AlterInter#8644{(0.800) staff:8 NATURAL pitch:-2.0}
2026-05-25 00:14:47,911 INFO [WatashiwaWatashinoKotogaSuki#4]       StepMonitoring.java:98   | RHYTHMS
2026-05-25 00:14:47,911 INFO [WatashiwaWatashinoKotogaSuki#4]           PageRhythm.java:199  | {Page#4.1} Time value reused from sheet#1
2026-05-25 00:14:47,923 INFO [WatashiwaWatashinoKotogaSuki#4]       StepMonitoring.java:98   | PAGE
2026-05-25 00:14:47,925 INFO [WatashiwaWatashinoKotogaSuki#4]                 Book.java:2584 | Book{WatashiwaWatashinoKotogaSuki} storing
2026-05-25 00:14:47,964 INFO [WatashiwaWatashinoKotogaSuki#4]                 Book.java:2565 | Stored /book.xml
2026-05-25 00:14:48,004 INFO [WatashiwaWatashinoKotogaSuki#4]           DataHolder.java:348  | Stored /sheet#4/BINARY.png
2026-05-25 00:14:48,328 INFO [WatashiwaWatashinoKotogaSuki#4]                Sheet.java:1583 | Stored /sheet#4/sheet#4.xml
2026-05-25 00:14:48,329 INFO [WatashiwaWatashinoKotogaSuki#4]                 Book.java:2525 | Book stored as D:\Program\Python\Piano\WatashiwaWatashinoKotogaSuki_Audiveris\WatashiwaWatashinoKotogaSuki.omr
2026-05-25 00:14:48,332 INFO [WatashiwaWatashinoKotogaSuki#4]            SheetStub.java:1655 | Sheet#4 disposed
2026-05-25 00:14:48,355 INFO [WatashiwaWatashinoKotogaSuki#4]                 Book.java:2050 | End of Stub#4
2026-05-25 00:14:48,355 INFO [WatashiwaWatashinoKotogaSuki#5]       StepMonitoring.java:98   | LOAD
2026-05-25 00:14:48,455 INFO [WatashiwaWatashinoKotogaSuki#5]            SheetStub.java:1278 | Loaded image #5 2479x3508 from D:\Program\Python\Piano\WatashiwaWatashinoKotogaSuki.pdf
2026-05-25 00:14:48,455 INFO [WatashiwaWatashinoKotogaSuki#5]       StepMonitoring.java:98   | BINARY
2026-05-25 00:14:48,686 INFO [WatashiwaWatashinoKotogaSuki#5]       StepMonitoring.java:98   | SCALE
2026-05-25 00:14:48,688 INFO [WatashiwaWatashinoKotogaSuki#5]         ScaleBuilder.java:255  | Beam  guessed height: 11 -- mid of [5..18]
2026-05-25 00:14:48,689 INFO [WatashiwaWatashinoKotogaSuki#5]         ScaleBuilder.java:271  | Beam measured height: 10 -- 0.38 of [5..18] range at 312% of needed quorum
2026-05-25 00:14:48,689 INFO [WatashiwaWatashinoKotogaSuki#5]         ScaleBuilder.java:401  | Normalized black jitter: 5.26 %
2026-05-25 00:14:48,689 INFO [WatashiwaWatashinoKotogaSuki#5]            ScaleStep.java:65   | Scale{ interline(19,19,20) line(2,2,3) beam(10)}
2026-05-25 00:14:48,689 INFO [WatashiwaWatashinoKotogaSuki#5]       StepMonitoring.java:98   | GRID
2026-05-25 00:14:48,741 INFO [WatashiwaWatashinoKotogaSuki#5]       LinesRetriever.java:1500 | Global slope: 0.00000
2026-05-25 00:14:48,745 INFO [WatashiwaWatashinoKotogaSuki#5]    ClustersRetriever.java:326  | Retrieved raw line clusters: 10 of sizes [5] with interline(19,19,20)
2026-05-25 00:14:48,785 INFO [WatashiwaWatashinoKotogaSuki#5]            PeakGraph.java:310  | Systems: #1[1, 2] #2[3, 4] #3[5, 6] #4[7, 8] #5[9, 10]
2026-05-25 00:14:48,882 INFO [WatashiwaWatashinoKotogaSuki#5]        SystemManager.java:779  | 1 part along 5 systems
2026-05-25 00:14:48,882 INFO [WatashiwaWatashinoKotogaSuki#5]       StepMonitoring.java:98   | HEADERS
2026-05-25 00:14:48,963 INFO [WatashiwaWatashinoKotogaSuki#5]       StepMonitoring.java:98   | STEM_SEEDS
2026-05-25 00:14:48,979 INFO [WatashiwaWatashinoKotogaSuki#5]        StemSeedsStep.java:86   | stem(2 max:3)
2026-05-25 00:14:48,985 INFO [WatashiwaWatashinoKotogaSuki#5]       StepMonitoring.java:98   | BEAMS
2026-05-25 00:14:50,782 INFO [WatashiwaWatashinoKotogaSuki#5]       StepMonitoring.java:98   | LEDGERS
2026-05-25 00:14:50,859 INFO [WatashiwaWatashinoKotogaSuki#5]       StepMonitoring.java:98   | HEADS
2026-05-25 00:14:54,019 INFO [WatashiwaWatashinoKotogaSuki#5]        HeadSeedTally.java:235  | Scale information: HeadSeeds{NOTEHEAD_BLACK[L:-0.5,R:-0.5]}
2026-05-25 00:14:54,019 INFO [WatashiwaWatashinoKotogaSuki#5]       StepMonitoring.java:98   | STEMS
2026-05-25 00:14:54,329 INFO [WatashiwaWatashinoKotogaSuki#5]       StepMonitoring.java:98   | REDUCTION
2026-05-25 00:14:54,371 INFO [WatashiwaWatashinoKotogaSuki#5]        ReductionStep.java:105  | Stems free length median value: 65 pixels, 3.4 interlines
2026-05-25 00:14:54,372 INFO [WatashiwaWatashinoKotogaSuki#5]       StepMonitoring.java:98   | CUE_BEAMS
2026-05-25 00:14:54,372 INFO [WatashiwaWatashinoKotogaSuki#5]         CueBeamsStep.java:81   | Step CUE_BEAMS is skipped because small heads switch is off
2026-05-25 00:14:54,372 INFO [WatashiwaWatashinoKotogaSuki#5]       StepMonitoring.java:98   | TEXTS
2026-05-25 00:14:54,430 WARN [WatashiwaWatashinoKotogaSuki#5]         TesseractOCR.java:341  | Language 'eng' is not supported
2026-05-25 00:14:54,431 INFO [WatashiwaWatashinoKotogaSuki#5]              OcrUtil.java:106  | Missing support for 'eng' language(s)
2026-05-25 00:14:54,431 INFO [WatashiwaWatashinoKotogaSuki#5]       StepMonitoring.java:98   | MEASURES
2026-05-25 00:14:54,432 INFO [WatashiwaWatashinoKotogaSuki#5]                 Page.java:307  | 20 raw measures: [4 in system#1, 4 in system#2, 4 in system#3, 4 in system#4, 4 in system#5]
2026-05-25 00:14:54,432 INFO [WatashiwaWatashinoKotogaSuki#5]       StepMonitoring.java:98   | CHORDS
2026-05-25 00:14:54,436 INFO [WatashiwaWatashinoKotogaSuki#5]       StepMonitoring.java:98   | CURVES
2026-05-25 00:14:54,721 INFO [WatashiwaWatashinoKotogaSuki#5]         SlursBuilder.java:240  | Slurs: 24
2026-05-25 00:14:54,728 INFO [WatashiwaWatashinoKotogaSuki#5]      SegmentsBuilder.java:155  | Segments: 47
2026-05-25 00:14:54,732 INFO [WatashiwaWatashinoKotogaSuki#5]       StepMonitoring.java:98   | SYMBOLS
2026-05-25 00:14:55,100 INFO [WatashiwaWatashinoKotogaSuki#5]       StepMonitoring.java:98   | LINKS
2026-05-25 00:14:55,101 INFO [WatashiwaWatashinoKotogaSuki#5]             KeyInter.java:1189 | No effective key before AlterInter#8219{(0.800) staff:1 NATURAL pitch:-3.0}
2026-05-25 00:14:55,101 INFO [WatashiwaWatashinoKotogaSuki#5]             KeyInter.java:1189 | No effective key before AlterInter#8294{(0.800) staff:1 NATURAL pitch:-1.0}
2026-05-25 00:14:55,101 INFO [WatashiwaWatashinoKotogaSuki#5]             KeyInter.java:1189 | No effective key before AlterInter#8415{(0.800) staff:1 NATURAL pitch:2.0}
2026-05-25 00:14:55,101 INFO [WatashiwaWatashinoKotogaSuki#5]             KeyInter.java:1189 | No effective key before AlterInter#8417{(0.800) staff:2 NATURAL pitch:-3.0}
2026-05-25 00:14:55,104 INFO [WatashiwaWatashinoKotogaSuki#5]             KeyInter.java:1189 | No effective key before AlterInter#8517{(0.800) staff:3 NATURAL pitch:4.0}
2026-05-25 00:14:55,105 INFO [WatashiwaWatashinoKotogaSuki#5]             KeyInter.java:1189 | No effective key before AlterInter#8530{(0.800) staff:3 NATURAL pitch:-3.0}
2026-05-25 00:14:55,109 INFO [WatashiwaWatashinoKotogaSuki#5]             KeyInter.java:1189 | No effective key before AlterInter#8631{(0.216) staff:5 NATURAL pitch:-1.0}
2026-05-25 00:14:55,110 INFO [WatashiwaWatashinoKotogaSuki#5]             KeyInter.java:1189 | No effective key before AlterInter#8635{(0.800) staff:6 NATURAL pitch:-5.0}
2026-05-25 00:14:55,114 INFO [WatashiwaWatashinoKotogaSuki#5]             KeyInter.java:1189 | No effective key before AlterInter#8719{(0.800) staff:7 NATURAL pitch:-3.0}
2026-05-25 00:14:55,114 INFO [WatashiwaWatashinoKotogaSuki#5]             KeyInter.java:1189 | No effective key before AlterInter#8716{(0.800) staff:8 NATURAL pitch:-4.0}
2026-05-25 00:14:55,114 INFO [WatashiwaWatashinoKotogaSuki#5]             KeyInter.java:1189 | No effective key before AlterInter#8725{(0.800) staff:8 NATURAL pitch:-1.0}
2026-05-25 00:14:55,120 INFO [WatashiwaWatashinoKotogaSuki#5]             KeyInter.java:1189 | No effective key before AlterInter#8822{(0.800) staff:9 NATURAL pitch:-4.0}
2026-05-25 00:14:55,120 INFO [WatashiwaWatashinoKotogaSuki#5]             KeyInter.java:1189 | No effective key before AlterInter#8823{(0.800) staff:10 NATURAL pitch:5.0}
2026-05-25 00:14:55,124 INFO [WatashiwaWatashinoKotogaSuki#5]       StepMonitoring.java:98   | RHYTHMS
2026-05-25 00:14:55,125 INFO [WatashiwaWatashinoKotogaSuki#5]           PageRhythm.java:199  | {Page#5.1} Time value reused from sheet#1
2026-05-25 00:14:55,135 INFO [WatashiwaWatashinoKotogaSuki#5]                Voice.java:257  | Measure{#18} Voice{#1 excess:1/8} too long
2026-05-25 00:14:55,135 INFO [WatashiwaWatashinoKotogaSuki#5]                Voice.java:257  | Measure{#18} Voice{#5 excess:1/8} too long
2026-05-25 00:14:55,135 INFO [WatashiwaWatashinoKotogaSuki#5]                Voice.java:257  | Measure{#18} Voice{#7 excess:1/8} too long
2026-05-25 00:14:55,135 INFO [WatashiwaWatashinoKotogaSuki#5]          StackRhythm.java:224  | S5 MeasureStack#18 no correct rhythm
2026-05-25 00:14:55,137 INFO [WatashiwaWatashinoKotogaSuki#5]       StepMonitoring.java:98   | PAGE
2026-05-25 00:14:55,137 INFO [WatashiwaWatashinoKotogaSuki#5]                Voice.java:257  | Measure{#18} Voice{#1 excess:1/8} too long
2026-05-25 00:14:55,137 INFO [WatashiwaWatashinoKotogaSuki#5]                Voice.java:257  | Measure{#18} Voice{#5 excess:1/8} too long
2026-05-25 00:14:55,137 INFO [WatashiwaWatashinoKotogaSuki#5]                Voice.java:257  | Measure{#18} Voice{#7 excess:1/8} too long
2026-05-25 00:14:55,137 INFO [WatashiwaWatashinoKotogaSuki#5]                 Book.java:2584 | Book{WatashiwaWatashinoKotogaSuki} storing
2026-05-25 00:14:55,175 INFO [WatashiwaWatashinoKotogaSuki#5]                 Book.java:2565 | Stored /book.xml
2026-05-25 00:14:55,217 INFO [WatashiwaWatashinoKotogaSuki#5]           DataHolder.java:348  | Stored /sheet#5/BINARY.png
2026-05-25 00:14:55,514 INFO [WatashiwaWatashinoKotogaSuki#5]                Sheet.java:1583 | Stored /sheet#5/sheet#5.xml
2026-05-25 00:14:55,514 INFO [WatashiwaWatashinoKotogaSuki#5]                 Book.java:2525 | Book stored as D:\Program\Python\Piano\WatashiwaWatashinoKotogaSuki_Audiveris\WatashiwaWatashinoKotogaSuki.omr
2026-05-25 00:14:55,519 INFO [WatashiwaWatashinoKotogaSuki#5]            SheetStub.java:1655 | Sheet#5 disposed
2026-05-25 00:14:55,539 INFO [WatashiwaWatashinoKotogaSuki#5]                 Book.java:2050 | End of Stub#5
2026-05-25 00:14:55,539 INFO [WatashiwaWatashinoKotogaSuki#6]       StepMonitoring.java:98   | LOAD
2026-05-25 00:14:55,658 INFO [WatashiwaWatashinoKotogaSuki#6]            SheetStub.java:1278 | Loaded image #6 2479x3508 from D:\Program\Python\Piano\WatashiwaWatashinoKotogaSuki.pdf
2026-05-25 00:14:55,658 INFO [WatashiwaWatashinoKotogaSuki#6]       StepMonitoring.java:98   | BINARY
2026-05-25 00:14:55,887 INFO [WatashiwaWatashinoKotogaSuki#6]       StepMonitoring.java:98   | SCALE
2026-05-25 00:14:55,889 INFO [WatashiwaWatashinoKotogaSuki#6]         ScaleBuilder.java:255  | Beam  guessed height: 11 -- mid of [5..18]
2026-05-25 00:14:55,889 INFO [WatashiwaWatashinoKotogaSuki#6]         ScaleBuilder.java:271  | Beam measured height: 10 -- 0.38 of [5..18] range at 470% of needed quorum
2026-05-25 00:14:55,889 INFO [WatashiwaWatashinoKotogaSuki#6]         ScaleBuilder.java:401  | Normalized black jitter: 5.26 %
2026-05-25 00:14:55,889 INFO [WatashiwaWatashinoKotogaSuki#6]            ScaleStep.java:65   | Scale{ interline(19,19,20) line(2,2,3) beam(10)}
2026-05-25 00:14:55,889 INFO [WatashiwaWatashinoKotogaSuki#6]       StepMonitoring.java:98   | GRID
2026-05-25 00:14:55,950 INFO [WatashiwaWatashinoKotogaSuki#6]       LinesRetriever.java:1500 | Global slope: 0.00000
2026-05-25 00:14:55,954 INFO [WatashiwaWatashinoKotogaSuki#6]    ClustersRetriever.java:326  | Retrieved raw line clusters: 10 of sizes [5] with interline(19,19,20)
2026-05-25 00:14:55,991 INFO [WatashiwaWatashinoKotogaSuki#6]            PeakGraph.java:310  | Systems: #1[1, 2] #2[3, 4] #3[5, 6] #4[7, 8] #5[9, 10]
2026-05-25 00:14:56,073 INFO [WatashiwaWatashinoKotogaSuki#6]        SystemManager.java:779  | 1 part along 5 systems
2026-05-25 00:14:56,073 INFO [WatashiwaWatashinoKotogaSuki#6]       StepMonitoring.java:98   | HEADERS
2026-05-25 00:14:56,200 INFO [WatashiwaWatashinoKotogaSuki#6]       StepMonitoring.java:98   | STEM_SEEDS
2026-05-25 00:14:56,216 INFO [WatashiwaWatashinoKotogaSuki#6]        StemSeedsStep.java:86   | stem(2 max:3)
2026-05-25 00:14:56,221 INFO [WatashiwaWatashinoKotogaSuki#6]       StepMonitoring.java:98   | BEAMS
2026-05-25 00:14:58,100 INFO [WatashiwaWatashinoKotogaSuki#6]       StepMonitoring.java:98   | LEDGERS
2026-05-25 00:14:58,189 INFO [WatashiwaWatashinoKotogaSuki#6]       StepMonitoring.java:98   | HEADS
2026-05-25 00:15:01,426 INFO [WatashiwaWatashinoKotogaSuki#6]        HeadSeedTally.java:235  | Scale information: HeadSeeds{NOTEHEAD_BLACK[L:-0.5,R:-0.6]}
2026-05-25 00:15:01,426 INFO [WatashiwaWatashinoKotogaSuki#6]       StepMonitoring.java:98   | STEMS
2026-05-25 00:15:01,817 INFO [WatashiwaWatashinoKotogaSuki#6]       StepMonitoring.java:98   | REDUCTION
2026-05-25 00:15:01,876 INFO [WatashiwaWatashinoKotogaSuki#6]        ReductionStep.java:105  | Stems free length median value: 65 pixels, 3.4 interlines
2026-05-25 00:15:01,878 INFO [WatashiwaWatashinoKotogaSuki#6]       StepMonitoring.java:98   | CUE_BEAMS
2026-05-25 00:15:01,879 INFO [WatashiwaWatashinoKotogaSuki#6]         CueBeamsStep.java:81   | Step CUE_BEAMS is skipped because small heads switch is off
2026-05-25 00:15:01,879 INFO [WatashiwaWatashinoKotogaSuki#6]       StepMonitoring.java:98   | TEXTS
2026-05-25 00:15:01,936 WARN [WatashiwaWatashinoKotogaSuki#6]         TesseractOCR.java:341  | Language 'eng' is not supported
2026-05-25 00:15:01,937 INFO [WatashiwaWatashinoKotogaSuki#6]              OcrUtil.java:106  | Missing support for 'eng' language(s)
2026-05-25 00:15:01,938 INFO [WatashiwaWatashinoKotogaSuki#6]       StepMonitoring.java:98   | MEASURES
2026-05-25 00:15:01,938 INFO [WatashiwaWatashinoKotogaSuki#6]                 Page.java:307  | 20 raw measures: [4 in system#1, 4 in system#2, 4 in system#3, 4 in system#4, 4 in system#5]
2026-05-25 00:15:01,938 INFO [WatashiwaWatashinoKotogaSuki#6]       StepMonitoring.java:98   | CHORDS
2026-05-25 00:15:01,941 INFO [WatashiwaWatashinoKotogaSuki#6]       StepMonitoring.java:98   | CURVES
2026-05-25 00:15:02,209 INFO [WatashiwaWatashinoKotogaSuki#6]         SlursBuilder.java:240  | Slurs: 43
2026-05-25 00:15:02,217 INFO [WatashiwaWatashinoKotogaSuki#6]      SegmentsBuilder.java:155  | Segments: 30
2026-05-25 00:15:02,220 INFO [WatashiwaWatashinoKotogaSuki#6]       StepMonitoring.java:98   | SYMBOLS
2026-05-25 00:15:02,483 INFO [WatashiwaWatashinoKotogaSuki#6]       StepMonitoring.java:98   | LINKS
2026-05-25 00:15:02,489 INFO [WatashiwaWatashinoKotogaSuki#6]             KeyInter.java:1189 | No effective key before AlterInter#8822{(0.800) staff:3 NATURAL pitch:-3.0}
2026-05-25 00:15:02,489 INFO [WatashiwaWatashinoKotogaSuki#6]             KeyInter.java:1189 | No effective key before AlterInter#8864{(0.800) staff:3 NATURAL pitch:0.0}
2026-05-25 00:15:02,489 INFO [WatashiwaWatashinoKotogaSuki#6]             KeyInter.java:1189 | No effective key before AlterInter#8865{(0.800) staff:4 NATURAL pitch:-5.0}
2026-05-25 00:15:02,495 INFO [WatashiwaWatashinoKotogaSuki#6]             KeyInter.java:1189 | No effective key before AlterInter#8914{(0.800) staff:5 NATURAL pitch:-5.0}
2026-05-25 00:15:02,495 INFO [WatashiwaWatashinoKotogaSuki#6]             KeyInter.java:1189 | No effective key before AlterInter#8951{(0.800) staff:5 NATURAL pitch:-3.0}
2026-05-25 00:15:02,495 INFO [WatashiwaWatashinoKotogaSuki#6]             KeyInter.java:1189 | No effective key before AlterInter#8915{(0.800) staff:6 NATURAL pitch:-3.0}
2026-05-25 00:15:02,495 INFO [WatashiwaWatashinoKotogaSuki#6]             KeyInter.java:1189 | No effective key before AlterInter#8926{(0.800) staff:6 NATURAL pitch:4.0}
2026-05-25 00:15:02,501 INFO [WatashiwaWatashinoKotogaSuki#6]        SymbolsLinker.java:258  | No chord linked to OctaveShiftInter#8976{(0.465) staff:8 QUINDICESIMA BASSA} at java.awt.Point[x=209,y=2769]
2026-05-25 00:15:02,501 INFO [WatashiwaWatashinoKotogaSuki#6]        SymbolsLinker.java:258  | No chord linked to OctaveShiftInter#8980{(0.207) staff:8 QUINDICESIMA BASSA} at java.awt.Point[x=209,y=2769]
2026-05-25 00:15:02,501 INFO [WatashiwaWatashinoKotogaSuki#6]             KeyInter.java:1189 | No effective key before AlterInter#9010{(0.800) staff:8 NATURAL pitch:3.0}
2026-05-25 00:15:02,505 INFO [WatashiwaWatashinoKotogaSuki#6]        SymbolsLinker.java:258  | No chord linked to OctaveShiftInter#9027{(0.465) staff:9 QUINDICESIMA ALTA} at java.awt.Point[x=209,y=2769]
2026-05-25 00:15:02,506 INFO [WatashiwaWatashinoKotogaSuki#6]        SymbolsLinker.java:258  | No chord linked to OctaveShiftInter#9028{(0.207) staff:9 QUINDICESIMA ALTA} at java.awt.Point[x=209,y=2769]
2026-05-25 00:15:02,511 INFO [WatashiwaWatashinoKotogaSuki#6]       StepMonitoring.java:98   | RHYTHMS
2026-05-25 00:15:02,511 INFO [WatashiwaWatashinoKotogaSuki#6]           PageRhythm.java:199  | {Page#6.1} Time value reused from sheet#1
2026-05-25 00:15:02,524 INFO [WatashiwaWatashinoKotogaSuki#6]       StepMonitoring.java:98   | PAGE
2026-05-25 00:15:02,527 INFO [WatashiwaWatashinoKotogaSuki#6]                 Book.java:2584 | Book{WatashiwaWatashinoKotogaSuki} storing
2026-05-25 00:15:02,569 INFO [WatashiwaWatashinoKotogaSuki#6]                 Book.java:2565 | Stored /book.xml
2026-05-25 00:15:02,611 INFO [WatashiwaWatashinoKotogaSuki#6]           DataHolder.java:348  | Stored /sheet#6/BINARY.png
2026-05-25 00:15:02,947 INFO [WatashiwaWatashinoKotogaSuki#6]                Sheet.java:1583 | Stored /sheet#6/sheet#6.xml
2026-05-25 00:15:02,947 INFO [WatashiwaWatashinoKotogaSuki#6]                 Book.java:2525 | Book stored as D:\Program\Python\Piano\WatashiwaWatashinoKotogaSuki_Audiveris\WatashiwaWatashinoKotogaSuki.omr
2026-05-25 00:15:02,953 INFO [WatashiwaWatashinoKotogaSuki#6]            SheetStub.java:1655 | Sheet#6 disposed
2026-05-25 00:15:02,972 INFO [WatashiwaWatashinoKotogaSuki#6]                 Book.java:2050 | End of Stub#6
2026-05-25 00:15:02,972 INFO [WatashiwaWatashinoKotogaSuki#7]       StepMonitoring.java:98   | LOAD
2026-05-25 00:15:03,132 INFO [WatashiwaWatashinoKotogaSuki#7]            SheetStub.java:1278 | Loaded image #7 2479x3508 from D:\Program\Python\Piano\WatashiwaWatashinoKotogaSuki.pdf
2026-05-25 00:15:03,132 INFO [WatashiwaWatashinoKotogaSuki#7]       StepMonitoring.java:98   | BINARY
2026-05-25 00:15:03,366 INFO [WatashiwaWatashinoKotogaSuki#7]       StepMonitoring.java:98   | SCALE
2026-05-25 00:15:03,367 INFO [WatashiwaWatashinoKotogaSuki#7]         ScaleBuilder.java:255  | Beam  guessed height: 11 -- mid of [5..18]
2026-05-25 00:15:03,367 INFO [WatashiwaWatashinoKotogaSuki#7]         ScaleBuilder.java:271  | Beam measured height: 10 -- 0.38 of [5..18] range at 476% of needed quorum
2026-05-25 00:15:03,367 INFO [WatashiwaWatashinoKotogaSuki#7]         ScaleBuilder.java:401  | Normalized black jitter: 5.26 %
2026-05-25 00:15:03,367 INFO [WatashiwaWatashinoKotogaSuki#7]            ScaleStep.java:65   | Scale{ interline(19,19,20) line(2,2,3) beam(10)}
2026-05-25 00:15:03,367 INFO [WatashiwaWatashinoKotogaSuki#7]       StepMonitoring.java:98   | GRID
2026-05-25 00:15:03,427 INFO [WatashiwaWatashinoKotogaSuki#7]       LinesRetriever.java:1500 | Global slope: 0.00000
2026-05-25 00:15:03,431 INFO [WatashiwaWatashinoKotogaSuki#7]    ClustersRetriever.java:326  | Retrieved raw line clusters: 10 of sizes [5] with interline(19,19,20)
2026-05-25 00:15:03,469 INFO [WatashiwaWatashinoKotogaSuki#7]            PeakGraph.java:310  | Systems: #1[1, 2] #2[3, 4] #3[5, 6] #4[7, 8] #5[9, 10]
2026-05-25 00:15:03,546 INFO [WatashiwaWatashinoKotogaSuki#7]        SystemManager.java:779  | 1 part along 5 systems
2026-05-25 00:15:03,546 INFO [WatashiwaWatashinoKotogaSuki#7]       StepMonitoring.java:98   | HEADERS
2026-05-25 00:15:03,709 INFO [WatashiwaWatashinoKotogaSuki#7]       StepMonitoring.java:98   | STEM_SEEDS
2026-05-25 00:15:03,727 INFO [WatashiwaWatashinoKotogaSuki#7]        StemSeedsStep.java:86   | stem(2 max:3)
2026-05-25 00:15:03,733 INFO [WatashiwaWatashinoKotogaSuki#7]       StepMonitoring.java:98   | BEAMS
2026-05-25 00:15:05,612 INFO [WatashiwaWatashinoKotogaSuki#7]       StepMonitoring.java:98   | LEDGERS
2026-05-25 00:15:05,705 INFO [WatashiwaWatashinoKotogaSuki#7]       StepMonitoring.java:98   | HEADS
2026-05-25 00:15:09,289 INFO [WatashiwaWatashinoKotogaSuki#7]        HeadSeedTally.java:235  | Scale information: HeadSeeds{NOTEHEAD_BLACK[L:-0.5,R:-0.6]}
2026-05-25 00:15:09,289 INFO [WatashiwaWatashinoKotogaSuki#7]       StepMonitoring.java:98   | STEMS
2026-05-25 00:15:09,728 INFO [WatashiwaWatashinoKotogaSuki#7]       StepMonitoring.java:98   | REDUCTION
2026-05-25 00:15:09,779 INFO [WatashiwaWatashinoKotogaSuki#7]        ReductionStep.java:105  | Stems free length median value: 67 pixels, 3.5 interlines
2026-05-25 00:15:09,781 INFO [WatashiwaWatashinoKotogaSuki#7]       StepMonitoring.java:98   | CUE_BEAMS
2026-05-25 00:15:09,781 INFO [WatashiwaWatashinoKotogaSuki#7]         CueBeamsStep.java:81   | Step CUE_BEAMS is skipped because small heads switch is off
2026-05-25 00:15:09,781 INFO [WatashiwaWatashinoKotogaSuki#7]       StepMonitoring.java:98   | TEXTS
2026-05-25 00:15:09,845 WARN [WatashiwaWatashinoKotogaSuki#7]         TesseractOCR.java:341  | Language 'eng' is not supported
2026-05-25 00:15:09,845 INFO [WatashiwaWatashinoKotogaSuki#7]              OcrUtil.java:106  | Missing support for 'eng' language(s)
2026-05-25 00:15:09,845 INFO [WatashiwaWatashinoKotogaSuki#7]       StepMonitoring.java:98   | MEASURES
2026-05-25 00:15:09,846 INFO [WatashiwaWatashinoKotogaSuki#7]                 Page.java:307  | 20 raw measures: [4 in system#1, 4 in system#2, 4 in system#3, 4 in system#4, 4 in system#5]
2026-05-25 00:15:09,846 INFO [WatashiwaWatashinoKotogaSuki#7]       StepMonitoring.java:98   | CHORDS
2026-05-25 00:15:09,850 INFO [WatashiwaWatashinoKotogaSuki#7]       StepMonitoring.java:98   | CURVES
2026-05-25 00:15:10,145 INFO [WatashiwaWatashinoKotogaSuki#7]         SlursBuilder.java:240  | Slurs: 56
2026-05-25 00:15:10,156 INFO [WatashiwaWatashinoKotogaSuki#7]      SegmentsBuilder.java:155  | Segments: 54
2026-05-25 00:15:10,159 INFO [WatashiwaWatashinoKotogaSuki#7]       StepMonitoring.java:98   | SYMBOLS
2026-05-25 00:15:10,509 INFO [WatashiwaWatashinoKotogaSuki#7]       StepMonitoring.java:98   | LINKS
2026-05-25 00:15:10,512 INFO [WatashiwaWatashinoKotogaSuki#7]             KeyInter.java:1322 | Key built KeyInter#10318{(0.952) staff:1 KEY_FLAT_2 pitch:-1.5 fifths:-2}
2026-05-25 00:15:10,517 INFO [WatashiwaWatashinoKotogaSuki#7]        SymbolsLinker.java:258  | No chord linked to OctaveShiftInter#9922{(0.193) staff:4 QUINDICESIMA BASSA} at java.awt.Point[x=193,y=1564]
2026-05-25 00:15:10,517 INFO [WatashiwaWatashinoKotogaSuki#7]             KeyInter.java:1189 | No effective key before AlterInter#9961{(0.800) staff:3 NATURAL pitch:-3.0}
2026-05-25 00:15:10,517 INFO [WatashiwaWatashinoKotogaSuki#7]             KeyInter.java:1189 | No effective key before AlterInter#9962{(0.800) staff:4 NATURAL pitch:-1.0}
2026-05-25 00:15:10,524 INFO [WatashiwaWatashinoKotogaSuki#7]        SymbolsLinker.java:258  | No chord linked to OctaveShiftInter#10026{(0.193) staff:5 QUINDICESIMA ALTA} at java.awt.Point[x=193,y=1564]
2026-05-25 00:15:10,524 INFO [WatashiwaWatashinoKotogaSuki#7]        SymbolsLinker.java:258  | No chord linked to OctaveShiftInter#10036{(0.312) staff:6 QUINDICESIMA BASSA} at java.awt.Point[x=193,y=2157]
2026-05-25 00:15:10,525 INFO [WatashiwaWatashinoKotogaSuki#7]        SymbolsLinker.java:258  | No chord linked to OctaveShiftInter#10038{(0.138) staff:6 OTTAVA BASSA} at java.awt.Point[x=200,y=2157]
2026-05-25 00:15:10,525 INFO [WatashiwaWatashinoKotogaSuki#7]        SymbolsLinker.java:258  | No chord linked to OctaveShiftInter#10042{(0.139) staff:6 QUINDICESIMA BASSA} at java.awt.Point[x=192,y=2157]
2026-05-25 00:15:10,525 INFO [WatashiwaWatashinoKotogaSuki#7]        SymbolsLinker.java:258  | No chord linked to OctaveShiftInter#10046{(0.218) staff:6 QUINDICESIMA BASSA} at java.awt.Point[x=192,y=2157]
2026-05-25 00:15:10,529 INFO [WatashiwaWatashinoKotogaSuki#7]        SymbolsLinker.java:258  | No chord linked to OctaveShiftInter#10183{(0.312) staff:7 QUINDICESIMA ALTA} at java.awt.Point[x=193,y=2157]
2026-05-25 00:15:10,531 INFO [WatashiwaWatashinoKotogaSuki#7]        SymbolsLinker.java:258  | No chord linked to OctaveShiftInter#10184{(0.138) staff:7 OTTAVA ALTA} at java.awt.Point[x=200,y=2157]
2026-05-25 00:15:10,531 INFO [WatashiwaWatashinoKotogaSuki#7]        SymbolsLinker.java:258  | No chord linked to OctaveShiftInter#10186{(0.139) staff:7 QUINDICESIMA ALTA} at java.awt.Point[x=192,y=2157]
2026-05-25 00:15:10,531 INFO [WatashiwaWatashinoKotogaSuki#7]        SymbolsLinker.java:258  | No chord linked to OctaveShiftInter#10187{(0.218) staff:7 QUINDICESIMA ALTA} at java.awt.Point[x=192,y=2157]
2026-05-25 00:15:10,531 INFO [WatashiwaWatashinoKotogaSuki#7]        SymbolsLinker.java:258  | No chord linked to OctaveShiftInter#10210{(0.310) staff:8 QUINDICESIMA BASSA} at java.awt.Point[x=193,y=2790]
2026-05-25 00:15:10,531 INFO [WatashiwaWatashinoKotogaSuki#7]        SymbolsLinker.java:258  | No chord linked to OctaveShiftInter#10214{(0.327) staff:8 QUINDICESIMA BASSA} at java.awt.Point[x=193,y=2790]
2026-05-25 00:15:10,537 INFO [WatashiwaWatashinoKotogaSuki#7]        SymbolsLinker.java:258  | No chord linked to OctaveShiftInter#10287{(0.310) staff:9 QUINDICESIMA ALTA} at java.awt.Point[x=193,y=2790]
2026-05-25 00:15:10,537 INFO [WatashiwaWatashinoKotogaSuki#7]        SymbolsLinker.java:258  | No chord linked to OctaveShiftInter#10288{(0.327) staff:9 QUINDICESIMA ALTA} at java.awt.Point[x=193,y=2790]
2026-05-25 00:15:10,537 INFO [WatashiwaWatashinoKotogaSuki#7]             KeyInter.java:1189 | No effective key before AlterInter#10307{(0.800) staff:10 NATURAL pitch:1.0}
2026-05-25 00:15:10,543 INFO [WatashiwaWatashinoKotogaSuki#7]       StepMonitoring.java:98   | RHYTHMS
2026-05-25 00:15:10,545 INFO [WatashiwaWatashinoKotogaSuki#7]           PageRhythm.java:199  | {Page#7.1} Time value reused from sheet#1
2026-05-25 00:15:10,547 INFO [WatashiwaWatashinoKotogaSuki#7]                Voice.java:257  | Measure{#2} Voice{#6 excess:1/8} too long
2026-05-25 00:15:10,547 INFO [WatashiwaWatashinoKotogaSuki#7]          StackRhythm.java:224  | S1 MeasureStack#2 no correct rhythm
2026-05-25 00:15:10,559 INFO [WatashiwaWatashinoKotogaSuki#7]       StepMonitoring.java:98   | PAGE
2026-05-25 00:15:10,560 INFO [WatashiwaWatashinoKotogaSuki#7]                Voice.java:257  | Measure{#2} Voice{#6 excess:1/8} too long
2026-05-25 00:15:10,562 INFO [WatashiwaWatashinoKotogaSuki#7]                 Book.java:2584 | Book{WatashiwaWatashinoKotogaSuki} storing
2026-05-25 00:15:10,602 INFO [WatashiwaWatashinoKotogaSuki#7]                 Book.java:2565 | Stored /book.xml
2026-05-25 00:15:10,645 INFO [WatashiwaWatashinoKotogaSuki#7]           DataHolder.java:348  | Stored /sheet#7/BINARY.png
2026-05-25 00:15:11,034 INFO [WatashiwaWatashinoKotogaSuki#7]                Sheet.java:1583 | Stored /sheet#7/sheet#7.xml
2026-05-25 00:15:11,035 INFO [WatashiwaWatashinoKotogaSuki#7]                 Book.java:2525 | Book stored as D:\Program\Python\Piano\WatashiwaWatashinoKotogaSuki_Audiveris\WatashiwaWatashinoKotogaSuki.omr
2026-05-25 00:15:11,041 INFO [WatashiwaWatashinoKotogaSuki#7]            SheetStub.java:1655 | Sheet#7 disposed
2026-05-25 00:15:11,061 INFO [WatashiwaWatashinoKotogaSuki#7]                 Book.java:2050 | End of Stub#7
2026-05-25 00:15:11,061 INFO [WatashiwaWatashinoKotogaSuki#8]       StepMonitoring.java:98   | LOAD
2026-05-25 00:15:11,155 INFO [WatashiwaWatashinoKotogaSuki#8]            SheetStub.java:1278 | Loaded image #8 2479x3508 from D:\Program\Python\Piano\WatashiwaWatashinoKotogaSuki.pdf
2026-05-25 00:15:11,156 INFO [WatashiwaWatashinoKotogaSuki#8]       StepMonitoring.java:98   | BINARY
2026-05-25 00:15:11,392 INFO [WatashiwaWatashinoKotogaSuki#8]       StepMonitoring.java:98   | SCALE
2026-05-25 00:15:11,394 INFO [WatashiwaWatashinoKotogaSuki#8]         ScaleBuilder.java:255  | Beam  guessed height: 11 -- mid of [5..18]
2026-05-25 00:15:11,394 INFO [WatashiwaWatashinoKotogaSuki#8]         ScaleBuilder.java:271  | Beam measured height: 10 -- 0.38 of [5..18] range at 409% of needed quorum
2026-05-25 00:15:11,394 INFO [WatashiwaWatashinoKotogaSuki#8]         ScaleBuilder.java:401  | Normalized black jitter: 5.26 %
2026-05-25 00:15:11,394 INFO [WatashiwaWatashinoKotogaSuki#8]            ScaleStep.java:65   | Scale{ interline(19,19,20) line(2,2,3) beam(10)}
2026-05-25 00:15:11,394 INFO [WatashiwaWatashinoKotogaSuki#8]       StepMonitoring.java:98   | GRID
2026-05-25 00:15:11,441 INFO [WatashiwaWatashinoKotogaSuki#8]       LinesRetriever.java:1500 | Global slope: 0.00000
2026-05-25 00:15:11,447 INFO [WatashiwaWatashinoKotogaSuki#8]    ClustersRetriever.java:326  | Retrieved raw line clusters: 10 of sizes [5] with interline(19,19,20)
2026-05-25 00:15:11,475 INFO [WatashiwaWatashinoKotogaSuki#8]            PeakGraph.java:310  | Systems: #1[1, 2] #2[3, 4] #3[5, 6] #4[7, 8] #5[9, 10]
2026-05-25 00:15:11,548 INFO [WatashiwaWatashinoKotogaSuki#8]        SystemManager.java:779  | 1 part along 5 systems
2026-05-25 00:15:11,548 INFO [WatashiwaWatashinoKotogaSuki#8]       StepMonitoring.java:98   | HEADERS
2026-05-25 00:15:11,706 INFO [WatashiwaWatashinoKotogaSuki#8]       StepMonitoring.java:98   | STEM_SEEDS
2026-05-25 00:15:11,722 INFO [WatashiwaWatashinoKotogaSuki#8]        StemSeedsStep.java:86   | stem(2 max:3)
2026-05-25 00:15:11,727 INFO [WatashiwaWatashinoKotogaSuki#8]       StepMonitoring.java:98   | BEAMS
2026-05-25 00:15:13,549 INFO [WatashiwaWatashinoKotogaSuki#8]       StepMonitoring.java:98   | LEDGERS
2026-05-25 00:15:13,618 INFO [WatashiwaWatashinoKotogaSuki#8]       StepMonitoring.java:98   | HEADS
2026-05-25 00:15:16,738 INFO [WatashiwaWatashinoKotogaSuki#8]        HeadSeedTally.java:235  | Scale information: HeadSeeds{NOTEHEAD_BLACK[L:-0.5,R:-0.6]}
2026-05-25 00:15:16,739 INFO [WatashiwaWatashinoKotogaSuki#8]       StepMonitoring.java:98   | STEMS
2026-05-25 00:15:17,049 INFO [WatashiwaWatashinoKotogaSuki#8]       StepMonitoring.java:98   | REDUCTION
2026-05-25 00:15:17,104 INFO [WatashiwaWatashinoKotogaSuki#8]        ReductionStep.java:105  | Stems free length median value: 67 pixels, 3.5 interlines
2026-05-25 00:15:17,106 INFO [WatashiwaWatashinoKotogaSuki#8]       StepMonitoring.java:98   | CUE_BEAMS
2026-05-25 00:15:17,106 INFO [WatashiwaWatashinoKotogaSuki#8]         CueBeamsStep.java:81   | Step CUE_BEAMS is skipped because small heads switch is off
2026-05-25 00:15:17,106 INFO [WatashiwaWatashinoKotogaSuki#8]       StepMonitoring.java:98   | TEXTS
2026-05-25 00:15:17,164 WARN [WatashiwaWatashinoKotogaSuki#8]         TesseractOCR.java:341  | Language 'eng' is not supported
2026-05-25 00:15:17,166 INFO [WatashiwaWatashinoKotogaSuki#8]              OcrUtil.java:106  | Missing support for 'eng' language(s)
2026-05-25 00:15:17,166 INFO [WatashiwaWatashinoKotogaSuki#8]       StepMonitoring.java:98   | MEASURES
2026-05-25 00:15:17,168 INFO [WatashiwaWatashinoKotogaSuki#8]                 Page.java:307  | 17 raw measures: [3 in system#1, 3 in system#2, 3 in system#3, 4 in system#4, 4 in system#5]
2026-05-25 00:15:17,168 INFO [WatashiwaWatashinoKotogaSuki#8]       StepMonitoring.java:98   | CHORDS
2026-05-25 00:15:17,170 INFO [WatashiwaWatashinoKotogaSuki#8]       StepMonitoring.java:98   | CURVES
2026-05-25 00:15:17,444 INFO [WatashiwaWatashinoKotogaSuki#8]         SlursBuilder.java:240  | Slurs: 54
2026-05-25 00:15:17,453 INFO [WatashiwaWatashinoKotogaSuki#8]      SegmentsBuilder.java:155  | Segments: 35
2026-05-25 00:15:17,455 INFO [WatashiwaWatashinoKotogaSuki#8]       StepMonitoring.java:98   | SYMBOLS
2026-05-25 00:15:17,738 INFO [WatashiwaWatashinoKotogaSuki#8]       StepMonitoring.java:98   | LINKS
2026-05-25 00:15:17,739 INFO [WatashiwaWatashinoKotogaSuki#8]        SymbolsLinker.java:258  | No chord linked to OctaveShiftInter#7950{(0.608) staff:1 OTTAVA ALTA} at java.awt.Point[x=186,y=201]
2026-05-25 00:15:17,739 INFO [WatashiwaWatashinoKotogaSuki#8]        SymbolsLinker.java:258  | No chord linked to OctaveShiftInter#7988{(0.421) staff:1 QUINDICESIMA ALTA} at java.awt.Point[x=192,y=374]
2026-05-25 00:15:17,739 INFO [WatashiwaWatashinoKotogaSuki#8]             KeyInter.java:1189 | No effective key before AlterInter#8076{(0.800) staff:1 NATURAL pitch:4.0}
2026-05-25 00:15:17,739 INFO [WatashiwaWatashinoKotogaSuki#8]             KeyInter.java:1189 | No effective key before AlterInter#8092{(0.800) staff:1 NATURAL pitch:-3.0}
2026-05-25 00:15:17,749 INFO [WatashiwaWatashinoKotogaSuki#8]        SymbolsLinker.java:258  | No chord linked to OctaveShiftInter#8194{(0.223) staff:6 OTTAVA BASSA} at java.awt.Point[x=219,y=2150]
2026-05-25 00:15:17,750 INFO [WatashiwaWatashinoKotogaSuki#8]             KeyInter.java:1189 | No effective key before AlterInter#8197{(0.800) staff:5 NATURAL pitch:-3.0}
2026-05-25 00:15:17,750 INFO [WatashiwaWatashinoKotogaSuki#8]             KeyInter.java:1189 | No effective key before AlterInter#8199{(0.800) staff:5 NATURAL pitch:1.0}
2026-05-25 00:15:17,750 INFO [WatashiwaWatashinoKotogaSuki#8]             KeyInter.java:1189 | No effective key before AlterInter#8239{(0.800) staff:5 NATURAL pitch:-2.0}
2026-05-25 00:15:17,750 INFO [WatashiwaWatashinoKotogaSuki#8]             KeyInter.java:1189 | No effective key before AlterInter#8215{(0.800) staff:6 NATURAL pitch:-1.0}
2026-05-25 00:15:17,750 INFO [WatashiwaWatashinoKotogaSuki#8]             KeyInter.java:1189 | No effective key before AlterInter#8216{(0.800) staff:6 NATURAL pitch:-4.0}
2026-05-25 00:15:17,754 INFO [WatashiwaWatashinoKotogaSuki#8]        SymbolsLinker.java:258  | No chord linked to OctaveShiftInter#8282{(0.223) staff:7 OTTAVA ALTA} at java.awt.Point[x=219,y=2150]
2026-05-25 00:15:17,754 INFO [WatashiwaWatashinoKotogaSuki#8]        SymbolsLinker.java:258  | No chord linked to OctaveShiftInter#8284{(0.654) staff:8 QUINDICESIMA BASSA} at java.awt.Point[x=193,y=2745]
2026-05-25 00:15:17,755 INFO [WatashiwaWatashinoKotogaSuki#8]             KeyInter.java:1189 | No effective key before AlterInter#8324{(0.800) staff:8 NATURAL pitch:-5.0}
2026-05-25 00:15:17,759 INFO [WatashiwaWatashinoKotogaSuki#8]        SymbolsLinker.java:258  | No chord linked to OctaveShiftInter#8344{(0.654) staff:9 QUINDICESIMA ALTA} at java.awt.Point[x=193,y=2745]
2026-05-25 00:15:17,759 INFO [WatashiwaWatashinoKotogaSuki#8]        SymbolsLinker.java:258  | No chord linked to OctaveShiftInter#8364{(0.366) staff:9 OTTAVA BASSA} at java.awt.Point[x=1861,y=2930]
2026-05-25 00:15:17,763 INFO [WatashiwaWatashinoKotogaSuki#8]       StepMonitoring.java:98   | RHYTHMS
2026-05-25 00:15:17,763 INFO [WatashiwaWatashinoKotogaSuki#8]           PageRhythm.java:199  | {Page#8.1} Time value reused from sheet#1
2026-05-25 00:15:17,774 INFO [WatashiwaWatashinoKotogaSuki#8]       StepMonitoring.java:98   | PAGE
2026-05-25 00:15:17,774 INFO [WatashiwaWatashinoKotogaSuki#8]       SheetReduction.java:154  | Gutter. Different glyphs 1/2 ArticulationInter#8028{(0.609/0.761) STACCATO} vs EndingInter#7443{(0.592/0.832) staff:3 ENDING}
2026-05-25 00:15:17,776 INFO [WatashiwaWatashinoKotogaSuki#8]                 Book.java:2584 | Book{WatashiwaWatashinoKotogaSuki} storing
2026-05-25 00:15:17,811 INFO [WatashiwaWatashinoKotogaSuki#8]                 Book.java:2565 | Stored /book.xml
2026-05-25 00:15:17,852 INFO [WatashiwaWatashinoKotogaSuki#8]           DataHolder.java:348  | Stored /sheet#8/BINARY.png
2026-05-25 00:15:18,178 INFO [WatashiwaWatashinoKotogaSuki#8]                Sheet.java:1583 | Stored /sheet#8/sheet#8.xml
2026-05-25 00:15:18,178 INFO [WatashiwaWatashinoKotogaSuki#8]                 Book.java:2525 | Book stored as D:\Program\Python\Piano\WatashiwaWatashinoKotogaSuki_Audiveris\WatashiwaWatashinoKotogaSuki.omr
2026-05-25 00:15:18,182 INFO [WatashiwaWatashinoKotogaSuki#8]            SheetStub.java:1655 | Sheet#8 disposed
2026-05-25 00:15:18,200 INFO [WatashiwaWatashinoKotogaSuki#8]                 Book.java:2050 | End of Stub#8
2026-05-25 00:15:18,200 INFO [WatashiwaWatashinoKotogaSuki#9]       StepMonitoring.java:98   | LOAD
2026-05-25 00:15:18,220 INFO [WatashiwaWatashinoKotogaSuki#9]            SheetStub.java:1278 | Loaded image #9 2479x3508 from D:\Program\Python\Piano\WatashiwaWatashinoKotogaSuki.pdf
2026-05-25 00:15:18,220 INFO [WatashiwaWatashinoKotogaSuki#9]       StepMonitoring.java:98   | BINARY
2026-05-25 00:15:18,456 INFO [WatashiwaWatashinoKotogaSuki#9]       StepMonitoring.java:98   | SCALE
2026-05-25 00:15:18,458 INFO [WatashiwaWatashinoKotogaSuki#9]         ScaleBuilder.java:255  | Beam  guessed height: 11 -- mid of [5..18]
2026-05-25 00:15:18,458 INFO [WatashiwaWatashinoKotogaSuki#9]         ScaleBuilder.java:271  | Beam measured height: 10 -- 0.38 of [5..18] range at 441% of needed quorum
2026-05-25 00:15:18,458 INFO [WatashiwaWatashinoKotogaSuki#9]         ScaleBuilder.java:401  | Normalized black jitter: 10.53 %
2026-05-25 00:15:18,458 INFO [WatashiwaWatashinoKotogaSuki#9]            ScaleStep.java:65   | Scale{ interline(19,19,20) line(2,2,4) beam(10)}
2026-05-25 00:15:18,458 INFO [WatashiwaWatashinoKotogaSuki#9]       StepMonitoring.java:98   | GRID
2026-05-25 00:15:18,514 INFO [WatashiwaWatashinoKotogaSuki#9]       LinesRetriever.java:1500 | Global slope: 0.00000
2026-05-25 00:15:18,520 INFO [WatashiwaWatashinoKotogaSuki#9]    ClustersRetriever.java:326  | Retrieved raw line clusters: 10 of sizes [5] with interline(19,19,20)
2026-05-25 00:15:18,558 INFO [WatashiwaWatashinoKotogaSuki#9]            PeakGraph.java:310  | Systems: #1[1, 2] #2[3, 4] #3[5, 6] #4[7, 8] #5[9, 10]
2026-05-25 00:15:18,663 INFO [WatashiwaWatashinoKotogaSuki#9]        SystemManager.java:779  | 1 part along 5 systems
2026-05-25 00:15:18,663 INFO [WatashiwaWatashinoKotogaSuki#9]       StepMonitoring.java:98   | HEADERS
2026-05-25 00:15:18,822 INFO [WatashiwaWatashinoKotogaSuki#9]       StepMonitoring.java:98   | STEM_SEEDS
2026-05-25 00:15:18,838 INFO [WatashiwaWatashinoKotogaSuki#9]        StemSeedsStep.java:86   | stem(2 max:3)
2026-05-25 00:15:18,843 INFO [WatashiwaWatashinoKotogaSuki#9]       StepMonitoring.java:98   | BEAMS
2026-05-25 00:15:20,665 INFO [WatashiwaWatashinoKotogaSuki#9]       StepMonitoring.java:98   | LEDGERS
2026-05-25 00:15:20,743 INFO [WatashiwaWatashinoKotogaSuki#9]       StepMonitoring.java:98   | HEADS
2026-05-25 00:15:23,846 INFO [WatashiwaWatashinoKotogaSuki#9]        HeadSeedTally.java:235  | Scale information: HeadSeeds{NOTEHEAD_BLACK[L:-0.6,R:-0.6]}
2026-05-25 00:15:23,846 INFO [WatashiwaWatashinoKotogaSuki#9]       StepMonitoring.java:98   | STEMS
2026-05-25 00:15:24,148 INFO [WatashiwaWatashinoKotogaSuki#9]       StepMonitoring.java:98   | REDUCTION
2026-05-25 00:15:24,204 INFO [WatashiwaWatashinoKotogaSuki#9]        ReductionStep.java:105  | Stems free length median value: 67 pixels, 3.5 interlines
2026-05-25 00:15:24,206 INFO [WatashiwaWatashinoKotogaSuki#9]       StepMonitoring.java:98   | CUE_BEAMS
2026-05-25 00:15:24,206 INFO [WatashiwaWatashinoKotogaSuki#9]         CueBeamsStep.java:81   | Step CUE_BEAMS is skipped because small heads switch is off
2026-05-25 00:15:24,206 INFO [WatashiwaWatashinoKotogaSuki#9]       StepMonitoring.java:98   | TEXTS
2026-05-25 00:15:24,267 WARN [WatashiwaWatashinoKotogaSuki#9]         TesseractOCR.java:341  | Language 'eng' is not supported
2026-05-25 00:15:24,267 INFO [WatashiwaWatashinoKotogaSuki#9]              OcrUtil.java:106  | Missing support for 'eng' language(s)
2026-05-25 00:15:24,267 INFO [WatashiwaWatashinoKotogaSuki#9]       StepMonitoring.java:98   | MEASURES
2026-05-25 00:15:24,267 INFO [WatashiwaWatashinoKotogaSuki#9]                 Page.java:307  | 20 raw measures: [4 in system#1, 4 in system#2, 4 in system#3, 4 in system#4, 4 in system#5]
2026-05-25 00:15:24,267 INFO [WatashiwaWatashinoKotogaSuki#9]       StepMonitoring.java:98   | CHORDS
2026-05-25 00:15:24,271 INFO [WatashiwaWatashinoKotogaSuki#9]       StepMonitoring.java:98   | CURVES
2026-05-25 00:15:24,546 INFO [WatashiwaWatashinoKotogaSuki#9]         SlursBuilder.java:240  | Slurs: 60
2026-05-25 00:15:24,555 INFO [WatashiwaWatashinoKotogaSuki#9]      SegmentsBuilder.java:155  | Segments: 40
2026-05-25 00:15:24,558 INFO [WatashiwaWatashinoKotogaSuki#9]       StepMonitoring.java:98   | SYMBOLS
2026-05-25 00:15:24,829 INFO [WatashiwaWatashinoKotogaSuki#9]       StepMonitoring.java:98   | LINKS
2026-05-25 00:15:24,829 INFO [WatashiwaWatashinoKotogaSuki#9]        SymbolsLinker.java:258  | No chord linked to OctaveShiftInter#7916{(0.655) staff:1 QUINDICESIMA ALTA} at java.awt.Point[x=193,y=374]
2026-05-25 00:15:24,829 INFO [WatashiwaWatashinoKotogaSuki#9]        SymbolsLinker.java:258  | No chord linked to OctaveShiftInter#7918{(0.592) staff:1 QUINDICESIMA ALTA} at java.awt.Point[x=193,y=374]
2026-05-25 00:15:24,829 INFO [WatashiwaWatashinoKotogaSuki#9]        SymbolsLinker.java:258  | No chord linked to OctaveShiftInter#7923{(0.388) staff:2 QUINDICESIMA BASSA} at java.awt.Point[x=194,y=1017]
2026-05-25 00:15:24,829 INFO [WatashiwaWatashinoKotogaSuki#9]             KeyInter.java:1189 | No effective key before AlterInter#7971{(0.800) staff:1 NATURAL pitch:-4.0}
2026-05-25 00:15:24,829 INFO [WatashiwaWatashinoKotogaSuki#9]             KeyInter.java:1189 | No effective key before AlterInter#7967{(0.800) staff:2 NATURAL pitch:-4.0}
2026-05-25 00:15:24,831 INFO [WatashiwaWatashinoKotogaSuki#9]             KeyInter.java:1189 | No effective key before AlterInter#7972{(0.800) staff:2 NATURAL pitch:5.0}
2026-05-25 00:15:24,834 INFO [WatashiwaWatashinoKotogaSuki#9]        SymbolsLinker.java:258  | No chord linked to OctaveShiftInter#8058{(0.388) staff:3 QUINDICESIMA ALTA} at java.awt.Point[x=194,y=1017]
2026-05-25 00:15:24,834 INFO [WatashiwaWatashinoKotogaSuki#9]        SymbolsLinker.java:258  | No chord linked to OctaveShiftInter#8062{(0.388) staff:4 QUINDICESIMA BASSA} at java.awt.Point[x=194,y=1585]
2026-05-25 00:15:24,836 INFO [WatashiwaWatashinoKotogaSuki#9]        SymbolsLinker.java:258  | No chord linked to OctaveShiftInter#8097{(0.388) staff:5 QUINDICESIMA ALTA} at java.awt.Point[x=194,y=1585]
2026-05-25 00:15:24,836 INFO [WatashiwaWatashinoKotogaSuki#9]             KeyInter.java:1189 | No effective key before AlterInter#8150{(0.800) staff:5 NATURAL pitch:-3.0}
2026-05-25 00:15:24,838 INFO [WatashiwaWatashinoKotogaSuki#9]             KeyInter.java:1189 | No effective key before AlterInter#8173{(0.800) staff:6 NATURAL pitch:-5.0}
2026-05-25 00:15:24,843 INFO [WatashiwaWatashinoKotogaSuki#9]             KeyInter.java:1189 | No effective key before AlterInter#8257{(0.800) staff:7 NATURAL pitch:-2.0}
2026-05-25 00:15:24,848 INFO [WatashiwaWatashinoKotogaSuki#9]             KeyInter.java:1189 | No effective key before AlterInter#8272{(0.800) staff:10 NATURAL pitch:-4.0}
2026-05-25 00:15:24,848 INFO [WatashiwaWatashinoKotogaSuki#9]             KeyInter.java:1189 | No effective key before AlterInter#8276{(0.800) staff:10 NATURAL pitch:3.0}
2026-05-25 00:15:24,851 INFO [WatashiwaWatashinoKotogaSuki#9]       StepMonitoring.java:98   | RHYTHMS
2026-05-25 00:15:24,851 INFO [WatashiwaWatashinoKotogaSuki#9]           PageRhythm.java:199  | {Page#9.1} Time value reused from sheet#1
2026-05-25 00:15:24,853 INFO [WatashiwaWatashinoKotogaSuki#9]                Voice.java:257  | Measure{#2} Voice{#1 excess:1/8} too long
2026-05-25 00:15:24,853 INFO [WatashiwaWatashinoKotogaSuki#9]          StackRhythm.java:224  | S1 MeasureStack#2 no correct rhythm
2026-05-25 00:15:24,862 INFO [WatashiwaWatashinoKotogaSuki#9]       StepMonitoring.java:98   | PAGE
2026-05-25 00:15:24,863 INFO [WatashiwaWatashinoKotogaSuki#9]                Voice.java:257  | Measure{#2} Voice{#1 excess:1/8} too long
2026-05-25 00:15:24,863 INFO [WatashiwaWatashinoKotogaSuki#9]                 Book.java:2584 | Book{WatashiwaWatashinoKotogaSuki} storing
2026-05-25 00:15:24,899 INFO [WatashiwaWatashinoKotogaSuki#9]                 Book.java:2565 | Stored /book.xml
2026-05-25 00:15:24,941 INFO [WatashiwaWatashinoKotogaSuki#9]           DataHolder.java:348  | Stored /sheet#9/BINARY.png
2026-05-25 00:15:25,269 INFO [WatashiwaWatashinoKotogaSuki#9]                Sheet.java:1583 | Stored /sheet#9/sheet#9.xml
2026-05-25 00:15:25,269 INFO [WatashiwaWatashinoKotogaSuki#9]                 Book.java:2525 | Book stored as D:\Program\Python\Piano\WatashiwaWatashinoKotogaSuki_Audiveris\WatashiwaWatashinoKotogaSuki.omr
2026-05-25 00:15:25,276 INFO [WatashiwaWatashinoKotogaSuki#9]            SheetStub.java:1655 | Sheet#9 disposed
2026-05-25 00:15:25,292 INFO [WatashiwaWatashinoKotogaSuki#9]                 Book.java:2050 | End of Stub#9
2026-05-25 00:15:25,294 INFO [WatashiwaWatashinoKotogaSuki#10]       StepMonitoring.java:98   | LOAD
2026-05-25 00:15:25,440 INFO [WatashiwaWatashinoKotogaSuki#10]            SheetStub.java:1278 | Loaded image #10 2479x3508 from D:\Program\Python\Piano\WatashiwaWatashinoKotogaSuki.pdf
2026-05-25 00:15:25,440 INFO [WatashiwaWatashinoKotogaSuki#10]       StepMonitoring.java:98   | BINARY
2026-05-25 00:15:25,669 INFO [WatashiwaWatashinoKotogaSuki#10]       StepMonitoring.java:98   | SCALE
2026-05-25 00:15:25,670 INFO [WatashiwaWatashinoKotogaSuki#10]         ScaleBuilder.java:255  | Beam  guessed height: 11 -- mid of [5..18]
2026-05-25 00:15:25,670 INFO [WatashiwaWatashinoKotogaSuki#10]         ScaleBuilder.java:271  | Beam measured height: 10 -- 0.38 of [5..18] range at 338% of needed quorum
2026-05-25 00:15:25,670 INFO [WatashiwaWatashinoKotogaSuki#10]         ScaleBuilder.java:401  | Normalized black jitter: 5.26 %
2026-05-25 00:15:25,670 INFO [WatashiwaWatashinoKotogaSuki#10]            ScaleStep.java:65   | Scale{ interline(19,19,20) line(2,2,3) beam(10)}
2026-05-25 00:15:25,670 INFO [WatashiwaWatashinoKotogaSuki#10]       StepMonitoring.java:98   | GRID
2026-05-25 00:15:25,724 INFO [WatashiwaWatashinoKotogaSuki#10]       LinesRetriever.java:1500 | Global slope: 0.00000
2026-05-25 00:15:25,729 INFO [WatashiwaWatashinoKotogaSuki#10]    ClustersRetriever.java:326  | Retrieved raw line clusters: 10 of sizes [5] with interline(19,19,20)
2026-05-25 00:15:25,761 INFO [WatashiwaWatashinoKotogaSuki#10]            PeakGraph.java:310  | Systems: #1[1, 2] #2[3, 4] #3[5, 6] #4[7, 8] #5[9, 10]
2026-05-25 00:15:25,834 INFO [WatashiwaWatashinoKotogaSuki#10]        SystemManager.java:779  | 1 part along 5 systems
2026-05-25 00:15:25,834 INFO [WatashiwaWatashinoKotogaSuki#10]       StepMonitoring.java:98   | HEADERS
2026-05-25 00:15:25,971 INFO [WatashiwaWatashinoKotogaSuki#10]       StepMonitoring.java:98   | STEM_SEEDS
2026-05-25 00:15:25,988 INFO [WatashiwaWatashinoKotogaSuki#10]        StemSeedsStep.java:86   | stem(2 max:3)
2026-05-25 00:15:25,993 INFO [WatashiwaWatashinoKotogaSuki#10]       StepMonitoring.java:98   | BEAMS
2026-05-25 00:15:27,927 INFO [WatashiwaWatashinoKotogaSuki#10]       StepMonitoring.java:98   | LEDGERS
2026-05-25 00:15:28,014 INFO [WatashiwaWatashinoKotogaSuki#10]       StepMonitoring.java:98   | HEADS
2026-05-25 00:15:31,484 INFO [WatashiwaWatashinoKotogaSuki#10]        HeadSeedTally.java:235  | Scale information: HeadSeeds{NOTEHEAD_BLACK[L:-0.6,R:-0.5]}
2026-05-25 00:15:31,485 INFO [WatashiwaWatashinoKotogaSuki#10]       StepMonitoring.java:98   | STEMS
2026-05-25 00:15:31,953 INFO [WatashiwaWatashinoKotogaSuki#10]       StepMonitoring.java:98   | REDUCTION
2026-05-25 00:15:32,016 INFO [WatashiwaWatashinoKotogaSuki#10]        ReductionStep.java:105  | Stems free length median value: 68 pixels, 3.6 interlines
2026-05-25 00:15:32,019 INFO [WatashiwaWatashinoKotogaSuki#10]       StepMonitoring.java:98   | CUE_BEAMS
2026-05-25 00:15:32,019 INFO [WatashiwaWatashinoKotogaSuki#10]         CueBeamsStep.java:81   | Step CUE_BEAMS is skipped because small heads switch is off
2026-05-25 00:15:32,019 INFO [WatashiwaWatashinoKotogaSuki#10]       StepMonitoring.java:98   | TEXTS
2026-05-25 00:15:32,091 WARN [WatashiwaWatashinoKotogaSuki#10]         TesseractOCR.java:341  | Language 'eng' is not supported
2026-05-25 00:15:32,092 INFO [WatashiwaWatashinoKotogaSuki#10]              OcrUtil.java:106  | Missing support for 'eng' language(s)
2026-05-25 00:15:32,093 INFO [WatashiwaWatashinoKotogaSuki#10]       StepMonitoring.java:98   | MEASURES
2026-05-25 00:15:32,094 INFO [WatashiwaWatashinoKotogaSuki#10]                 Page.java:307  | 19 raw measures: [4 in system#1, 4 in system#2, 4 in system#3, 4 in system#4, 3 in system#5]
2026-05-25 00:15:32,094 INFO [WatashiwaWatashinoKotogaSuki#10]       StepMonitoring.java:98   | CHORDS
2026-05-25 00:15:32,098 INFO [WatashiwaWatashinoKotogaSuki#10]       StepMonitoring.java:98   | CURVES
2026-05-25 00:15:32,439 INFO [WatashiwaWatashinoKotogaSuki#10]         SlursBuilder.java:240  | Slurs: 92
2026-05-25 00:15:32,461 INFO [WatashiwaWatashinoKotogaSuki#10]      SegmentsBuilder.java:155  | Segments: 54
2026-05-25 00:15:32,464 INFO [WatashiwaWatashinoKotogaSuki#10]       StepMonitoring.java:98   | SYMBOLS
2026-05-25 00:15:32,794 INFO [WatashiwaWatashinoKotogaSuki#10]       StepMonitoring.java:98   | LINKS
2026-05-25 00:15:32,795 INFO [WatashiwaWatashinoKotogaSuki#10]             KeyInter.java:1189 | No effective key before AlterInter#9431{(0.630) staff:2 NATURAL pitch:-4.0}
2026-05-25 00:15:32,800 INFO [WatashiwaWatashinoKotogaSuki#10]        SymbolsLinker.java:258  | No chord linked to OctaveShiftInter#9464{(0.388) staff:4 QUINDICESIMA BASSA} at java.awt.Point[x=193,y=1665]
2026-05-25 00:15:32,800 INFO [WatashiwaWatashinoKotogaSuki#10]        SymbolsLinker.java:258  | No chord linked to OctaveShiftInter#9466{(0.243) staff:4 QUINDICESIMA BASSA} at java.awt.Point[x=194,y=1665]
2026-05-25 00:15:32,800 INFO [WatashiwaWatashinoKotogaSuki#10]        SymbolsLinker.java:258  | No chord linked to OctaveShiftInter#9473{(0.385) staff:4 OTTAVA BASSA} at java.awt.Point[x=201,y=1665]
2026-05-25 00:15:32,804 INFO [WatashiwaWatashinoKotogaSuki#10]             KeyInter.java:1189 | No effective key before AlterInter#9582{(0.800) staff:5 NATURAL pitch:-2.0}
2026-05-25 00:15:32,806 INFO [WatashiwaWatashinoKotogaSuki#10]             KeyInter.java:1189 | No effective key before AlterInter#9593{(0.800) staff:5 NATURAL pitch:-3.0}
2026-05-25 00:15:32,806 INFO [WatashiwaWatashinoKotogaSuki#10]             KeyInter.java:1189 | No effective key before AlterInter#9601{(0.800) staff:5 NATURAL pitch:3.0}
2026-05-25 00:15:32,806 INFO [WatashiwaWatashinoKotogaSuki#10]             KeyInter.java:1189 | No effective key before AlterInter#9603{(0.800) staff:5 NATURAL pitch:0.0}
2026-05-25 00:15:32,806 INFO [WatashiwaWatashinoKotogaSuki#10]             KeyInter.java:1189 | No effective key before AlterInter#9576{(0.800) staff:6 NATURAL pitch:-1.0}
2026-05-25 00:15:32,806 INFO [WatashiwaWatashinoKotogaSuki#10]             KeyInter.java:1189 | No effective key before AlterInter#9600{(0.800) staff:6 NATURAL pitch:-2.0}
2026-05-25 00:15:32,806 INFO [WatashiwaWatashinoKotogaSuki#10]             KeyInter.java:1189 | No effective key before AlterInter#9605{(0.800) staff:6 NATURAL pitch:-5.0}
2026-05-25 00:15:32,821 INFO [WatashiwaWatashinoKotogaSuki#10]             KeyInter.java:1189 | No effective key before AlterInter#9698{(0.800) staff:9 NATURAL pitch:-3.0}
2026-05-25 00:15:32,821 INFO [WatashiwaWatashinoKotogaSuki#10]             KeyInter.java:1189 | No effective key before AlterInter#9699{(0.800) staff:10 NATURAL pitch:0.0}
2026-05-25 00:15:32,828 INFO [WatashiwaWatashinoKotogaSuki#10]       StepMonitoring.java:98   | RHYTHMS
2026-05-25 00:15:32,829 INFO [WatashiwaWatashinoKotogaSuki#10]           PageRhythm.java:199  | {Page#10.1} Time value reused from sheet#1
2026-05-25 00:15:32,834 INFO [WatashiwaWatashinoKotogaSuki#10]                Voice.java:257  | Measure{#9} Voice{#5 excess:1/8} too long
2026-05-25 00:15:32,834 INFO [WatashiwaWatashinoKotogaSuki#10]                Voice.java:257  | Measure{#9} Voice{#2 excess:1/8} too long
2026-05-25 00:15:32,834 INFO [WatashiwaWatashinoKotogaSuki#10]          StackRhythm.java:224  | S3 MeasureStack#9 no correct rhythm
2026-05-25 00:15:32,841 INFO [WatashiwaWatashinoKotogaSuki#10]       StepMonitoring.java:98   | PAGE
2026-05-25 00:15:32,844 INFO [WatashiwaWatashinoKotogaSuki#10]                Voice.java:257  | Measure{#9} Voice{#2 excess:1/8} too long
2026-05-25 00:15:32,844 INFO [WatashiwaWatashinoKotogaSuki#10]                Voice.java:257  | Measure{#9} Voice{#5 excess:1/8} too long
2026-05-25 00:15:32,844 INFO [WatashiwaWatashinoKotogaSuki#10]                 Book.java:2584 | Book{WatashiwaWatashinoKotogaSuki} storing
2026-05-25 00:15:32,886 INFO [WatashiwaWatashinoKotogaSuki#10]                 Book.java:2565 | Stored /book.xml
2026-05-25 00:15:32,931 INFO [WatashiwaWatashinoKotogaSuki#10]           DataHolder.java:348  | Stored /sheet#10/BINARY.png
2026-05-25 00:15:33,357 INFO [WatashiwaWatashinoKotogaSuki#10]                Sheet.java:1583 | Stored /sheet#10/sheet#10.xml
2026-05-25 00:15:33,358 INFO [WatashiwaWatashinoKotogaSuki#10]                 Book.java:2525 | Book stored as D:\Program\Python\Piano\WatashiwaWatashinoKotogaSuki_Audiveris\WatashiwaWatashinoKotogaSuki.omr
2026-05-25 00:15:33,363 INFO [WatashiwaWatashinoKotogaSuki#10]            SheetStub.java:1655 | Sheet#10 disposed
2026-05-25 00:15:33,386 INFO [WatashiwaWatashinoKotogaSuki#10]                 Book.java:2050 | End of Stub#10
2026-05-25 00:15:33,386 INFO [WatashiwaWatashinoKotogaSuki#11]       StepMonitoring.java:98   | LOAD
2026-05-25 00:15:33,410 INFO [WatashiwaWatashinoKotogaSuki#11]            SheetStub.java:1278 | Loaded image #11 2479x3508 from D:\Program\Python\Piano\WatashiwaWatashinoKotogaSuki.pdf
2026-05-25 00:15:33,410 INFO [WatashiwaWatashinoKotogaSuki#11]       StepMonitoring.java:98   | BINARY
2026-05-25 00:15:33,641 INFO [WatashiwaWatashinoKotogaSuki#11]       StepMonitoring.java:98   | SCALE
2026-05-25 00:15:33,641 INFO [WatashiwaWatashinoKotogaSuki#11]         ScaleBuilder.java:255  | Beam  guessed height: 11 -- mid of [5..18]
2026-05-25 00:15:33,643 INFO [WatashiwaWatashinoKotogaSuki#11]         ScaleBuilder.java:271  | Beam measured height: 10 -- 0.38 of [5..18] range at 335% of needed quorum
2026-05-25 00:15:33,643 INFO [WatashiwaWatashinoKotogaSuki#11]         ScaleBuilder.java:401  | Normalized black jitter: 10.53 %
2026-05-25 00:15:33,643 INFO [WatashiwaWatashinoKotogaSuki#11]            ScaleStep.java:65   | Scale{ interline(19,19,20) line(2,2,4) beam(10)}
2026-05-25 00:15:33,643 INFO [WatashiwaWatashinoKotogaSuki#11]       StepMonitoring.java:98   | GRID
2026-05-25 00:15:33,659 INFO [WatashiwaWatashinoKotogaSuki#11]       LinesRetriever.java:1500 | Global slope: 0.00000
2026-05-25 00:15:33,661 INFO [WatashiwaWatashinoKotogaSuki#11]    ClustersRetriever.java:326  | Retrieved raw line clusters: 2 of sizes [5] with interline(19,19,20)
2026-05-25 00:15:33,663 INFO [WatashiwaWatashinoKotogaSuki#11]            PeakGraph.java:310  | Systems: #1[1, 2]
2026-05-25 00:15:33,707 INFO [WatashiwaWatashinoKotogaSuki#11]        SystemManager.java:779  | 1 part along 1 system
2026-05-25 00:15:33,707 INFO [WatashiwaWatashinoKotogaSuki#11]       StepMonitoring.java:98   | HEADERS
2026-05-25 00:15:33,739 INFO [WatashiwaWatashinoKotogaSuki#11]       StepMonitoring.java:98   | STEM_SEEDS
2026-05-25 00:15:33,753 INFO [WatashiwaWatashinoKotogaSuki#11]        StemSeedsStep.java:86   | stem(2 max:3)
2026-05-25 00:15:33,755 INFO [WatashiwaWatashinoKotogaSuki#11]       StepMonitoring.java:98   | BEAMS
2026-05-25 00:15:35,282 INFO [WatashiwaWatashinoKotogaSuki#11]       StepMonitoring.java:98   | LEDGERS
2026-05-25 00:15:35,301 INFO [WatashiwaWatashinoKotogaSuki#11]       StepMonitoring.java:98   | HEADS
2026-05-25 00:15:35,720 INFO [WatashiwaWatashinoKotogaSuki#11]        HeadSeedTally.java:235  | Scale information: HeadSeeds{NOTEHEAD_BLACK[L:-0.5,R:-0.5]}
2026-05-25 00:15:35,720 INFO [WatashiwaWatashinoKotogaSuki#11]       StepMonitoring.java:98   | STEMS
2026-05-25 00:15:35,748 INFO [WatashiwaWatashinoKotogaSuki#11]       StepMonitoring.java:98   | REDUCTION
2026-05-25 00:15:35,754 INFO [WatashiwaWatashinoKotogaSuki#11]        ReductionStep.java:105  | Stems free length median value: 145 pixels, 7.6 interlines
2026-05-25 00:15:35,755 INFO [WatashiwaWatashinoKotogaSuki#11]       StepMonitoring.java:98   | CUE_BEAMS
2026-05-25 00:15:35,755 INFO [WatashiwaWatashinoKotogaSuki#11]         CueBeamsStep.java:81   | Step CUE_BEAMS is skipped because small heads switch is off
2026-05-25 00:15:35,755 INFO [WatashiwaWatashinoKotogaSuki#11]       StepMonitoring.java:98   | TEXTS
2026-05-25 00:15:35,787 WARN [WatashiwaWatashinoKotogaSuki#11]         TesseractOCR.java:341  | Language 'eng' is not supported
2026-05-25 00:15:35,787 INFO [WatashiwaWatashinoKotogaSuki#11]              OcrUtil.java:106  | Missing support for 'eng' language(s)
2026-05-25 00:15:35,787 INFO [WatashiwaWatashinoKotogaSuki#11]       StepMonitoring.java:98   | MEASURES
2026-05-25 00:15:35,789 INFO [WatashiwaWatashinoKotogaSuki#11]                 Page.java:307  | 2 raw measures: [2 in system#1]
2026-05-25 00:15:35,789 INFO [WatashiwaWatashinoKotogaSuki#11]       StepMonitoring.java:98   | CHORDS
2026-05-25 00:15:35,789 INFO [WatashiwaWatashinoKotogaSuki#11]       StepMonitoring.java:98   | CURVES
2026-05-25 00:15:35,963 INFO [WatashiwaWatashinoKotogaSuki#11]         SlursBuilder.java:240  | Slurs: 13
2026-05-25 00:15:35,964 INFO [WatashiwaWatashinoKotogaSuki#11]      SegmentsBuilder.java:155  | Segments: 8
2026-05-25 00:15:35,964 INFO [WatashiwaWatashinoKotogaSuki#11]       StepMonitoring.java:98   | SYMBOLS
2026-05-25 00:15:36,080 INFO [WatashiwaWatashinoKotogaSuki#11]       StepMonitoring.java:98   | LINKS
2026-05-25 00:15:36,082 INFO [WatashiwaWatashinoKotogaSuki#11]             KeyInter.java:1189 | No effective key before AlterInter#902{(0.800) staff:1 NATURAL pitch:3.0}
2026-05-25 00:15:36,082 INFO [WatashiwaWatashinoKotogaSuki#11]             KeyInter.java:1189 | No effective key before AlterInter#941{(0.706) staff:1 NATURAL pitch:2.0}
2026-05-25 00:15:36,082 INFO [WatashiwaWatashinoKotogaSuki#11]             KeyInter.java:1189 | No effective key before AlterInter#901{(0.800) staff:2 NATURAL pitch:-2.0}
2026-05-25 00:15:36,086 INFO [WatashiwaWatashinoKotogaSuki#11]       StepMonitoring.java:98   | RHYTHMS
2026-05-25 00:15:36,086 INFO [WatashiwaWatashinoKotogaSuki#11]           PageRhythm.java:199  | {Page#11.1} Time value reused from sheet#1
2026-05-25 00:15:36,088 INFO [WatashiwaWatashinoKotogaSuki#11]       StepMonitoring.java:98   | PAGE
2026-05-25 00:15:36,088 INFO [WatashiwaWatashinoKotogaSuki#11]                 Book.java:2584 | Book{WatashiwaWatashinoKotogaSuki} storing
2026-05-25 00:15:36,114 INFO [WatashiwaWatashinoKotogaSuki#11]                 Book.java:2565 | Stored /book.xml
2026-05-25 00:15:36,149 INFO [WatashiwaWatashinoKotogaSuki#11]           DataHolder.java:348  | Stored /sheet#11/BINARY.png
2026-05-25 00:15:36,189 INFO [WatashiwaWatashinoKotogaSuki#11]                Sheet.java:1583 | Stored /sheet#11/sheet#11.xml
2026-05-25 00:15:36,189 INFO [WatashiwaWatashinoKotogaSuki#11]                 Book.java:2525 | Book stored as D:\Program\Python\Piano\WatashiwaWatashinoKotogaSuki_Audiveris\WatashiwaWatashinoKotogaSuki.omr
2026-05-25 00:15:36,196 INFO [WatashiwaWatashinoKotogaSuki#11]            SheetStub.java:1655 | Sheet#11 disposed
2026-05-25 00:15:36,214 INFO [WatashiwaWatashinoKotogaSuki#11]                 Book.java:2050 | End of Stub#11
2026-05-25 00:15:36,214 INFO [WatashiwaWatashinoKotogaSuki]                 Book.java:2057 | End of Book{WatashiwaWatashinoKotogaSuki}
2026-05-25 00:15:36,562 INFO [WatashiwaWatashinoKotogaSuki]            SheetStub.java:1000 | Loaded /sheet#1/sheet#1.xml
2026-05-25 00:15:36,728 INFO [WatashiwaWatashinoKotogaSuki]            SheetStub.java:1000 | Loaded /sheet#2/sheet#2.xml
2026-05-25 00:15:36,885 INFO [WatashiwaWatashinoKotogaSuki]            SheetStub.java:1000 | Loaded /sheet#3/sheet#3.xml
2026-05-25 00:15:37,038 INFO [WatashiwaWatashinoKotogaSuki]            SheetStub.java:1000 | Loaded /sheet#4/sheet#4.xml
2026-05-25 00:15:37,183 INFO [WatashiwaWatashinoKotogaSuki]            SheetStub.java:1000 | Loaded /sheet#5/sheet#5.xml
2026-05-25 00:15:37,343 INFO [WatashiwaWatashinoKotogaSuki]            SheetStub.java:1000 | Loaded /sheet#6/sheet#6.xml
2026-05-25 00:15:37,495 INFO [WatashiwaWatashinoKotogaSuki]            SheetStub.java:1000 | Loaded /sheet#7/sheet#7.xml
2026-05-25 00:15:37,611 INFO [WatashiwaWatashinoKotogaSuki]            SheetStub.java:1000 | Loaded /sheet#8/sheet#8.xml
2026-05-25 00:15:37,735 INFO [WatashiwaWatashinoKotogaSuki]            SheetStub.java:1000 | Loaded /sheet#9/sheet#9.xml
2026-05-25 00:15:37,865 INFO [WatashiwaWatashinoKotogaSuki]            SheetStub.java:1000 | Loaded /sheet#10/sheet#10.xml
2026-05-25 00:15:37,950 INFO [WatashiwaWatashinoKotogaSuki]            SheetStub.java:1000 | Loaded /sheet#11/sheet#11.xml
2026-05-25 00:15:38,150 INFO [WatashiwaWatashinoKotogaSuki]      PartwiseBuilder.java:2706 | Exporting sheet(s): [#1#2#3#4#5#6#7#8#9#10#11]
2026-05-25 00:15:38,401 INFO [WatashiwaWatashinoKotogaSuki]        ScoreExporter.java:164  | Score WatashiwaWatashinoKotogaSuki exported to D:\Program\Python\Piano\WatashiwaWatashinoKotogaSuki_Audiveris\WatashiwaWatashinoKotogaSuki.mxl
2026-05-25 00:15:38,473 INFO [WatashiwaWatashinoKotogaSuki]                Score.java:181  | Closing {Score 1}
