2026-05-25 00:05:30,930 INFO [WatashiwaWatashinoKotogaSuki]                 Book.java:560  | 11 sheets in D:\Program\Python\Piano\WatashiwaWatashinoKotogaSuki.pdf
2026-05-25 00:05:31,044 INFO []                 Book.java:2565 | Stored /book.xml
2026-05-25 00:05:31,044 INFO []                 Book.java:2525 | Book stored as D:\Program\Python\Piano\WatashiwaWatashinoKotogaSuki_Audiveris\WatashiwaWatashinoKotogaSuki.omr
2026-05-25 00:05:31,047 INFO []                 Book.java:1929 | Book reaching PAGE on sheets:[#1#2#3#4#5#6#7#8#9#10#11]
2026-05-25 00:05:31,048 INFO [WatashiwaWatashinoKotogaSuki#1]       StepMonitoring.java:98   | LOAD
2026-05-25 00:05:31,390 INFO [WatashiwaWatashinoKotogaSuki#1]            SheetStub.java:1278 | Loaded image #1 2479x3508 from D:\Program\Python\Piano\WatashiwaWatashinoKotogaSuki.pdf
2026-05-25 00:05:31,397 INFO [WatashiwaWatashinoKotogaSuki#1]       StepMonitoring.java:98   | BINARY
2026-05-25 00:05:31,667 INFO [WatashiwaWatashinoKotogaSuki#1]       StepMonitoring.java:98   | SCALE
2026-05-25 00:05:31,686 INFO [WatashiwaWatashinoKotogaSuki#1]         ScaleBuilder.java:255  | Beam  guessed height: 11 -- mid of [5..18]
2026-05-25 00:05:31,686 INFO [WatashiwaWatashinoKotogaSuki#1]         ScaleBuilder.java:271  | Beam measured height: 10 -- 0.38 of [5..18] range at 384% of needed quorum
2026-05-25 00:05:31,687 INFO [WatashiwaWatashinoKotogaSuki#1]         ScaleBuilder.java:401  | Normalized black jitter: 5.26 %
2026-05-25 00:05:31,687 INFO [WatashiwaWatashinoKotogaSuki#1]            ScaleStep.java:65   | Scale{ interline(19,19,20) line(2,2,3) beam(10)}
2026-05-25 00:05:31,687 INFO [WatashiwaWatashinoKotogaSuki#1]       StepMonitoring.java:98   | GRID
2026-05-25 00:05:31,972 INFO [WatashiwaWatashinoKotogaSuki#1]       LinesRetriever.java:1500 | Global slope: 0.00000
2026-05-25 00:05:32,010 INFO [WatashiwaWatashinoKotogaSuki#1]    ClustersRetriever.java:326  | Retrieved raw line clusters: 10 of sizes [5] with interline(19,19,20)
2026-05-25 00:05:32,142 INFO [WatashiwaWatashinoKotogaSuki#1]            PeakGraph.java:310  | Systems: #1[1, 2] #2[3, 4] #3[5, 6] #4[7, 8] #5[9, 10]
2026-05-25 00:05:32,303 INFO [WatashiwaWatashinoKotogaSuki#1]        SystemManager.java:134  | Indentation detected for system #1
2026-05-25 00:05:32,304 INFO [WatashiwaWatashinoKotogaSuki#1]        SystemManager.java:779  | 1 part along 5 systems
2026-05-25 00:05:32,305 INFO [WatashiwaWatashinoKotogaSuki#1]                 Book.java:543  | Created scores: [{Score 1}]
2026-05-25 00:05:32,305 INFO [WatashiwaWatashinoKotogaSuki#1]       StepMonitoring.java:98   | HEADERS
2026-05-25 00:05:32,895 INFO [WatashiwaWatashinoKotogaSuki#1]       StepMonitoring.java:98   | STEM_SEEDS
2026-05-25 00:05:32,925 INFO [WatashiwaWatashinoKotogaSuki#1]        StemSeedsStep.java:86   | stem(2 max:3)
2026-05-25 00:05:32,979 INFO [WatashiwaWatashinoKotogaSuki#1]       StepMonitoring.java:98   | BEAMS
2026-05-25 00:05:35,025 INFO [WatashiwaWatashinoKotogaSuki#1]       StepMonitoring.java:98   | LEDGERS
2026-05-25 00:05:35,207 INFO [WatashiwaWatashinoKotogaSuki#1]       StepMonitoring.java:98   | HEADS
2026-05-25 00:05:38,204 INFO [WatashiwaWatashinoKotogaSuki#1]        HeadSeedTally.java:235  | Scale information: HeadSeeds{NOTEHEAD_BLACK[L:-0.5,R:-0.6]}
2026-05-25 00:05:38,204 INFO [WatashiwaWatashinoKotogaSuki#1]       StepMonitoring.java:98   | STEMS
2026-05-25 00:05:38,679 INFO [WatashiwaWatashinoKotogaSuki#1]       StepMonitoring.java:98   | REDUCTION
2026-05-25 00:05:38,779 INFO [WatashiwaWatashinoKotogaSuki#1]        ReductionStep.java:105  | Stems free length median value: 68 pixels, 3.6 interlines
2026-05-25 00:05:38,783 INFO [WatashiwaWatashinoKotogaSuki#1]       StepMonitoring.java:98   | CUE_BEAMS
2026-05-25 00:05:38,783 INFO [WatashiwaWatashinoKotogaSuki#1]         CueBeamsStep.java:81   | Step CUE_BEAMS is skipped because small heads switch is off
2026-05-25 00:05:38,783 INFO [WatashiwaWatashinoKotogaSuki#1]       StepMonitoring.java:98   | TEXTS
2026-05-25 00:05:38,869 WARN [WatashiwaWatashinoKotogaSuki#1]         TesseractOCR.java:341  | Language 'eng' is not supported
2026-05-25 00:05:38,871 INFO [WatashiwaWatashinoKotogaSuki#1]              OcrUtil.java:106  | Missing support for 'eng' language(s)
2026-05-25 00:05:38,876 INFO [WatashiwaWatashinoKotogaSuki#1]       StepMonitoring.java:98   | MEASURES
2026-05-25 00:05:38,881 INFO [WatashiwaWatashinoKotogaSuki#1]                 Page.java:307  | 18 raw measures: [3 in system#1, 4 in system#2, 3 in system#3, 4 in system#4, 4 in system#5]
2026-05-25 00:05:38,881 INFO [WatashiwaWatashinoKotogaSuki#1]       StepMonitoring.java:98   | CHORDS
2026-05-25 00:05:38,893 INFO [WatashiwaWatashinoKotogaSuki#1]       StepMonitoring.java:98   | CURVES
2026-05-25 00:05:39,437 INFO [WatashiwaWatashinoKotogaSuki#1]         SlursBuilder.java:240  | Slurs: 47
2026-05-25 00:05:39,469 INFO [WatashiwaWatashinoKotogaSuki#1]      SegmentsBuilder.java:155  | Segments: 51
2026-05-25 00:05:39,483 INFO [WatashiwaWatashinoKotogaSuki#1]       StepMonitoring.java:98   | SYMBOLS
2026-05-25 00:05:40,000 INFO [WatashiwaWatashinoKotogaSuki#1]       StepMonitoring.java:98   | LINKS
2026-05-25 00:05:40,017 INFO [WatashiwaWatashinoKotogaSuki#1]             KeyInter.java:1189 | No effective key before AlterInter#8632{(0.800) staff:4 NATURAL pitch:2.0}
2026-05-25 00:05:40,026 INFO [WatashiwaWatashinoKotogaSuki#1]             KeyInter.java:1189 | No effective key before AlterInter#8695{(0.800) staff:5 NATURAL pitch:0.0}
2026-05-25 00:05:40,026 INFO [WatashiwaWatashinoKotogaSuki#1]             KeyInter.java:1189 | No effective key before AlterInter#8690{(0.800) staff:6 NATURAL pitch:-1.0}
2026-05-25 00:05:40,034 INFO [WatashiwaWatashinoKotogaSuki#1]        SymbolsLinker.java:258  | No chord linked to OctaveShiftInter#8746{(0.681) staff:8 QUINDICESIMA BASSA} at java.awt.Point[x=193,y=2738]
2026-05-25 00:05:40,034 INFO [WatashiwaWatashinoKotogaSuki#1]             KeyInter.java:1189 | No effective key before AlterInter#8854{(0.800) staff:7 NATURAL pitch:-2.0}
2026-05-25 00:05:40,035 INFO [WatashiwaWatashinoKotogaSuki#1]             KeyInter.java:1189 | No effective key before AlterInter#8851{(0.800) staff:8 NATURAL pitch:-1.0}
2026-05-25 00:05:40,045 INFO [WatashiwaWatashinoKotogaSuki#1]        SymbolsLinker.java:258  | No chord linked to OctaveShiftInter#8860{(0.681) staff:9 QUINDICESIMA ALTA} at java.awt.Point[x=193,y=2738]
2026-05-25 00:05:40,045 INFO [WatashiwaWatashinoKotogaSuki#1]             KeyInter.java:1189 | No effective key before AlterInter#8870{(0.800) staff:9 NATURAL pitch:3.0}
2026-05-25 00:05:40,045 INFO [WatashiwaWatashinoKotogaSuki#1]             KeyInter.java:1189 | No effective key before AlterInter#8873{(0.800) staff:9 NATURAL pitch:-3.0}
2026-05-25 00:05:40,045 INFO [WatashiwaWatashinoKotogaSuki#1]             KeyInter.java:1189 | No effective key before AlterInter#8880{(0.800) staff:9 NATURAL pitch:3.0}
2026-05-25 00:05:40,047 INFO [WatashiwaWatashinoKotogaSuki#1]             KeyInter.java:1189 | No effective key before AlterInter#8879{(0.800) staff:10 NATURAL pitch:-2.0}
2026-05-25 00:05:40,058 INFO [WatashiwaWatashinoKotogaSuki#1]       StepMonitoring.java:98   | RHYTHMS
2026-05-25 00:05:40,073 INFO [WatashiwaWatashinoKotogaSuki#1]        MeasureRhythm.java:1276 | Measure{#1} Time inconsistency in {1/4=[HeadChordInter#7460{(0.960/0.960) staff:1 slot#4 off:1/4 dur:1/8}], 7/24=[HeadChordInter#7483{(0.962/0.962) staff:2 slot#4 off:7/24 dur:1/8}]}
2026-05-25 00:05:40,108 INFO [WatashiwaWatashinoKotogaSuki#1]       StepMonitoring.java:98   | PAGE
2026-05-25 00:05:40,113 INFO [WatashiwaWatashinoKotogaSuki#1]                 Book.java:2584 | Book{WatashiwaWatashinoKotogaSuki} storing
2026-05-25 00:05:40,156 INFO [WatashiwaWatashinoKotogaSuki#1]                 Book.java:2565 | Stored /book.xml
2026-05-25 00:05:40,247 INFO [WatashiwaWatashinoKotogaSuki#1]           DataHolder.java:348  | Stored /sheet#1/BINARY.png
2026-05-25 00:05:40,743 INFO [WatashiwaWatashinoKotogaSuki#1]                Sheet.java:1583 | Stored /sheet#1/sheet#1.xml
2026-05-25 00:05:40,743 INFO [WatashiwaWatashinoKotogaSuki#1]                 Book.java:2525 | Book stored as D:\Program\Python\Piano\WatashiwaWatashinoKotogaSuki_Audiveris\WatashiwaWatashinoKotogaSuki.omr
2026-05-25 00:05:40,746 INFO [WatashiwaWatashinoKotogaSuki#1]            SheetStub.java:1655 | Sheet#1 disposed
2026-05-25 00:05:40,772 INFO [WatashiwaWatashinoKotogaSuki#1]                 Book.java:2050 | End of Stub#1
2026-05-25 00:05:40,773 INFO [WatashiwaWatashinoKotogaSuki#2]       StepMonitoring.java:98   | LOAD
2026-05-25 00:05:40,896 INFO [WatashiwaWatashinoKotogaSuki#2]            SheetStub.java:1278 | Loaded image #2 2479x3508 from D:\Program\Python\Piano\WatashiwaWatashinoKotogaSuki.pdf
2026-05-25 00:05:40,896 INFO [WatashiwaWatashinoKotogaSuki#2]       StepMonitoring.java:98   | BINARY
2026-05-25 00:05:41,121 INFO [WatashiwaWatashinoKotogaSuki#2]       StepMonitoring.java:98   | SCALE
2026-05-25 00:05:41,137 INFO [WatashiwaWatashinoKotogaSuki#2]         ScaleBuilder.java:255  | Beam  guessed height: 11 -- mid of [5..18]
2026-05-25 00:05:41,137 INFO [WatashiwaWatashinoKotogaSuki#2]         ScaleBuilder.java:271  | Beam measured height: 10 -- 0.38 of [5..18] range at 297% of needed quorum
2026-05-25 00:05:41,137 INFO [WatashiwaWatashinoKotogaSuki#2]         ScaleBuilder.java:401  | Normalized black jitter: 5.26 %
2026-05-25 00:05:41,137 INFO [WatashiwaWatashinoKotogaSuki#2]            ScaleStep.java:65   | Scale{ interline(19,19,20) line(2,2,3) beam(10)}
2026-05-25 00:05:41,137 INFO [WatashiwaWatashinoKotogaSuki#2]       StepMonitoring.java:98   | GRID
2026-05-25 00:05:41,223 INFO [WatashiwaWatashinoKotogaSuki#2]       LinesRetriever.java:1500 | Global slope: 0.00000
2026-05-25 00:05:41,232 INFO [WatashiwaWatashinoKotogaSuki#2]    ClustersRetriever.java:326  | Retrieved raw line clusters: 10 of sizes [5] with interline(19,19,20)
2026-05-25 00:05:41,313 INFO [WatashiwaWatashinoKotogaSuki#2]            PeakGraph.java:310  | Systems: #1[1, 2] #2[3, 4] #3[5, 6] #4[7, 8] #5[9, 10]
2026-05-25 00:05:41,387 INFO [WatashiwaWatashinoKotogaSuki#2]        SystemManager.java:779  | 1 part along 5 systems
2026-05-25 00:05:41,387 INFO [WatashiwaWatashinoKotogaSuki#2]       StepMonitoring.java:98   | HEADERS
2026-05-25 00:05:41,486 INFO [WatashiwaWatashinoKotogaSuki#2]       StepMonitoring.java:98   | STEM_SEEDS
2026-05-25 00:05:41,503 INFO [WatashiwaWatashinoKotogaSuki#2]        StemSeedsStep.java:86   | stem(2 max:3)
2026-05-25 00:05:41,508 INFO [WatashiwaWatashinoKotogaSuki#2]       StepMonitoring.java:98   | BEAMS
2026-05-25 00:05:43,281 INFO [WatashiwaWatashinoKotogaSuki#2]       StepMonitoring.java:98   | LEDGERS
2026-05-25 00:05:43,332 INFO [WatashiwaWatashinoKotogaSuki#2]       StepMonitoring.java:98   | HEADS
2026-05-25 00:05:46,488 INFO [WatashiwaWatashinoKotogaSuki#2]        HeadSeedTally.java:235  | Scale information: HeadSeeds{NOTEHEAD_BLACK[L:-0.5,R:-0.5]}
2026-05-25 00:05:46,488 INFO [WatashiwaWatashinoKotogaSuki#2]       StepMonitoring.java:98   | STEMS
2026-05-25 00:05:46,786 INFO [WatashiwaWatashinoKotogaSuki#2]       StepMonitoring.java:98   | REDUCTION
2026-05-25 00:05:46,849 INFO [WatashiwaWatashinoKotogaSuki#2]        ReductionStep.java:105  | Stems free length median value: 67 pixels, 3.5 interlines
2026-05-25 00:05:46,852 INFO [WatashiwaWatashinoKotogaSuki#2]       StepMonitoring.java:98   | CUE_BEAMS
2026-05-25 00:05:46,852 INFO [WatashiwaWatashinoKotogaSuki#2]         CueBeamsStep.java:81   | Step CUE_BEAMS is skipped because small heads switch is off
2026-05-25 00:05:46,852 INFO [WatashiwaWatashinoKotogaSuki#2]       StepMonitoring.java:98   | TEXTS
2026-05-25 00:05:46,915 WARN [WatashiwaWatashinoKotogaSuki#2]         TesseractOCR.java:341  | Language 'eng' is not supported
2026-05-25 00:05:46,915 INFO [WatashiwaWatashinoKotogaSuki#2]              OcrUtil.java:106  | Missing support for 'eng' language(s)
2026-05-25 00:05:46,916 INFO [WatashiwaWatashinoKotogaSuki#2]       StepMonitoring.java:98   | MEASURES
2026-05-25 00:05:46,917 INFO [WatashiwaWatashinoKotogaSuki#2]                 Page.java:307  | 20 raw measures: [4 in system#1, 4 in system#2, 4 in system#3, 4 in system#4, 4 in system#5]
2026-05-25 00:05:46,917 INFO [WatashiwaWatashinoKotogaSuki#2]       StepMonitoring.java:98   | CHORDS
2026-05-25 00:05:46,922 INFO [WatashiwaWatashinoKotogaSuki#2]       StepMonitoring.java:98   | CURVES
2026-05-25 00:05:47,215 INFO [WatashiwaWatashinoKotogaSuki#2]         SlursBuilder.java:240  | Slurs: 49
2026-05-25 00:05:47,222 INFO [WatashiwaWatashinoKotogaSuki#2]      SegmentsBuilder.java:155  | Segments: 60
2026-05-25 00:05:47,226 INFO [WatashiwaWatashinoKotogaSuki#2]       StepMonitoring.java:98   | SYMBOLS
2026-05-25 00:05:47,537 INFO [WatashiwaWatashinoKotogaSuki#2]       StepMonitoring.java:98   | LINKS
2026-05-25 00:05:47,544 INFO [WatashiwaWatashinoKotogaSuki#2]             KeyInter.java:1189 | No effective key before AlterInter#7952{(0.800) staff:3 NATURAL pitch:-3.0}
2026-05-25 00:05:47,544 INFO [WatashiwaWatashinoKotogaSuki#2]             KeyInter.java:1189 | No effective key before AlterInter#7953{(0.800) staff:3 NATURAL pitch:4.0}
2026-05-25 00:05:47,545 INFO [WatashiwaWatashinoKotogaSuki#2]             KeyInter.java:1189 | No effective key before AlterInter#7964{(0.800) staff:4 NATURAL pitch:2.0}
2026-05-25 00:05:47,552 INFO [WatashiwaWatashinoKotogaSuki#2]             KeyInter.java:1189 | No effective key before AlterInter#7989{(0.800) staff:5 NATURAL pitch:2.0}
2026-05-25 00:05:47,552 INFO [WatashiwaWatashinoKotogaSuki#2]             KeyInter.java:1189 | No effective key before AlterInter#8025{(0.800) staff:6 NATURAL pitch:-3.0}
2026-05-25 00:05:47,559 INFO [WatashiwaWatashinoKotogaSuki#2]             KeyInter.java:1189 | No effective key before AlterInter#8074{(0.800) staff:7 NATURAL pitch:4.0}
2026-05-25 00:05:47,559 INFO [WatashiwaWatashinoKotogaSuki#2]             KeyInter.java:1189 | No effective key before AlterInter#8088{(0.800) staff:7 NATURAL pitch:-3.0}
2026-05-25 00:05:47,567 INFO [WatashiwaWatashinoKotogaSuki#2]             KeyInter.java:1189 | No effective key before AlterInter#8166{(0.800) staff:9 NATURAL pitch:-2.0}
2026-05-25 00:05:47,567 INFO [WatashiwaWatashinoKotogaSuki#2]             KeyInter.java:1189 | No effective key before AlterInter#8167{(0.800) staff:10 NATURAL pitch:-1.0}
2026-05-25 00:05:47,574 INFO [WatashiwaWatashinoKotogaSuki#2]       StepMonitoring.java:98   | RHYTHMS
2026-05-25 00:05:47,574 INFO [WatashiwaWatashinoKotogaSuki#2]           PageRhythm.java:199  | {Page#2.1} Time value reused from sheet#1
2026-05-25 00:05:47,594 INFO [WatashiwaWatashinoKotogaSuki#2]       StepMonitoring.java:98   | PAGE
2026-05-25 00:05:47,595 INFO [WatashiwaWatashinoKotogaSuki#2]       SheetReduction.java:154  | Gutter. Different glyphs 4/5 ArticulationInter#8075{(0.542/0.696) ACCENT} vs EndingInter#7458{(0.490/0.766) staff:9 ENDING}
2026-05-25 00:05:47,595 INFO [WatashiwaWatashinoKotogaSuki#2]       SheetReduction.java:154  | Gutter. Different glyphs 4/5 ArticulationInter#8086{(0.577/0.727) STACCATO} vs EndingInter#7458{(0.490/0.766) staff:9 ENDING}
2026-05-25 00:05:47,597 INFO [WatashiwaWatashinoKotogaSuki#2]                 Book.java:2584 | Book{WatashiwaWatashinoKotogaSuki} storing
2026-05-25 00:05:47,632 INFO [WatashiwaWatashinoKotogaSuki#2]                 Book.java:2565 | Stored /book.xml
2026-05-25 00:05:47,676 INFO [WatashiwaWatashinoKotogaSuki#2]           DataHolder.java:348  | Stored /sheet#2/BINARY.png
2026-05-25 00:05:47,972 INFO [WatashiwaWatashinoKotogaSuki#2]                Sheet.java:1583 | Stored /sheet#2/sheet#2.xml
2026-05-25 00:05:47,972 INFO [WatashiwaWatashinoKotogaSuki#2]                 Book.java:2525 | Book stored as D:\Program\Python\Piano\WatashiwaWatashinoKotogaSuki_Audiveris\WatashiwaWatashinoKotogaSuki.omr
2026-05-25 00:05:47,978 INFO [WatashiwaWatashinoKotogaSuki#2]            SheetStub.java:1655 | Sheet#2 disposed
2026-05-25 00:05:47,997 INFO [WatashiwaWatashinoKotogaSuki#2]                 Book.java:2050 | End of Stub#2
2026-05-25 00:05:47,997 INFO [WatashiwaWatashinoKotogaSuki#3]       StepMonitoring.java:98   | LOAD
2026-05-25 00:05:48,145 INFO [WatashiwaWatashinoKotogaSuki#3]            SheetStub.java:1278 | Loaded image #3 2479x3508 from D:\Program\Python\Piano\WatashiwaWatashinoKotogaSuki.pdf
2026-05-25 00:05:48,145 INFO [WatashiwaWatashinoKotogaSuki#3]       StepMonitoring.java:98   | BINARY
2026-05-25 00:05:48,376 INFO [WatashiwaWatashinoKotogaSuki#3]       StepMonitoring.java:98   | SCALE
2026-05-25 00:05:48,378 INFO [WatashiwaWatashinoKotogaSuki#3]         ScaleBuilder.java:255  | Beam  guessed height: 11 -- mid of [5..18]
2026-05-25 00:05:48,378 INFO [WatashiwaWatashinoKotogaSuki#3]         ScaleBuilder.java:271  | Beam measured height: 10 -- 0.38 of [5..18] range at 401% of needed quorum
2026-05-25 00:05:48,378 INFO [WatashiwaWatashinoKotogaSuki#3]         ScaleBuilder.java:401  | Normalized black jitter: 5.26 %
2026-05-25 00:05:48,378 INFO [WatashiwaWatashinoKotogaSuki#3]            ScaleStep.java:65   | Scale{ interline(19,19,20) line(2,2,3) beam(10)}
2026-05-25 00:05:48,378 INFO [WatashiwaWatashinoKotogaSuki#3]       StepMonitoring.java:98   | GRID
2026-05-25 00:05:48,438 INFO [WatashiwaWatashinoKotogaSuki#3]       LinesRetriever.java:1500 | Global slope: 0.00000
2026-05-25 00:05:48,446 INFO [WatashiwaWatashinoKotogaSuki#3]    ClustersRetriever.java:326  | Retrieved raw line clusters: 10 of sizes [5] with interline(19,19,20)
2026-05-25 00:05:48,483 INFO [WatashiwaWatashinoKotogaSuki#3]            PeakGraph.java:310  | Systems: #1[1, 2] #2[3, 4] #3[5, 6] #4[7, 8] #5[9, 10]
2026-05-25 00:05:48,564 INFO [WatashiwaWatashinoKotogaSuki#3]        SystemManager.java:779  | 1 part along 5 systems
2026-05-25 00:05:48,565 INFO [WatashiwaWatashinoKotogaSuki#3]       StepMonitoring.java:98   | HEADERS
2026-05-25 00:05:48,629 INFO [WatashiwaWatashinoKotogaSuki#3]       StepMonitoring.java:98   | STEM_SEEDS
2026-05-25 00:05:48,647 INFO [WatashiwaWatashinoKotogaSuki#3]        StemSeedsStep.java:86   | stem(2 max:3)
2026-05-25 00:05:48,652 INFO [WatashiwaWatashinoKotogaSuki#3]       StepMonitoring.java:98   | BEAMS
2026-05-25 00:05:50,492 INFO [WatashiwaWatashinoKotogaSuki#3]       StepMonitoring.java:98   | LEDGERS
2026-05-25 00:05:50,571 INFO [WatashiwaWatashinoKotogaSuki#3]       StepMonitoring.java:98   | HEADS
2026-05-25 00:05:53,769 INFO [WatashiwaWatashinoKotogaSuki#3]        HeadSeedTally.java:235  | Scale information: HeadSeeds{NOTEHEAD_BLACK[L:-0.5,R:-0.6]}
2026-05-25 00:05:53,769 INFO [WatashiwaWatashinoKotogaSuki#3]       StepMonitoring.java:98   | STEMS
2026-05-25 00:05:54,132 INFO [WatashiwaWatashinoKotogaSuki#3]       StepMonitoring.java:98   | REDUCTION
2026-05-25 00:05:54,191 INFO [WatashiwaWatashinoKotogaSuki#3]        ReductionStep.java:105  | Stems free length median value: 62 pixels, 3.3 interlines
2026-05-25 00:05:54,193 INFO [WatashiwaWatashinoKotogaSuki#3]       StepMonitoring.java:98   | CUE_BEAMS
2026-05-25 00:05:54,194 INFO [WatashiwaWatashinoKotogaSuki#3]         CueBeamsStep.java:81   | Step CUE_BEAMS is skipped because small heads switch is off
2026-05-25 00:05:54,194 INFO [WatashiwaWatashinoKotogaSuki#3]       StepMonitoring.java:98   | TEXTS
2026-05-25 00:05:54,254 WARN [WatashiwaWatashinoKotogaSuki#3]         TesseractOCR.java:341  | Language 'eng' is not supported
2026-05-25 00:05:54,254 INFO [WatashiwaWatashinoKotogaSuki#3]              OcrUtil.java:106  | Missing support for 'eng' language(s)
2026-05-25 00:05:54,257 INFO [WatashiwaWatashinoKotogaSuki#3]       StepMonitoring.java:98   | MEASURES
2026-05-25 00:05:54,257 INFO [WatashiwaWatashinoKotogaSuki#3]                 Page.java:307  | 20 raw measures: [4 in system#1, 4 in system#2, 4 in system#3, 4 in system#4, 4 in system#5]
2026-05-25 00:05:54,257 INFO [WatashiwaWatashinoKotogaSuki#3]       StepMonitoring.java:98   | CHORDS
2026-05-25 00:05:54,260 INFO [WatashiwaWatashinoKotogaSuki#3]       StepMonitoring.java:98   | CURVES
2026-05-25 00:05:54,550 INFO [WatashiwaWatashinoKotogaSuki#3]         SlursBuilder.java:240  | Slurs: 58
2026-05-25 00:05:54,557 INFO [WatashiwaWatashinoKotogaSuki#3]      SegmentsBuilder.java:155  | Segments: 51
2026-05-25 00:05:54,563 INFO [WatashiwaWatashinoKotogaSuki#3]       StepMonitoring.java:98   | SYMBOLS
2026-05-25 00:05:54,830 INFO [WatashiwaWatashinoKotogaSuki#3]       StepMonitoring.java:98   | LINKS
2026-05-25 00:05:54,830 INFO [WatashiwaWatashinoKotogaSuki#3]             KeyInter.java:1189 | No effective key before AlterInter#8450{(0.800) staff:1 NATURAL pitch:-5.0}
2026-05-25 00:05:54,830 INFO [WatashiwaWatashinoKotogaSuki#3]             KeyInter.java:1189 | No effective key before AlterInter#8451{(0.800) staff:1 NATURAL pitch:2.0}
2026-05-25 00:05:54,830 INFO [WatashiwaWatashinoKotogaSuki#3]             KeyInter.java:1189 | No effective key before AlterInter#8547{(0.800) staff:1 NATURAL pitch:-4.0}
2026-05-25 00:05:54,830 INFO [WatashiwaWatashinoKotogaSuki#3]             KeyInter.java:1189 | No effective key before AlterInter#8548{(0.800) staff:2 NATURAL pitch:5.0}
2026-05-25 00:05:54,837 INFO [WatashiwaWatashinoKotogaSuki#3]             KeyInter.java:1189 | No effective key before AlterInter#8616{(0.800) staff:3 NATURAL pitch:-5.0}
2026-05-25 00:05:54,837 INFO [WatashiwaWatashinoKotogaSuki#3]             KeyInter.java:1189 | No effective key before AlterInter#8617{(0.800) staff:4 NATURAL pitch:-3.0}
2026-05-25 00:05:54,837 INFO [WatashiwaWatashinoKotogaSuki#3]             KeyInter.java:1189 | No effective key before AlterInter#8628{(0.800) staff:4 NATURAL pitch:4.0}
2026-05-25 00:05:54,842 INFO [WatashiwaWatashinoKotogaSuki#3]             KeyInter.java:1189 | No effective key before AlterInter#8701{(0.800) staff:5 NATURAL pitch:-3.0}
2026-05-25 00:05:54,848 INFO [WatashiwaWatashinoKotogaSuki#3]             KeyInter.java:1189 | No effective key before AlterInter#8749{(0.800) staff:7 NATURAL pitch:-5.0}
2026-05-25 00:05:54,848 INFO [WatashiwaWatashinoKotogaSuki#3]             KeyInter.java:1189 | No effective key before AlterInter#8721{(0.800) staff:8 NATURAL pitch:-5.0}
2026-05-25 00:05:54,848 INFO [WatashiwaWatashinoKotogaSuki#3]             KeyInter.java:1189 | No effective key before AlterInter#8750{(0.800) staff:8 NATURAL pitch:-3.0}
2026-05-25 00:05:54,848 INFO [WatashiwaWatashinoKotogaSuki#3]             KeyInter.java:1189 | No effective key before AlterInter#8765{(0.800) staff:8 NATURAL pitch:4.0}
2026-05-25 00:05:54,856 INFO [WatashiwaWatashinoKotogaSuki#3]             KeyInter.java:1189 | No effective key before AlterInter#8828{(0.800) staff:10 NATURAL pitch:3.0}
2026-05-25 00:05:54,862 INFO [WatashiwaWatashinoKotogaSuki#3]       StepMonitoring.java:98   | RHYTHMS
2026-05-25 00:05:54,862 INFO [WatashiwaWatashinoKotogaSuki#3]           PageRhythm.java:199  | {Page#3.1} Time value reused from sheet#1
2026-05-25 00:05:54,881 INFO [WatashiwaWatashinoKotogaSuki#3]       StepMonitoring.java:98   | PAGE
2026-05-25 00:05:54,882 INFO [WatashiwaWatashinoKotogaSuki#3]       SheetReduction.java:154  | Gutter. Different glyphs 2/3 ArticulationInter#8576{(0.743/0.826) STACCATO} vs EndingInter#7897{(0.557/0.810) staff:5 ENDING}
2026-05-25 00:05:54,882 INFO [WatashiwaWatashinoKotogaSuki#3]       SheetReduction.java:154  | Gutter. Different glyphs 4/5 ArticulationInter#8723{(0.577/0.704) STACCATO} vs EndingInter#7898{(0.540/0.618) staff:9 ENDING}
2026-05-25 00:05:54,884 INFO [WatashiwaWatashinoKotogaSuki#3]                 Book.java:2584 | Book{WatashiwaWatashinoKotogaSuki} storing
2026-05-25 00:05:54,924 INFO [WatashiwaWatashinoKotogaSuki#3]                 Book.java:2565 | Stored /book.xml
2026-05-25 00:05:54,965 INFO [WatashiwaWatashinoKotogaSuki#3]           DataHolder.java:348  | Stored /sheet#3/BINARY.png
2026-05-25 00:05:55,311 INFO [WatashiwaWatashinoKotogaSuki#3]                Sheet.java:1583 | Stored /sheet#3/sheet#3.xml
2026-05-25 00:05:55,311 INFO [WatashiwaWatashinoKotogaSuki#3]                 Book.java:2525 | Book stored as D:\Program\Python\Piano\WatashiwaWatashinoKotogaSuki_Audiveris\WatashiwaWatashinoKotogaSuki.omr
2026-05-25 00:05:55,315 INFO [WatashiwaWatashinoKotogaSuki#3]            SheetStub.java:1655 | Sheet#3 disposed
2026-05-25 00:05:55,333 INFO [WatashiwaWatashinoKotogaSuki#3]                 Book.java:2050 | End of Stub#3
2026-05-25 00:05:55,335 INFO [WatashiwaWatashinoKotogaSuki#4]       StepMonitoring.java:98   | LOAD
2026-05-25 00:05:55,356 INFO [WatashiwaWatashinoKotogaSuki#4]            SheetStub.java:1278 | Loaded image #4 2479x3508 from D:\Program\Python\Piano\WatashiwaWatashinoKotogaSuki.pdf
2026-05-25 00:05:55,357 INFO [WatashiwaWatashinoKotogaSuki#4]       StepMonitoring.java:98   | BINARY
2026-05-25 00:05:55,579 INFO [WatashiwaWatashinoKotogaSuki#4]       StepMonitoring.java:98   | SCALE
2026-05-25 00:05:55,582 INFO [WatashiwaWatashinoKotogaSuki#4]         ScaleBuilder.java:255  | Beam  guessed height: 11 -- mid of [5..18]
2026-05-25 00:05:55,582 INFO [WatashiwaWatashinoKotogaSuki#4]         ScaleBuilder.java:271  | Beam measured height: 10 -- 0.38 of [5..18] range at 323% of needed quorum
2026-05-25 00:05:55,582 INFO [WatashiwaWatashinoKotogaSuki#4]         ScaleBuilder.java:401  | Normalized black jitter: 5.26 %
2026-05-25 00:05:55,582 INFO [WatashiwaWatashinoKotogaSuki#4]            ScaleStep.java:65   | Scale{ interline(19,19,20) line(2,2,3) beam(10)}
2026-05-25 00:05:55,582 INFO [WatashiwaWatashinoKotogaSuki#4]       StepMonitoring.java:98   | GRID
2026-05-25 00:05:55,630 INFO [WatashiwaWatashinoKotogaSuki#4]       LinesRetriever.java:1500 | Global slope: 0.00000
2026-05-25 00:05:55,635 INFO [WatashiwaWatashinoKotogaSuki#4]    ClustersRetriever.java:326  | Retrieved raw line clusters: 10 of sizes [5] with interline(19,19,20)
2026-05-25 00:05:55,669 INFO [WatashiwaWatashinoKotogaSuki#4]            PeakGraph.java:310  | Systems: #1[1, 2] #2[3, 4] #3[5, 6] #4[7, 8] #5[9, 10]
2026-05-25 00:05:55,746 INFO [WatashiwaWatashinoKotogaSuki#4]        SystemManager.java:779  | 1 part along 5 systems
2026-05-25 00:05:55,747 INFO [WatashiwaWatashinoKotogaSuki#4]       StepMonitoring.java:98   | HEADERS
2026-05-25 00:05:55,819 INFO [WatashiwaWatashinoKotogaSuki#4]       StepMonitoring.java:98   | STEM_SEEDS
2026-05-25 00:05:55,834 INFO [WatashiwaWatashinoKotogaSuki#4]        StemSeedsStep.java:86   | stem(2 max:3)
2026-05-25 00:05:55,839 INFO [WatashiwaWatashinoKotogaSuki#4]       StepMonitoring.java:98   | BEAMS
2026-05-25 00:05:57,643 INFO [WatashiwaWatashinoKotogaSuki#4]       StepMonitoring.java:98   | LEDGERS
2026-05-25 00:05:57,700 INFO [WatashiwaWatashinoKotogaSuki#4]       StepMonitoring.java:98   | HEADS
2026-05-25 00:06:00,823 INFO [WatashiwaWatashinoKotogaSuki#4]        HeadSeedTally.java:235  | Scale information: HeadSeeds{NOTEHEAD_BLACK[L:-0.6,R:-0.5]}
2026-05-25 00:06:00,825 INFO [WatashiwaWatashinoKotogaSuki#4]       StepMonitoring.java:98   | STEMS
2026-05-25 00:06:01,174 INFO [WatashiwaWatashinoKotogaSuki#4]       StepMonitoring.java:98   | REDUCTION
2026-05-25 00:06:01,241 INFO [WatashiwaWatashinoKotogaSuki#4]        ReductionStep.java:105  | Stems free length median value: 67 pixels, 3.5 interlines
2026-05-25 00:06:01,244 INFO [WatashiwaWatashinoKotogaSuki#4]       StepMonitoring.java:98   | CUE_BEAMS
2026-05-25 00:06:01,244 INFO [WatashiwaWatashinoKotogaSuki#4]         CueBeamsStep.java:81   | Step CUE_BEAMS is skipped because small heads switch is off
2026-05-25 00:06:01,244 INFO [WatashiwaWatashinoKotogaSuki#4]       StepMonitoring.java:98   | TEXTS
2026-05-25 00:06:01,304 WARN [WatashiwaWatashinoKotogaSuki#4]         TesseractOCR.java:341  | Language 'eng' is not supported
2026-05-25 00:06:01,304 INFO [WatashiwaWatashinoKotogaSuki#4]              OcrUtil.java:106  | Missing support for 'eng' language(s)
2026-05-25 00:06:01,305 INFO [WatashiwaWatashinoKotogaSuki#4]       StepMonitoring.java:98   | MEASURES
2026-05-25 00:06:01,306 INFO [WatashiwaWatashinoKotogaSuki#4]                 Page.java:307  | 20 raw measures: [4 in system#1, 4 in system#2, 4 in system#3, 4 in system#4, 4 in system#5]
2026-05-25 00:06:01,306 INFO [WatashiwaWatashinoKotogaSuki#4]       StepMonitoring.java:98   | CHORDS
2026-05-25 00:06:01,309 INFO [WatashiwaWatashinoKotogaSuki#4]       StepMonitoring.java:98   | CURVES
2026-05-25 00:06:01,575 INFO [WatashiwaWatashinoKotogaSuki#4]         SlursBuilder.java:240  | Slurs: 61
2026-05-25 00:06:01,581 INFO [WatashiwaWatashinoKotogaSuki#4]      SegmentsBuilder.java:155  | Segments: 40
2026-05-25 00:06:01,584 INFO [WatashiwaWatashinoKotogaSuki#4]       StepMonitoring.java:98   | SYMBOLS
2026-05-25 00:06:01,845 INFO [WatashiwaWatashinoKotogaSuki#4]       StepMonitoring.java:98   | LINKS
2026-05-25 00:06:01,845 INFO [WatashiwaWatashinoKotogaSuki#4]        SymbolsLinker.java:258  | No chord linked to OctaveShiftInter#8472{(0.236) staff:1 OTTAVA BASSA} at java.awt.Point[x=924,y=560]
2026-05-25 00:06:01,850 INFO [WatashiwaWatashinoKotogaSuki#4]             KeyInter.java:1189 | No effective key before AlterInter#8573{(0.800) staff:3 NATURAL pitch:0.0}
2026-05-25 00:06:01,856 INFO [WatashiwaWatashinoKotogaSuki#4]             KeyInter.java:1189 | No effective key before AlterInter#8688{(0.800) staff:5 NATURAL pitch:-2.0}
2026-05-25 00:06:01,856 INFO [WatashiwaWatashinoKotogaSuki#4]             KeyInter.java:1189 | No effective key before AlterInter#8698{(0.800) staff:5 NATURAL pitch:3.0}
2026-05-25 00:06:01,856 INFO [WatashiwaWatashinoKotogaSuki#4]             KeyInter.java:1189 | No effective key before AlterInter#8701{(0.800) staff:5 NATURAL pitch:-3.0}
2026-05-25 00:06:01,856 INFO [WatashiwaWatashinoKotogaSuki#4]             KeyInter.java:1189 | No effective key before AlterInter#8685{(0.800) staff:6 NATURAL pitch:-1.0}
2026-05-25 00:06:01,862 INFO [WatashiwaWatashinoKotogaSuki#4]             KeyInter.java:1189 | No effective key before AlterInter#8722{(0.800) staff:7 NATURAL pitch:3.0}
2026-05-25 00:06:01,862 INFO [WatashiwaWatashinoKotogaSuki#4]             KeyInter.java:1189 | No effective key before AlterInter#8721{(0.800) staff:8 NATURAL pitch:-2.0}
2026-05-25 00:06:01,871 INFO [WatashiwaWatashinoKotogaSuki#4]       StepMonitoring.java:98   | RHYTHMS
2026-05-25 00:06:01,871 INFO [WatashiwaWatashinoKotogaSuki#4]           PageRhythm.java:199  | {Page#4.1} Time value reused from sheet#1
2026-05-25 00:06:01,883 INFO [WatashiwaWatashinoKotogaSuki#4]       StepMonitoring.java:98   | PAGE
2026-05-25 00:06:01,885 INFO [WatashiwaWatashinoKotogaSuki#4]                 Book.java:2584 | Book{WatashiwaWatashinoKotogaSuki} storing
2026-05-25 00:06:01,927 INFO [WatashiwaWatashinoKotogaSuki#4]                 Book.java:2565 | Stored /book.xml
2026-05-25 00:06:01,969 INFO [WatashiwaWatashinoKotogaSuki#4]           DataHolder.java:348  | Stored /sheet#4/BINARY.png
2026-05-25 00:06:02,270 INFO [WatashiwaWatashinoKotogaSuki#4]                Sheet.java:1583 | Stored /sheet#4/sheet#4.xml
2026-05-25 00:06:02,270 INFO [WatashiwaWatashinoKotogaSuki#4]                 Book.java:2525 | Book stored as D:\Program\Python\Piano\WatashiwaWatashinoKotogaSuki_Audiveris\WatashiwaWatashinoKotogaSuki.omr
2026-05-25 00:06:02,282 INFO [WatashiwaWatashinoKotogaSuki#4]            SheetStub.java:1655 | Sheet#4 disposed
2026-05-25 00:06:02,302 INFO [WatashiwaWatashinoKotogaSuki#4]                 Book.java:2050 | End of Stub#4
2026-05-25 00:06:02,302 INFO [WatashiwaWatashinoKotogaSuki#5]       StepMonitoring.java:98   | LOAD
2026-05-25 00:06:02,398 INFO [WatashiwaWatashinoKotogaSuki#5]            SheetStub.java:1278 | Loaded image #5 2479x3508 from D:\Program\Python\Piano\WatashiwaWatashinoKotogaSuki.pdf
2026-05-25 00:06:02,398 INFO [WatashiwaWatashinoKotogaSuki#5]       StepMonitoring.java:98   | BINARY
2026-05-25 00:06:02,637 INFO [WatashiwaWatashinoKotogaSuki#5]       StepMonitoring.java:98   | SCALE
2026-05-25 00:06:02,639 INFO [WatashiwaWatashinoKotogaSuki#5]         ScaleBuilder.java:255  | Beam  guessed height: 11 -- mid of [5..18]
2026-05-25 00:06:02,639 INFO [WatashiwaWatashinoKotogaSuki#5]         ScaleBuilder.java:271  | Beam measured height: 10 -- 0.38 of [5..18] range at 312% of needed quorum
2026-05-25 00:06:02,639 INFO [WatashiwaWatashinoKotogaSuki#5]         ScaleBuilder.java:401  | Normalized black jitter: 5.26 %
2026-05-25 00:06:02,639 INFO [WatashiwaWatashinoKotogaSuki#5]            ScaleStep.java:65   | Scale{ interline(19,19,20) line(2,2,3) beam(10)}
2026-05-25 00:06:02,639 INFO [WatashiwaWatashinoKotogaSuki#5]       StepMonitoring.java:98   | GRID
2026-05-25 00:06:02,687 INFO [WatashiwaWatashinoKotogaSuki#5]       LinesRetriever.java:1500 | Global slope: 0.00000
2026-05-25 00:06:02,693 INFO [WatashiwaWatashinoKotogaSuki#5]    ClustersRetriever.java:326  | Retrieved raw line clusters: 10 of sizes [5] with interline(19,19,20)
2026-05-25 00:06:02,725 INFO [WatashiwaWatashinoKotogaSuki#5]            PeakGraph.java:310  | Systems: #1[1, 2] #2[3, 4] #3[5, 6] #4[7, 8] #5[9, 10]
2026-05-25 00:06:02,804 INFO [WatashiwaWatashinoKotogaSuki#5]        SystemManager.java:779  | 1 part along 5 systems
2026-05-25 00:06:02,805 INFO [WatashiwaWatashinoKotogaSuki#5]       StepMonitoring.java:98   | HEADERS
2026-05-25 00:06:02,877 INFO [WatashiwaWatashinoKotogaSuki#5]       StepMonitoring.java:98   | STEM_SEEDS
2026-05-25 00:06:02,894 INFO [WatashiwaWatashinoKotogaSuki#5]        StemSeedsStep.java:86   | stem(2 max:3)
2026-05-25 00:06:02,898 INFO [WatashiwaWatashinoKotogaSuki#5]       StepMonitoring.java:98   | BEAMS
2026-05-25 00:06:04,669 INFO [WatashiwaWatashinoKotogaSuki#5]       StepMonitoring.java:98   | LEDGERS
2026-05-25 00:06:04,737 INFO [WatashiwaWatashinoKotogaSuki#5]       StepMonitoring.java:98   | HEADS
2026-05-25 00:06:07,841 INFO [WatashiwaWatashinoKotogaSuki#5]        HeadSeedTally.java:235  | Scale information: HeadSeeds{NOTEHEAD_BLACK[L:-0.5,R:-0.5]}
2026-05-25 00:06:07,842 INFO [WatashiwaWatashinoKotogaSuki#5]       StepMonitoring.java:98   | STEMS
2026-05-25 00:06:08,153 INFO [WatashiwaWatashinoKotogaSuki#5]       StepMonitoring.java:98   | REDUCTION
2026-05-25 00:06:08,197 INFO [WatashiwaWatashinoKotogaSuki#5]        ReductionStep.java:105  | Stems free length median value: 65 pixels, 3.4 interlines
2026-05-25 00:06:08,199 INFO [WatashiwaWatashinoKotogaSuki#5]       StepMonitoring.java:98   | CUE_BEAMS
2026-05-25 00:06:08,199 INFO [WatashiwaWatashinoKotogaSuki#5]         CueBeamsStep.java:81   | Step CUE_BEAMS is skipped because small heads switch is off
2026-05-25 00:06:08,199 INFO [WatashiwaWatashinoKotogaSuki#5]       StepMonitoring.java:98   | TEXTS
2026-05-25 00:06:08,257 WARN [WatashiwaWatashinoKotogaSuki#5]         TesseractOCR.java:341  | Language 'eng' is not supported
2026-05-25 00:06:08,257 INFO [WatashiwaWatashinoKotogaSuki#5]              OcrUtil.java:106  | Missing support for 'eng' language(s)
2026-05-25 00:06:08,257 INFO [WatashiwaWatashinoKotogaSuki#5]       StepMonitoring.java:98   | MEASURES
2026-05-25 00:06:08,258 INFO [WatashiwaWatashinoKotogaSuki#5]                 Page.java:307  | 20 raw measures: [4 in system#1, 4 in system#2, 4 in system#3, 4 in system#4, 4 in system#5]
2026-05-25 00:06:08,258 INFO [WatashiwaWatashinoKotogaSuki#5]       StepMonitoring.java:98   | CHORDS
2026-05-25 00:06:08,262 INFO [WatashiwaWatashinoKotogaSuki#5]       StepMonitoring.java:98   | CURVES
2026-05-25 00:06:08,553 INFO [WatashiwaWatashinoKotogaSuki#5]         SlursBuilder.java:240  | Slurs: 24
2026-05-25 00:06:08,558 INFO [WatashiwaWatashinoKotogaSuki#5]      SegmentsBuilder.java:155  | Segments: 47
2026-05-25 00:06:08,561 INFO [WatashiwaWatashinoKotogaSuki#5]       StepMonitoring.java:98   | SYMBOLS
2026-05-25 00:06:08,930 INFO [WatashiwaWatashinoKotogaSuki#5]       StepMonitoring.java:98   | LINKS
2026-05-25 00:06:08,932 INFO [WatashiwaWatashinoKotogaSuki#5]             KeyInter.java:1189 | No effective key before AlterInter#8206{(0.800) staff:1 NATURAL pitch:-3.0}
2026-05-25 00:06:08,932 INFO [WatashiwaWatashinoKotogaSuki#5]             KeyInter.java:1189 | No effective key before AlterInter#8281{(0.800) staff:1 NATURAL pitch:-1.0}
2026-05-25 00:06:08,932 INFO [WatashiwaWatashinoKotogaSuki#5]             KeyInter.java:1189 | No effective key before AlterInter#8402{(0.800) staff:1 NATURAL pitch:2.0}
2026-05-25 00:06:08,932 INFO [WatashiwaWatashinoKotogaSuki#5]             KeyInter.java:1189 | No effective key before AlterInter#8404{(0.800) staff:2 NATURAL pitch:-3.0}
2026-05-25 00:06:08,935 INFO [WatashiwaWatashinoKotogaSuki#5]             KeyInter.java:1189 | No effective key before AlterInter#8504{(0.800) staff:3 NATURAL pitch:4.0}
2026-05-25 00:06:08,935 INFO [WatashiwaWatashinoKotogaSuki#5]             KeyInter.java:1189 | No effective key before AlterInter#8517{(0.800) staff:3 NATURAL pitch:-3.0}
2026-05-25 00:06:08,939 INFO [WatashiwaWatashinoKotogaSuki#5]             KeyInter.java:1189 | No effective key before AlterInter#8618{(0.216) staff:5 NATURAL pitch:-1.0}
2026-05-25 00:06:08,940 INFO [WatashiwaWatashinoKotogaSuki#5]             KeyInter.java:1189 | No effective key before AlterInter#8622{(0.800) staff:6 NATURAL pitch:-5.0}
2026-05-25 00:06:08,945 INFO [WatashiwaWatashinoKotogaSuki#5]             KeyInter.java:1189 | No effective key before AlterInter#8706{(0.800) staff:7 NATURAL pitch:-3.0}
2026-05-25 00:06:08,945 INFO [WatashiwaWatashinoKotogaSuki#5]             KeyInter.java:1189 | No effective key before AlterInter#8703{(0.800) staff:8 NATURAL pitch:-4.0}
2026-05-25 00:06:08,945 INFO [WatashiwaWatashinoKotogaSuki#5]             KeyInter.java:1189 | No effective key before AlterInter#8712{(0.800) staff:8 NATURAL pitch:-1.0}
2026-05-25 00:06:08,950 INFO [WatashiwaWatashinoKotogaSuki#5]             KeyInter.java:1189 | No effective key before AlterInter#8809{(0.800) staff:9 NATURAL pitch:-4.0}
2026-05-25 00:06:08,950 INFO [WatashiwaWatashinoKotogaSuki#5]             KeyInter.java:1189 | No effective key before AlterInter#8810{(0.800) staff:10 NATURAL pitch:5.0}
2026-05-25 00:06:08,955 INFO [WatashiwaWatashinoKotogaSuki#5]       StepMonitoring.java:98   | RHYTHMS
2026-05-25 00:06:08,955 INFO [WatashiwaWatashinoKotogaSuki#5]           PageRhythm.java:199  | {Page#5.1} Time value reused from sheet#1
2026-05-25 00:06:08,965 INFO [WatashiwaWatashinoKotogaSuki#5]                Voice.java:257  | Measure{#18} Voice{#1 excess:1/8} too long
2026-05-25 00:06:08,965 INFO [WatashiwaWatashinoKotogaSuki#5]                Voice.java:257  | Measure{#18} Voice{#5 excess:1/8} too long
2026-05-25 00:06:08,965 INFO [WatashiwaWatashinoKotogaSuki#5]                Voice.java:257  | Measure{#18} Voice{#7 excess:1/8} too long
2026-05-25 00:06:08,965 INFO [WatashiwaWatashinoKotogaSuki#5]          StackRhythm.java:224  | S5 MeasureStack#18 no correct rhythm
2026-05-25 00:06:08,966 INFO [WatashiwaWatashinoKotogaSuki#5]       StepMonitoring.java:98   | PAGE
2026-05-25 00:06:08,968 INFO [WatashiwaWatashinoKotogaSuki#5]                Voice.java:257  | Measure{#18} Voice{#1 excess:1/8} too long
2026-05-25 00:06:08,968 INFO [WatashiwaWatashinoKotogaSuki#5]                Voice.java:257  | Measure{#18} Voice{#5 excess:1/8} too long
2026-05-25 00:06:08,968 INFO [WatashiwaWatashinoKotogaSuki#5]                Voice.java:257  | Measure{#18} Voice{#7 excess:1/8} too long
2026-05-25 00:06:08,968 INFO [WatashiwaWatashinoKotogaSuki#5]                 Book.java:2584 | Book{WatashiwaWatashinoKotogaSuki} storing
2026-05-25 00:06:09,005 INFO [WatashiwaWatashinoKotogaSuki#5]                 Book.java:2565 | Stored /book.xml
2026-05-25 00:06:09,048 INFO [WatashiwaWatashinoKotogaSuki#5]           DataHolder.java:348  | Stored /sheet#5/BINARY.png
2026-05-25 00:06:09,343 INFO [WatashiwaWatashinoKotogaSuki#5]                Sheet.java:1583 | Stored /sheet#5/sheet#5.xml
2026-05-25 00:06:09,344 INFO [WatashiwaWatashinoKotogaSuki#5]                 Book.java:2525 | Book stored as D:\Program\Python\Piano\WatashiwaWatashinoKotogaSuki_Audiveris\WatashiwaWatashinoKotogaSuki.omr
2026-05-25 00:06:09,348 INFO [WatashiwaWatashinoKotogaSuki#5]            SheetStub.java:1655 | Sheet#5 disposed
2026-05-25 00:06:09,368 INFO [WatashiwaWatashinoKotogaSuki#5]                 Book.java:2050 | End of Stub#5
2026-05-25 00:06:09,370 INFO [WatashiwaWatashinoKotogaSuki#6]       StepMonitoring.java:98   | LOAD
2026-05-25 00:06:09,489 INFO [WatashiwaWatashinoKotogaSuki#6]            SheetStub.java:1278 | Loaded image #6 2479x3508 from D:\Program\Python\Piano\WatashiwaWatashinoKotogaSuki.pdf
2026-05-25 00:06:09,489 INFO [WatashiwaWatashinoKotogaSuki#6]       StepMonitoring.java:98   | BINARY
2026-05-25 00:06:09,717 INFO [WatashiwaWatashinoKotogaSuki#6]       StepMonitoring.java:98   | SCALE
2026-05-25 00:06:09,719 INFO [WatashiwaWatashinoKotogaSuki#6]         ScaleBuilder.java:255  | Beam  guessed height: 11 -- mid of [5..18]
2026-05-25 00:06:09,719 INFO [WatashiwaWatashinoKotogaSuki#6]         ScaleBuilder.java:271  | Beam measured height: 10 -- 0.38 of [5..18] range at 470% of needed quorum
2026-05-25 00:06:09,719 INFO [WatashiwaWatashinoKotogaSuki#6]         ScaleBuilder.java:401  | Normalized black jitter: 5.26 %
2026-05-25 00:06:09,719 INFO [WatashiwaWatashinoKotogaSuki#6]            ScaleStep.java:65   | Scale{ interline(19,19,20) line(2,2,3) beam(10)}
2026-05-25 00:06:09,719 INFO [WatashiwaWatashinoKotogaSuki#6]       StepMonitoring.java:98   | GRID
2026-05-25 00:06:09,773 INFO [WatashiwaWatashinoKotogaSuki#6]       LinesRetriever.java:1500 | Global slope: 0.00000
2026-05-25 00:06:09,778 INFO [WatashiwaWatashinoKotogaSuki#6]    ClustersRetriever.java:326  | Retrieved raw line clusters: 10 of sizes [5] with interline(19,19,20)
2026-05-25 00:06:09,811 INFO [WatashiwaWatashinoKotogaSuki#6]            PeakGraph.java:310  | Systems: #1[1, 2] #2[3, 4] #3[5, 6] #4[7, 8] #5[9, 10]
2026-05-25 00:06:09,893 INFO [WatashiwaWatashinoKotogaSuki#6]        SystemManager.java:779  | 1 part along 5 systems
2026-05-25 00:06:09,893 INFO [WatashiwaWatashinoKotogaSuki#6]       StepMonitoring.java:98   | HEADERS
2026-05-25 00:06:10,014 INFO [WatashiwaWatashinoKotogaSuki#6]       StepMonitoring.java:98   | STEM_SEEDS
2026-05-25 00:06:10,031 INFO [WatashiwaWatashinoKotogaSuki#6]        StemSeedsStep.java:86   | stem(2 max:3)
2026-05-25 00:06:10,037 INFO [WatashiwaWatashinoKotogaSuki#6]       StepMonitoring.java:98   | BEAMS
2026-05-25 00:06:11,887 INFO [WatashiwaWatashinoKotogaSuki#6]       StepMonitoring.java:98   | LEDGERS
2026-05-25 00:06:11,972 INFO [WatashiwaWatashinoKotogaSuki#6]       StepMonitoring.java:98   | HEADS
2026-05-25 00:06:15,102 INFO [WatashiwaWatashinoKotogaSuki#6]        HeadSeedTally.java:235  | Scale information: HeadSeeds{NOTEHEAD_BLACK[L:-0.5,R:-0.6]}
2026-05-25 00:06:15,102 INFO [WatashiwaWatashinoKotogaSuki#6]       StepMonitoring.java:98   | STEMS
2026-05-25 00:06:15,506 INFO [WatashiwaWatashinoKotogaSuki#6]       StepMonitoring.java:98   | REDUCTION
2026-05-25 00:06:15,561 INFO [WatashiwaWatashinoKotogaSuki#6]        ReductionStep.java:105  | Stems free length median value: 65 pixels, 3.4 interlines
2026-05-25 00:06:15,564 INFO [WatashiwaWatashinoKotogaSuki#6]       StepMonitoring.java:98   | CUE_BEAMS
2026-05-25 00:06:15,564 INFO [WatashiwaWatashinoKotogaSuki#6]         CueBeamsStep.java:81   | Step CUE_BEAMS is skipped because small heads switch is off
2026-05-25 00:06:15,564 INFO [WatashiwaWatashinoKotogaSuki#6]       StepMonitoring.java:98   | TEXTS
2026-05-25 00:06:15,622 WARN [WatashiwaWatashinoKotogaSuki#6]         TesseractOCR.java:341  | Language 'eng' is not supported
2026-05-25 00:06:15,622 INFO [WatashiwaWatashinoKotogaSuki#6]              OcrUtil.java:106  | Missing support for 'eng' language(s)
2026-05-25 00:06:15,623 INFO [WatashiwaWatashinoKotogaSuki#6]       StepMonitoring.java:98   | MEASURES
2026-05-25 00:06:15,623 INFO [WatashiwaWatashinoKotogaSuki#6]                 Page.java:307  | 20 raw measures: [4 in system#1, 4 in system#2, 4 in system#3, 4 in system#4, 4 in system#5]
2026-05-25 00:06:15,623 INFO [WatashiwaWatashinoKotogaSuki#6]       StepMonitoring.java:98   | CHORDS
2026-05-25 00:06:15,627 INFO [WatashiwaWatashinoKotogaSuki#6]       StepMonitoring.java:98   | CURVES
2026-05-25 00:06:15,885 INFO [WatashiwaWatashinoKotogaSuki#6]         SlursBuilder.java:240  | Slurs: 43
2026-05-25 00:06:15,893 INFO [WatashiwaWatashinoKotogaSuki#6]      SegmentsBuilder.java:155  | Segments: 30
2026-05-25 00:06:15,896 INFO [WatashiwaWatashinoKotogaSuki#6]       StepMonitoring.java:98   | SYMBOLS
2026-05-25 00:06:16,134 INFO [WatashiwaWatashinoKotogaSuki#6]       StepMonitoring.java:98   | LINKS
2026-05-25 00:06:16,140 INFO [WatashiwaWatashinoKotogaSuki#6]             KeyInter.java:1189 | No effective key before AlterInter#8815{(0.800) staff:3 NATURAL pitch:-3.0}
2026-05-25 00:06:16,140 INFO [WatashiwaWatashinoKotogaSuki#6]             KeyInter.java:1189 | No effective key before AlterInter#8857{(0.800) staff:3 NATURAL pitch:0.0}
2026-05-25 00:06:16,140 INFO [WatashiwaWatashinoKotogaSuki#6]             KeyInter.java:1189 | No effective key before AlterInter#8858{(0.800) staff:4 NATURAL pitch:-5.0}
2026-05-25 00:06:16,146 INFO [WatashiwaWatashinoKotogaSuki#6]             KeyInter.java:1189 | No effective key before AlterInter#8907{(0.800) staff:5 NATURAL pitch:-5.0}
2026-05-25 00:06:16,146 INFO [WatashiwaWatashinoKotogaSuki#6]             KeyInter.java:1189 | No effective key before AlterInter#8944{(0.800) staff:5 NATURAL pitch:-3.0}
2026-05-25 00:06:16,146 INFO [WatashiwaWatashinoKotogaSuki#6]             KeyInter.java:1189 | No effective key before AlterInter#8908{(0.800) staff:6 NATURAL pitch:-3.0}
2026-05-25 00:06:16,146 INFO [WatashiwaWatashinoKotogaSuki#6]             KeyInter.java:1189 | No effective key before AlterInter#8919{(0.800) staff:6 NATURAL pitch:4.0}
2026-05-25 00:06:16,150 INFO [WatashiwaWatashinoKotogaSuki#6]        SymbolsLinker.java:258  | No chord linked to OctaveShiftInter#8969{(0.465) staff:8 QUINDICESIMA BASSA} at java.awt.Point[x=209,y=2769]
2026-05-25 00:06:16,152 INFO [WatashiwaWatashinoKotogaSuki#6]        SymbolsLinker.java:258  | No chord linked to OctaveShiftInter#8973{(0.207) staff:8 QUINDICESIMA BASSA} at java.awt.Point[x=209,y=2769]
2026-05-25 00:06:16,152 INFO [WatashiwaWatashinoKotogaSuki#6]             KeyInter.java:1189 | No effective key before AlterInter#9003{(0.800) staff:8 NATURAL pitch:3.0}
2026-05-25 00:06:16,156 INFO [WatashiwaWatashinoKotogaSuki#6]        SymbolsLinker.java:258  | No chord linked to OctaveShiftInter#9020{(0.465) staff:9 QUINDICESIMA ALTA} at java.awt.Point[x=209,y=2769]
2026-05-25 00:06:16,156 INFO [WatashiwaWatashinoKotogaSuki#6]        SymbolsLinker.java:258  | No chord linked to OctaveShiftInter#9021{(0.207) staff:9 QUINDICESIMA ALTA} at java.awt.Point[x=209,y=2769]
2026-05-25 00:06:16,160 INFO [WatashiwaWatashinoKotogaSuki#6]       StepMonitoring.java:98   | RHYTHMS
2026-05-25 00:06:16,160 INFO [WatashiwaWatashinoKotogaSuki#6]           PageRhythm.java:199  | {Page#6.1} Time value reused from sheet#1
2026-05-25 00:06:16,174 INFO [WatashiwaWatashinoKotogaSuki#6]       StepMonitoring.java:98   | PAGE
2026-05-25 00:06:16,176 INFO [WatashiwaWatashinoKotogaSuki#6]                 Book.java:2584 | Book{WatashiwaWatashinoKotogaSuki} storing
2026-05-25 00:06:16,218 INFO [WatashiwaWatashinoKotogaSuki#6]                 Book.java:2565 | Stored /book.xml
2026-05-25 00:06:16,260 INFO [WatashiwaWatashinoKotogaSuki#6]           DataHolder.java:348  | Stored /sheet#6/BINARY.png
2026-05-25 00:06:16,590 INFO [WatashiwaWatashinoKotogaSuki#6]                Sheet.java:1583 | Stored /sheet#6/sheet#6.xml
2026-05-25 00:06:16,590 INFO [WatashiwaWatashinoKotogaSuki#6]                 Book.java:2525 | Book stored as D:\Program\Python\Piano\WatashiwaWatashinoKotogaSuki_Audiveris\WatashiwaWatashinoKotogaSuki.omr
2026-05-25 00:06:16,605 INFO [WatashiwaWatashinoKotogaSuki#6]            SheetStub.java:1655 | Sheet#6 disposed
2026-05-25 00:06:16,625 INFO [WatashiwaWatashinoKotogaSuki#6]                 Book.java:2050 | End of Stub#6
2026-05-25 00:06:16,625 INFO [WatashiwaWatashinoKotogaSuki#7]       StepMonitoring.java:98   | LOAD
2026-05-25 00:06:16,784 INFO [WatashiwaWatashinoKotogaSuki#7]            SheetStub.java:1278 | Loaded image #7 2479x3508 from D:\Program\Python\Piano\WatashiwaWatashinoKotogaSuki.pdf
2026-05-25 00:06:16,784 INFO [WatashiwaWatashinoKotogaSuki#7]       StepMonitoring.java:98   | BINARY
2026-05-25 00:06:17,017 INFO [WatashiwaWatashinoKotogaSuki#7]       StepMonitoring.java:98   | SCALE
2026-05-25 00:06:17,017 INFO [WatashiwaWatashinoKotogaSuki#7]         ScaleBuilder.java:255  | Beam  guessed height: 11 -- mid of [5..18]
2026-05-25 00:06:17,017 INFO [WatashiwaWatashinoKotogaSuki#7]         ScaleBuilder.java:271  | Beam measured height: 10 -- 0.38 of [5..18] range at 476% of needed quorum
2026-05-25 00:06:17,017 INFO [WatashiwaWatashinoKotogaSuki#7]         ScaleBuilder.java:401  | Normalized black jitter: 5.26 %
2026-05-25 00:06:17,017 INFO [WatashiwaWatashinoKotogaSuki#7]            ScaleStep.java:65   | Scale{ interline(19,19,20) line(2,2,3) beam(10)}
2026-05-25 00:06:17,017 INFO [WatashiwaWatashinoKotogaSuki#7]       StepMonitoring.java:98   | GRID
2026-05-25 00:06:17,076 INFO [WatashiwaWatashinoKotogaSuki#7]       LinesRetriever.java:1500 | Global slope: 0.00000
2026-05-25 00:06:17,081 INFO [WatashiwaWatashinoKotogaSuki#7]    ClustersRetriever.java:326  | Retrieved raw line clusters: 10 of sizes [5] with interline(19,19,20)
2026-05-25 00:06:17,117 INFO [WatashiwaWatashinoKotogaSuki#7]            PeakGraph.java:310  | Systems: #1[1, 2] #2[3, 4] #3[5, 6] #4[7, 8] #5[9, 10]
2026-05-25 00:06:17,191 INFO [WatashiwaWatashinoKotogaSuki#7]        SystemManager.java:779  | 1 part along 5 systems
2026-05-25 00:06:17,192 INFO [WatashiwaWatashinoKotogaSuki#7]       StepMonitoring.java:98   | HEADERS
2026-05-25 00:06:17,342 INFO [WatashiwaWatashinoKotogaSuki#7]       StepMonitoring.java:98   | STEM_SEEDS
2026-05-25 00:06:17,358 INFO [WatashiwaWatashinoKotogaSuki#7]        StemSeedsStep.java:86   | stem(2 max:3)
2026-05-25 00:06:17,364 INFO [WatashiwaWatashinoKotogaSuki#7]       StepMonitoring.java:98   | BEAMS
2026-05-25 00:06:19,233 INFO [WatashiwaWatashinoKotogaSuki#7]       StepMonitoring.java:98   | LEDGERS
2026-05-25 00:06:19,323 INFO [WatashiwaWatashinoKotogaSuki#7]       StepMonitoring.java:98   | HEADS
2026-05-25 00:06:22,801 INFO [WatashiwaWatashinoKotogaSuki#7]        HeadSeedTally.java:235  | Scale information: HeadSeeds{NOTEHEAD_BLACK[L:-0.5,R:-0.6]}
2026-05-25 00:06:22,801 INFO [WatashiwaWatashinoKotogaSuki#7]       StepMonitoring.java:98   | STEMS
2026-05-25 00:06:23,238 INFO [WatashiwaWatashinoKotogaSuki#7]       StepMonitoring.java:98   | REDUCTION
2026-05-25 00:06:23,293 INFO [WatashiwaWatashinoKotogaSuki#7]        ReductionStep.java:105  | Stems free length median value: 67 pixels, 3.5 interlines
2026-05-25 00:06:23,295 INFO [WatashiwaWatashinoKotogaSuki#7]       StepMonitoring.java:98   | CUE_BEAMS
2026-05-25 00:06:23,296 INFO [WatashiwaWatashinoKotogaSuki#7]         CueBeamsStep.java:81   | Step CUE_BEAMS is skipped because small heads switch is off
2026-05-25 00:06:23,296 INFO [WatashiwaWatashinoKotogaSuki#7]       StepMonitoring.java:98   | TEXTS
2026-05-25 00:06:23,357 WARN [WatashiwaWatashinoKotogaSuki#7]         TesseractOCR.java:341  | Language 'eng' is not supported
2026-05-25 00:06:23,357 INFO [WatashiwaWatashinoKotogaSuki#7]              OcrUtil.java:106  | Missing support for 'eng' language(s)
2026-05-25 00:06:23,359 INFO [WatashiwaWatashinoKotogaSuki#7]       StepMonitoring.java:98   | MEASURES
2026-05-25 00:06:23,360 INFO [WatashiwaWatashinoKotogaSuki#7]                 Page.java:307  | 20 raw measures: [4 in system#1, 4 in system#2, 4 in system#3, 4 in system#4, 4 in system#5]
2026-05-25 00:06:23,360 INFO [WatashiwaWatashinoKotogaSuki#7]       StepMonitoring.java:98   | CHORDS
2026-05-25 00:06:23,363 INFO [WatashiwaWatashinoKotogaSuki#7]       StepMonitoring.java:98   | CURVES
2026-05-25 00:06:23,641 INFO [WatashiwaWatashinoKotogaSuki#7]         SlursBuilder.java:240  | Slurs: 56
2026-05-25 00:06:23,653 INFO [WatashiwaWatashinoKotogaSuki#7]      SegmentsBuilder.java:155  | Segments: 54
2026-05-25 00:06:23,656 INFO [WatashiwaWatashinoKotogaSuki#7]       StepMonitoring.java:98   | SYMBOLS
2026-05-25 00:06:23,987 INFO [WatashiwaWatashinoKotogaSuki#7]       StepMonitoring.java:98   | LINKS
2026-05-25 00:06:23,990 INFO [WatashiwaWatashinoKotogaSuki#7]             KeyInter.java:1322 | Key built KeyInter#10294{(0.952) staff:1 KEY_FLAT_2 pitch:-1.5 fifths:-2}
2026-05-25 00:06:23,996 INFO [WatashiwaWatashinoKotogaSuki#7]        SymbolsLinker.java:258  | No chord linked to OctaveShiftInter#9898{(0.193) staff:4 QUINDICESIMA BASSA} at java.awt.Point[x=193,y=1564]
2026-05-25 00:06:23,996 INFO [WatashiwaWatashinoKotogaSuki#7]             KeyInter.java:1189 | No effective key before AlterInter#9937{(0.800) staff:3 NATURAL pitch:-3.0}
2026-05-25 00:06:23,996 INFO [WatashiwaWatashinoKotogaSuki#7]             KeyInter.java:1189 | No effective key before AlterInter#9938{(0.800) staff:4 NATURAL pitch:-1.0}
2026-05-25 00:06:24,002 INFO [WatashiwaWatashinoKotogaSuki#7]        SymbolsLinker.java:258  | No chord linked to OctaveShiftInter#10002{(0.193) staff:5 QUINDICESIMA ALTA} at java.awt.Point[x=193,y=1564]
2026-05-25 00:06:24,003 INFO [WatashiwaWatashinoKotogaSuki#7]        SymbolsLinker.java:258  | No chord linked to OctaveShiftInter#10007{(0.218) staff:6 QUINDICESIMA BASSA} at java.awt.Point[x=192,y=2157]
2026-05-25 00:06:24,003 INFO [WatashiwaWatashinoKotogaSuki#7]        SymbolsLinker.java:258  | No chord linked to OctaveShiftInter#10009{(0.139) staff:6 QUINDICESIMA BASSA} at java.awt.Point[x=192,y=2157]
2026-05-25 00:06:24,003 INFO [WatashiwaWatashinoKotogaSuki#7]        SymbolsLinker.java:258  | No chord linked to OctaveShiftInter#10014{(0.312) staff:6 QUINDICESIMA BASSA} at java.awt.Point[x=193,y=2157]
2026-05-25 00:06:24,003 INFO [WatashiwaWatashinoKotogaSuki#7]        SymbolsLinker.java:258  | No chord linked to OctaveShiftInter#10016{(0.138) staff:6 OTTAVA BASSA} at java.awt.Point[x=200,y=2157]
2026-05-25 00:06:24,008 INFO [WatashiwaWatashinoKotogaSuki#7]        SymbolsLinker.java:258  | No chord linked to OctaveShiftInter#10159{(0.218) staff:7 QUINDICESIMA ALTA} at java.awt.Point[x=192,y=2157]
2026-05-25 00:06:24,008 INFO [WatashiwaWatashinoKotogaSuki#7]        SymbolsLinker.java:258  | No chord linked to OctaveShiftInter#10160{(0.139) staff:7 QUINDICESIMA ALTA} at java.awt.Point[x=192,y=2157]
2026-05-25 00:06:24,008 INFO [WatashiwaWatashinoKotogaSuki#7]        SymbolsLinker.java:258  | No chord linked to OctaveShiftInter#10161{(0.312) staff:7 QUINDICESIMA ALTA} at java.awt.Point[x=193,y=2157]
2026-05-25 00:06:24,008 INFO [WatashiwaWatashinoKotogaSuki#7]        SymbolsLinker.java:258  | No chord linked to OctaveShiftInter#10162{(0.138) staff:7 OTTAVA ALTA} at java.awt.Point[x=200,y=2157]
2026-05-25 00:06:24,008 INFO [WatashiwaWatashinoKotogaSuki#7]        SymbolsLinker.java:258  | No chord linked to OctaveShiftInter#10186{(0.310) staff:8 QUINDICESIMA BASSA} at java.awt.Point[x=193,y=2790]
2026-05-25 00:06:24,008 INFO [WatashiwaWatashinoKotogaSuki#7]        SymbolsLinker.java:258  | No chord linked to OctaveShiftInter#10188{(0.327) staff:8 QUINDICESIMA BASSA} at java.awt.Point[x=193,y=2790]
2026-05-25 00:06:24,015 INFO [WatashiwaWatashinoKotogaSuki#7]        SymbolsLinker.java:258  | No chord linked to OctaveShiftInter#10263{(0.310) staff:9 QUINDICESIMA ALTA} at java.awt.Point[x=193,y=2790]
2026-05-25 00:06:24,015 INFO [WatashiwaWatashinoKotogaSuki#7]        SymbolsLinker.java:258  | No chord linked to OctaveShiftInter#10264{(0.327) staff:9 QUINDICESIMA ALTA} at java.awt.Point[x=193,y=2790]
2026-05-25 00:06:24,015 INFO [WatashiwaWatashinoKotogaSuki#7]             KeyInter.java:1189 | No effective key before AlterInter#10283{(0.800) staff:10 NATURAL pitch:1.0}
2026-05-25 00:06:24,022 INFO [WatashiwaWatashinoKotogaSuki#7]       StepMonitoring.java:98   | RHYTHMS
2026-05-25 00:06:24,022 INFO [WatashiwaWatashinoKotogaSuki#7]           PageRhythm.java:199  | {Page#7.1} Time value reused from sheet#1
2026-05-25 00:06:24,024 INFO [WatashiwaWatashinoKotogaSuki#7]                Voice.java:257  | Measure{#2} Voice{#6 excess:1/8} too long
2026-05-25 00:06:24,024 INFO [WatashiwaWatashinoKotogaSuki#7]          StackRhythm.java:224  | S1 MeasureStack#2 no correct rhythm
2026-05-25 00:06:24,037 INFO [WatashiwaWatashinoKotogaSuki#7]       StepMonitoring.java:98   | PAGE
2026-05-25 00:06:24,040 INFO [WatashiwaWatashinoKotogaSuki#7]                Voice.java:257  | Measure{#2} Voice{#6 excess:1/8} too long
2026-05-25 00:06:24,040 INFO [WatashiwaWatashinoKotogaSuki#7]                 Book.java:2584 | Book{WatashiwaWatashinoKotogaSuki} storing
2026-05-25 00:06:24,084 INFO [WatashiwaWatashinoKotogaSuki#7]                 Book.java:2565 | Stored /book.xml
2026-05-25 00:06:24,128 INFO [WatashiwaWatashinoKotogaSuki#7]           DataHolder.java:348  | Stored /sheet#7/BINARY.png
2026-05-25 00:06:24,507 INFO [WatashiwaWatashinoKotogaSuki#7]                Sheet.java:1583 | Stored /sheet#7/sheet#7.xml
2026-05-25 00:06:24,507 INFO [WatashiwaWatashinoKotogaSuki#7]                 Book.java:2525 | Book stored as D:\Program\Python\Piano\WatashiwaWatashinoKotogaSuki_Audiveris\WatashiwaWatashinoKotogaSuki.omr
2026-05-25 00:06:24,512 INFO [WatashiwaWatashinoKotogaSuki#7]            SheetStub.java:1655 | Sheet#7 disposed
2026-05-25 00:06:24,532 INFO [WatashiwaWatashinoKotogaSuki#7]                 Book.java:2050 | End of Stub#7
2026-05-25 00:06:24,533 INFO [WatashiwaWatashinoKotogaSuki#8]       StepMonitoring.java:98   | LOAD
2026-05-25 00:06:24,616 INFO [WatashiwaWatashinoKotogaSuki#8]            SheetStub.java:1278 | Loaded image #8 2479x3508 from D:\Program\Python\Piano\WatashiwaWatashinoKotogaSuki.pdf
2026-05-25 00:06:24,616 INFO [WatashiwaWatashinoKotogaSuki#8]       StepMonitoring.java:98   | BINARY
2026-05-25 00:06:24,844 INFO [WatashiwaWatashinoKotogaSuki#8]       StepMonitoring.java:98   | SCALE
2026-05-25 00:06:24,845 INFO [WatashiwaWatashinoKotogaSuki#8]         ScaleBuilder.java:255  | Beam  guessed height: 11 -- mid of [5..18]
2026-05-25 00:06:24,845 INFO [WatashiwaWatashinoKotogaSuki#8]         ScaleBuilder.java:271  | Beam measured height: 10 -- 0.38 of [5..18] range at 409% of needed quorum
2026-05-25 00:06:24,846 INFO [WatashiwaWatashinoKotogaSuki#8]         ScaleBuilder.java:401  | Normalized black jitter: 5.26 %
2026-05-25 00:06:24,846 INFO [WatashiwaWatashinoKotogaSuki#8]            ScaleStep.java:65   | Scale{ interline(19,19,20) line(2,2,3) beam(10)}
2026-05-25 00:06:24,846 INFO [WatashiwaWatashinoKotogaSuki#8]       StepMonitoring.java:98   | GRID
2026-05-25 00:06:24,890 INFO [WatashiwaWatashinoKotogaSuki#8]       LinesRetriever.java:1500 | Global slope: 0.00000
2026-05-25 00:06:24,896 INFO [WatashiwaWatashinoKotogaSuki#8]    ClustersRetriever.java:326  | Retrieved raw line clusters: 10 of sizes [5] with interline(19,19,20)
2026-05-25 00:06:24,923 INFO [WatashiwaWatashinoKotogaSuki#8]            PeakGraph.java:310  | Systems: #1[1, 2] #2[3, 4] #3[5, 6] #4[7, 8] #5[9, 10]
2026-05-25 00:06:24,989 INFO [WatashiwaWatashinoKotogaSuki#8]        SystemManager.java:779  | 1 part along 5 systems
2026-05-25 00:06:24,989 INFO [WatashiwaWatashinoKotogaSuki#8]       StepMonitoring.java:98   | HEADERS
2026-05-25 00:06:25,129 INFO [WatashiwaWatashinoKotogaSuki#8]       StepMonitoring.java:98   | STEM_SEEDS
2026-05-25 00:06:25,144 INFO [WatashiwaWatashinoKotogaSuki#8]        StemSeedsStep.java:86   | stem(2 max:3)
2026-05-25 00:06:25,149 INFO [WatashiwaWatashinoKotogaSuki#8]       StepMonitoring.java:98   | BEAMS
2026-05-25 00:06:26,937 INFO [WatashiwaWatashinoKotogaSuki#8]       StepMonitoring.java:98   | LEDGERS
2026-05-25 00:06:27,005 INFO [WatashiwaWatashinoKotogaSuki#8]       StepMonitoring.java:98   | HEADS
2026-05-25 00:06:29,999 INFO [WatashiwaWatashinoKotogaSuki#8]        HeadSeedTally.java:235  | Scale information: HeadSeeds{NOTEHEAD_BLACK[L:-0.5,R:-0.6]}
2026-05-25 00:06:29,999 INFO [WatashiwaWatashinoKotogaSuki#8]       StepMonitoring.java:98   | STEMS
2026-05-25 00:06:30,315 INFO [WatashiwaWatashinoKotogaSuki#8]       StepMonitoring.java:98   | REDUCTION
2026-05-25 00:06:30,367 INFO [WatashiwaWatashinoKotogaSuki#8]        ReductionStep.java:105  | Stems free length median value: 67 pixels, 3.5 interlines
2026-05-25 00:06:30,369 INFO [WatashiwaWatashinoKotogaSuki#8]       StepMonitoring.java:98   | CUE_BEAMS
2026-05-25 00:06:30,369 INFO [WatashiwaWatashinoKotogaSuki#8]         CueBeamsStep.java:81   | Step CUE_BEAMS is skipped because small heads switch is off
2026-05-25 00:06:30,371 INFO [WatashiwaWatashinoKotogaSuki#8]       StepMonitoring.java:98   | TEXTS
2026-05-25 00:06:30,427 WARN [WatashiwaWatashinoKotogaSuki#8]         TesseractOCR.java:341  | Language 'eng' is not supported
2026-05-25 00:06:30,427 INFO [WatashiwaWatashinoKotogaSuki#8]              OcrUtil.java:106  | Missing support for 'eng' language(s)
2026-05-25 00:06:30,429 INFO [WatashiwaWatashinoKotogaSuki#8]       StepMonitoring.java:98   | MEASURES
2026-05-25 00:06:30,430 INFO [WatashiwaWatashinoKotogaSuki#8]                 Page.java:307  | 17 raw measures: [3 in system#1, 3 in system#2, 3 in system#3, 4 in system#4, 4 in system#5]
2026-05-25 00:06:30,430 INFO [WatashiwaWatashinoKotogaSuki#8]       StepMonitoring.java:98   | CHORDS
2026-05-25 00:06:30,433 INFO [WatashiwaWatashinoKotogaSuki#8]       StepMonitoring.java:98   | CURVES
2026-05-25 00:06:30,694 INFO [WatashiwaWatashinoKotogaSuki#8]         SlursBuilder.java:240  | Slurs: 54
2026-05-25 00:06:30,700 INFO [WatashiwaWatashinoKotogaSuki#8]      SegmentsBuilder.java:155  | Segments: 35
2026-05-25 00:06:30,704 INFO [WatashiwaWatashinoKotogaSuki#8]       StepMonitoring.java:98   | SYMBOLS
2026-05-25 00:06:30,963 INFO [WatashiwaWatashinoKotogaSuki#8]       StepMonitoring.java:98   | LINKS
2026-05-25 00:06:30,963 INFO [WatashiwaWatashinoKotogaSuki#8]        SymbolsLinker.java:258  | No chord linked to OctaveShiftInter#7938{(0.608) staff:1 OTTAVA ALTA} at java.awt.Point[x=186,y=201]
2026-05-25 00:06:30,964 INFO [WatashiwaWatashinoKotogaSuki#8]        SymbolsLinker.java:258  | No chord linked to OctaveShiftInter#7982{(0.421) staff:1 QUINDICESIMA ALTA} at java.awt.Point[x=192,y=374]
2026-05-25 00:06:30,964 INFO [WatashiwaWatashinoKotogaSuki#8]             KeyInter.java:1189 | No effective key before AlterInter#8064{(0.800) staff:1 NATURAL pitch:4.0}
2026-05-25 00:06:30,964 INFO [WatashiwaWatashinoKotogaSuki#8]             KeyInter.java:1189 | No effective key before AlterInter#8080{(0.800) staff:1 NATURAL pitch:-3.0}
2026-05-25 00:06:30,974 INFO [WatashiwaWatashinoKotogaSuki#8]        SymbolsLinker.java:258  | No chord linked to OctaveShiftInter#8182{(0.223) staff:6 OTTAVA BASSA} at java.awt.Point[x=219,y=2150]
2026-05-25 00:06:30,974 INFO [WatashiwaWatashinoKotogaSuki#8]             KeyInter.java:1189 | No effective key before AlterInter#8185{(0.800) staff:5 NATURAL pitch:-3.0}
2026-05-25 00:06:30,974 INFO [WatashiwaWatashinoKotogaSuki#8]             KeyInter.java:1189 | No effective key before AlterInter#8187{(0.800) staff:5 NATURAL pitch:1.0}
2026-05-25 00:06:30,974 INFO [WatashiwaWatashinoKotogaSuki#8]             KeyInter.java:1189 | No effective key before AlterInter#8227{(0.800) staff:5 NATURAL pitch:-2.0}
2026-05-25 00:06:30,974 INFO [WatashiwaWatashinoKotogaSuki#8]             KeyInter.java:1189 | No effective key before AlterInter#8203{(0.800) staff:6 NATURAL pitch:-1.0}
2026-05-25 00:06:30,974 INFO [WatashiwaWatashinoKotogaSuki#8]             KeyInter.java:1189 | No effective key before AlterInter#8204{(0.800) staff:6 NATURAL pitch:-4.0}
2026-05-25 00:06:30,979 INFO [WatashiwaWatashinoKotogaSuki#8]        SymbolsLinker.java:258  | No chord linked to OctaveShiftInter#8270{(0.223) staff:7 OTTAVA ALTA} at java.awt.Point[x=219,y=2150]
2026-05-25 00:06:30,979 INFO [WatashiwaWatashinoKotogaSuki#8]        SymbolsLinker.java:258  | No chord linked to OctaveShiftInter#8272{(0.654) staff:8 QUINDICESIMA BASSA} at java.awt.Point[x=193,y=2745]
2026-05-25 00:06:30,979 INFO [WatashiwaWatashinoKotogaSuki#8]             KeyInter.java:1189 | No effective key before AlterInter#8312{(0.800) staff:8 NATURAL pitch:-5.0}
2026-05-25 00:06:30,983 INFO [WatashiwaWatashinoKotogaSuki#8]        SymbolsLinker.java:258  | No chord linked to OctaveShiftInter#8332{(0.654) staff:9 QUINDICESIMA ALTA} at java.awt.Point[x=193,y=2745]
2026-05-25 00:06:30,983 INFO [WatashiwaWatashinoKotogaSuki#8]        SymbolsLinker.java:258  | No chord linked to OctaveShiftInter#8352{(0.366) staff:9 OTTAVA BASSA} at java.awt.Point[x=1861,y=2930]
2026-05-25 00:06:30,987 INFO [WatashiwaWatashinoKotogaSuki#8]       StepMonitoring.java:98   | RHYTHMS
2026-05-25 00:06:30,987 INFO [WatashiwaWatashinoKotogaSuki#8]           PageRhythm.java:199  | {Page#8.1} Time value reused from sheet#1
2026-05-25 00:06:30,997 INFO [WatashiwaWatashinoKotogaSuki#8]       StepMonitoring.java:98   | PAGE
2026-05-25 00:06:30,998 INFO [WatashiwaWatashinoKotogaSuki#8]       SheetReduction.java:154  | Gutter. Different glyphs 1/2 ArticulationInter#8016{(0.609/0.761) STACCATO} vs EndingInter#7431{(0.592/0.832) staff:3 ENDING}
2026-05-25 00:06:31,000 INFO [WatashiwaWatashinoKotogaSuki#8]                 Book.java:2584 | Book{WatashiwaWatashinoKotogaSuki} storing
2026-05-25 00:06:31,040 INFO [WatashiwaWatashinoKotogaSuki#8]                 Book.java:2565 | Stored /book.xml
2026-05-25 00:06:31,082 INFO [WatashiwaWatashinoKotogaSuki#8]           DataHolder.java:348  | Stored /sheet#8/BINARY.png
2026-05-25 00:06:31,402 INFO [WatashiwaWatashinoKotogaSuki#8]                Sheet.java:1583 | Stored /sheet#8/sheet#8.xml
2026-05-25 00:06:31,403 INFO [WatashiwaWatashinoKotogaSuki#8]                 Book.java:2525 | Book stored as D:\Program\Python\Piano\WatashiwaWatashinoKotogaSuki_Audiveris\WatashiwaWatashinoKotogaSuki.omr
2026-05-25 00:06:31,408 INFO [WatashiwaWatashinoKotogaSuki#8]            SheetStub.java:1655 | Sheet#8 disposed
2026-05-25 00:06:31,427 INFO [WatashiwaWatashinoKotogaSuki#8]                 Book.java:2050 | End of Stub#8
2026-05-25 00:06:31,427 INFO [WatashiwaWatashinoKotogaSuki#9]       StepMonitoring.java:98   | LOAD
2026-05-25 00:06:31,447 INFO [WatashiwaWatashinoKotogaSuki#9]            SheetStub.java:1278 | Loaded image #9 2479x3508 from D:\Program\Python\Piano\WatashiwaWatashinoKotogaSuki.pdf
2026-05-25 00:06:31,447 INFO [WatashiwaWatashinoKotogaSuki#9]       StepMonitoring.java:98   | BINARY
2026-05-25 00:06:31,674 INFO [WatashiwaWatashinoKotogaSuki#9]       StepMonitoring.java:98   | SCALE
2026-05-25 00:06:31,675 INFO [WatashiwaWatashinoKotogaSuki#9]         ScaleBuilder.java:255  | Beam  guessed height: 11 -- mid of [5..18]
2026-05-25 00:06:31,675 INFO [WatashiwaWatashinoKotogaSuki#9]         ScaleBuilder.java:271  | Beam measured height: 10 -- 0.38 of [5..18] range at 441% of needed quorum
2026-05-25 00:06:31,675 INFO [WatashiwaWatashinoKotogaSuki#9]         ScaleBuilder.java:401  | Normalized black jitter: 10.53 %
2026-05-25 00:06:31,675 INFO [WatashiwaWatashinoKotogaSuki#9]            ScaleStep.java:65   | Scale{ interline(19,19,20) line(2,2,4) beam(10)}
2026-05-25 00:06:31,675 INFO [WatashiwaWatashinoKotogaSuki#9]       StepMonitoring.java:98   | GRID
2026-05-25 00:06:31,730 INFO [WatashiwaWatashinoKotogaSuki#9]       LinesRetriever.java:1500 | Global slope: 0.00000
2026-05-25 00:06:31,736 INFO [WatashiwaWatashinoKotogaSuki#9]    ClustersRetriever.java:326  | Retrieved raw line clusters: 10 of sizes [5] with interline(19,19,20)
2026-05-25 00:06:31,769 INFO [WatashiwaWatashinoKotogaSuki#9]            PeakGraph.java:310  | Systems: #1[1, 2] #2[3, 4] #3[5, 6] #4[7, 8] #5[9, 10]
2026-05-25 00:06:31,877 INFO [WatashiwaWatashinoKotogaSuki#9]        SystemManager.java:779  | 1 part along 5 systems
2026-05-25 00:06:31,877 INFO [WatashiwaWatashinoKotogaSuki#9]       StepMonitoring.java:98   | HEADERS
2026-05-25 00:06:32,015 INFO [WatashiwaWatashinoKotogaSuki#9]       StepMonitoring.java:98   | STEM_SEEDS
2026-05-25 00:06:32,030 INFO [WatashiwaWatashinoKotogaSuki#9]        StemSeedsStep.java:86   | stem(2 max:3)
2026-05-25 00:06:32,035 INFO [WatashiwaWatashinoKotogaSuki#9]       StepMonitoring.java:98   | BEAMS
2026-05-25 00:06:33,821 INFO [WatashiwaWatashinoKotogaSuki#9]       StepMonitoring.java:98   | LEDGERS
2026-05-25 00:06:33,897 INFO [WatashiwaWatashinoKotogaSuki#9]       StepMonitoring.java:98   | HEADS
2026-05-25 00:06:36,952 INFO [WatashiwaWatashinoKotogaSuki#9]        HeadSeedTally.java:235  | Scale information: HeadSeeds{NOTEHEAD_BLACK[L:-0.6,R:-0.6]}
2026-05-25 00:06:36,953 INFO [WatashiwaWatashinoKotogaSuki#9]       StepMonitoring.java:98   | STEMS
2026-05-25 00:06:37,248 INFO [WatashiwaWatashinoKotogaSuki#9]       StepMonitoring.java:98   | REDUCTION
2026-05-25 00:06:37,294 INFO [WatashiwaWatashinoKotogaSuki#9]        ReductionStep.java:105  | Stems free length median value: 67 pixels, 3.5 interlines
2026-05-25 00:06:37,296 INFO [WatashiwaWatashinoKotogaSuki#9]       StepMonitoring.java:98   | CUE_BEAMS
2026-05-25 00:06:37,296 INFO [WatashiwaWatashinoKotogaSuki#9]         CueBeamsStep.java:81   | Step CUE_BEAMS is skipped because small heads switch is off
2026-05-25 00:06:37,296 INFO [WatashiwaWatashinoKotogaSuki#9]       StepMonitoring.java:98   | TEXTS
2026-05-25 00:06:37,354 WARN [WatashiwaWatashinoKotogaSuki#9]         TesseractOCR.java:341  | Language 'eng' is not supported
2026-05-25 00:06:37,354 INFO [WatashiwaWatashinoKotogaSuki#9]              OcrUtil.java:106  | Missing support for 'eng' language(s)
2026-05-25 00:06:37,356 INFO [WatashiwaWatashinoKotogaSuki#9]       StepMonitoring.java:98   | MEASURES
2026-05-25 00:06:37,357 INFO [WatashiwaWatashinoKotogaSuki#9]                 Page.java:307  | 20 raw measures: [4 in system#1, 4 in system#2, 4 in system#3, 4 in system#4, 4 in system#5]
2026-05-25 00:06:37,357 INFO [WatashiwaWatashinoKotogaSuki#9]       StepMonitoring.java:98   | CHORDS
2026-05-25 00:06:37,359 INFO [WatashiwaWatashinoKotogaSuki#9]       StepMonitoring.java:98   | CURVES
2026-05-25 00:06:37,619 INFO [WatashiwaWatashinoKotogaSuki#9]         SlursBuilder.java:240  | Slurs: 60
2026-05-25 00:06:37,628 INFO [WatashiwaWatashinoKotogaSuki#9]      SegmentsBuilder.java:155  | Segments: 40
2026-05-25 00:06:37,630 INFO [WatashiwaWatashinoKotogaSuki#9]       StepMonitoring.java:98   | SYMBOLS
2026-05-25 00:06:37,876 INFO [WatashiwaWatashinoKotogaSuki#9]       StepMonitoring.java:98   | LINKS
2026-05-25 00:06:37,878 INFO [WatashiwaWatashinoKotogaSuki#9]        SymbolsLinker.java:258  | No chord linked to OctaveShiftInter#7941{(0.655) staff:1 QUINDICESIMA ALTA} at java.awt.Point[x=193,y=374]
2026-05-25 00:06:37,878 INFO [WatashiwaWatashinoKotogaSuki#9]        SymbolsLinker.java:258  | No chord linked to OctaveShiftInter#7943{(0.592) staff:1 QUINDICESIMA ALTA} at java.awt.Point[x=193,y=374]
2026-05-25 00:06:37,878 INFO [WatashiwaWatashinoKotogaSuki#9]        SymbolsLinker.java:258  | No chord linked to OctaveShiftInter#7948{(0.388) staff:2 QUINDICESIMA BASSA} at java.awt.Point[x=194,y=1017]
2026-05-25 00:06:37,878 INFO [WatashiwaWatashinoKotogaSuki#9]             KeyInter.java:1189 | No effective key before AlterInter#7996{(0.800) staff:1 NATURAL pitch:-4.0}
2026-05-25 00:06:37,878 INFO [WatashiwaWatashinoKotogaSuki#9]             KeyInter.java:1189 | No effective key before AlterInter#7992{(0.800) staff:2 NATURAL pitch:-4.0}
2026-05-25 00:06:37,878 INFO [WatashiwaWatashinoKotogaSuki#9]             KeyInter.java:1189 | No effective key before AlterInter#7997{(0.800) staff:2 NATURAL pitch:5.0}
2026-05-25 00:06:37,882 INFO [WatashiwaWatashinoKotogaSuki#9]        SymbolsLinker.java:258  | No chord linked to OctaveShiftInter#8083{(0.388) staff:3 QUINDICESIMA ALTA} at java.awt.Point[x=194,y=1017]
2026-05-25 00:06:37,882 INFO [WatashiwaWatashinoKotogaSuki#9]        SymbolsLinker.java:258  | No chord linked to OctaveShiftInter#8085{(0.388) staff:4 QUINDICESIMA BASSA} at java.awt.Point[x=194,y=1585]
2026-05-25 00:06:37,886 INFO [WatashiwaWatashinoKotogaSuki#9]        SymbolsLinker.java:258  | No chord linked to OctaveShiftInter#8122{(0.388) staff:5 QUINDICESIMA ALTA} at java.awt.Point[x=194,y=1585]
2026-05-25 00:06:37,886 INFO [WatashiwaWatashinoKotogaSuki#9]             KeyInter.java:1189 | No effective key before AlterInter#8175{(0.800) staff:5 NATURAL pitch:-3.0}
2026-05-25 00:06:37,886 INFO [WatashiwaWatashinoKotogaSuki#9]             KeyInter.java:1189 | No effective key before AlterInter#8198{(0.800) staff:6 NATURAL pitch:-5.0}
2026-05-25 00:06:37,890 INFO [WatashiwaWatashinoKotogaSuki#9]             KeyInter.java:1189 | No effective key before AlterInter#8282{(0.800) staff:7 NATURAL pitch:-2.0}
2026-05-25 00:06:37,896 INFO [WatashiwaWatashinoKotogaSuki#9]             KeyInter.java:1189 | No effective key before AlterInter#8297{(0.800) staff:10 NATURAL pitch:-4.0}
2026-05-25 00:06:37,896 INFO [WatashiwaWatashinoKotogaSuki#9]             KeyInter.java:1189 | No effective key before AlterInter#8301{(0.800) staff:10 NATURAL pitch:3.0}
2026-05-25 00:06:37,899 INFO [WatashiwaWatashinoKotogaSuki#9]       StepMonitoring.java:98   | RHYTHMS
2026-05-25 00:06:37,899 INFO [WatashiwaWatashinoKotogaSuki#9]           PageRhythm.java:199  | {Page#9.1} Time value reused from sheet#1
2026-05-25 00:06:37,900 INFO [WatashiwaWatashinoKotogaSuki#9]                Voice.java:257  | Measure{#2} Voice{#1 excess:1/8} too long
2026-05-25 00:06:37,900 INFO [WatashiwaWatashinoKotogaSuki#9]          StackRhythm.java:224  | S1 MeasureStack#2 no correct rhythm
2026-05-25 00:06:37,909 INFO [WatashiwaWatashinoKotogaSuki#9]       StepMonitoring.java:98   | PAGE
2026-05-25 00:06:37,910 INFO [WatashiwaWatashinoKotogaSuki#9]                Voice.java:257  | Measure{#2} Voice{#1 excess:1/8} too long
2026-05-25 00:06:37,910 INFO [WatashiwaWatashinoKotogaSuki#9]                 Book.java:2584 | Book{WatashiwaWatashinoKotogaSuki} storing
2026-05-25 00:06:37,951 INFO [WatashiwaWatashinoKotogaSuki#9]                 Book.java:2565 | Stored /book.xml
2026-05-25 00:06:37,992 INFO [WatashiwaWatashinoKotogaSuki#9]           DataHolder.java:348  | Stored /sheet#9/BINARY.png
2026-05-25 00:06:38,317 INFO [WatashiwaWatashinoKotogaSuki#9]                Sheet.java:1583 | Stored /sheet#9/sheet#9.xml
2026-05-25 00:06:38,319 INFO [WatashiwaWatashinoKotogaSuki#9]                 Book.java:2525 | Book stored as D:\Program\Python\Piano\WatashiwaWatashinoKotogaSuki_Audiveris\WatashiwaWatashinoKotogaSuki.omr
2026-05-25 00:06:38,324 INFO [WatashiwaWatashinoKotogaSuki#9]            SheetStub.java:1655 | Sheet#9 disposed
2026-05-25 00:06:38,346 INFO [WatashiwaWatashinoKotogaSuki#9]                 Book.java:2050 | End of Stub#9
2026-05-25 00:06:38,346 INFO [WatashiwaWatashinoKotogaSuki#10]       StepMonitoring.java:98   | LOAD
2026-05-25 00:06:38,489 INFO [WatashiwaWatashinoKotogaSuki#10]            SheetStub.java:1278 | Loaded image #10 2479x3508 from D:\Program\Python\Piano\WatashiwaWatashinoKotogaSuki.pdf
2026-05-25 00:06:38,489 INFO [WatashiwaWatashinoKotogaSuki#10]       StepMonitoring.java:98   | BINARY
2026-05-25 00:06:38,731 INFO [WatashiwaWatashinoKotogaSuki#10]       StepMonitoring.java:98   | SCALE
2026-05-25 00:06:38,732 INFO [WatashiwaWatashinoKotogaSuki#10]         ScaleBuilder.java:255  | Beam  guessed height: 11 -- mid of [5..18]
2026-05-25 00:06:38,732 INFO [WatashiwaWatashinoKotogaSuki#10]         ScaleBuilder.java:271  | Beam measured height: 10 -- 0.38 of [5..18] range at 338% of needed quorum
2026-05-25 00:06:38,732 INFO [WatashiwaWatashinoKotogaSuki#10]         ScaleBuilder.java:401  | Normalized black jitter: 5.26 %
2026-05-25 00:06:38,732 INFO [WatashiwaWatashinoKotogaSuki#10]            ScaleStep.java:65   | Scale{ interline(19,19,20) line(2,2,3) beam(10)}
2026-05-25 00:06:38,732 INFO [WatashiwaWatashinoKotogaSuki#10]       StepMonitoring.java:98   | GRID
2026-05-25 00:06:38,797 INFO [WatashiwaWatashinoKotogaSuki#10]       LinesRetriever.java:1500 | Global slope: 0.00000
2026-05-25 00:06:38,802 INFO [WatashiwaWatashinoKotogaSuki#10]    ClustersRetriever.java:326  | Retrieved raw line clusters: 10 of sizes [5] with interline(19,19,20)
2026-05-25 00:06:38,833 INFO [WatashiwaWatashinoKotogaSuki#10]            PeakGraph.java:310  | Systems: #1[1, 2] #2[3, 4] #3[5, 6] #4[7, 8] #5[9, 10]
2026-05-25 00:06:38,903 INFO [WatashiwaWatashinoKotogaSuki#10]        SystemManager.java:779  | 1 part along 5 systems
2026-05-25 00:06:38,903 INFO [WatashiwaWatashinoKotogaSuki#10]       StepMonitoring.java:98   | HEADERS
2026-05-25 00:06:39,025 INFO [WatashiwaWatashinoKotogaSuki#10]       StepMonitoring.java:98   | STEM_SEEDS
2026-05-25 00:06:39,042 INFO [WatashiwaWatashinoKotogaSuki#10]        StemSeedsStep.java:86   | stem(2 max:3)
2026-05-25 00:06:39,047 INFO [WatashiwaWatashinoKotogaSuki#10]       StepMonitoring.java:98   | BEAMS
2026-05-25 00:06:40,924 INFO [WatashiwaWatashinoKotogaSuki#10]       StepMonitoring.java:98   | LEDGERS
2026-05-25 00:06:41,005 INFO [WatashiwaWatashinoKotogaSuki#10]       StepMonitoring.java:98   | HEADS
2026-05-25 00:06:44,256 INFO [WatashiwaWatashinoKotogaSuki#10]        HeadSeedTally.java:235  | Scale information: HeadSeeds{NOTEHEAD_BLACK[L:-0.6,R:-0.5]}
2026-05-25 00:06:44,256 INFO [WatashiwaWatashinoKotogaSuki#10]       StepMonitoring.java:98   | STEMS
2026-05-25 00:06:44,724 INFO [WatashiwaWatashinoKotogaSuki#10]       StepMonitoring.java:98   | REDUCTION
2026-05-25 00:06:44,788 INFO [WatashiwaWatashinoKotogaSuki#10]        ReductionStep.java:105  | Stems free length median value: 68 pixels, 3.6 interlines
2026-05-25 00:06:44,790 INFO [WatashiwaWatashinoKotogaSuki#10]       StepMonitoring.java:98   | CUE_BEAMS
2026-05-25 00:06:44,790 INFO [WatashiwaWatashinoKotogaSuki#10]         CueBeamsStep.java:81   | Step CUE_BEAMS is skipped because small heads switch is off
2026-05-25 00:06:44,791 INFO [WatashiwaWatashinoKotogaSuki#10]       StepMonitoring.java:98   | TEXTS
2026-05-25 00:06:44,853 WARN [WatashiwaWatashinoKotogaSuki#10]         TesseractOCR.java:341  | Language 'eng' is not supported
2026-05-25 00:06:44,855 INFO [WatashiwaWatashinoKotogaSuki#10]              OcrUtil.java:106  | Missing support for 'eng' language(s)
2026-05-25 00:06:44,856 INFO [WatashiwaWatashinoKotogaSuki#10]       StepMonitoring.java:98   | MEASURES
2026-05-25 00:06:44,856 INFO [WatashiwaWatashinoKotogaSuki#10]                 Page.java:307  | 19 raw measures: [4 in system#1, 4 in system#2, 4 in system#3, 4 in system#4, 3 in system#5]
2026-05-25 00:06:44,856 INFO [WatashiwaWatashinoKotogaSuki#10]       StepMonitoring.java:98   | CHORDS
2026-05-25 00:06:44,859 INFO [WatashiwaWatashinoKotogaSuki#10]       StepMonitoring.java:98   | CURVES
2026-05-25 00:06:45,124 INFO [WatashiwaWatashinoKotogaSuki#10]         SlursBuilder.java:240  | Slurs: 92
2026-05-25 00:06:45,142 INFO [WatashiwaWatashinoKotogaSuki#10]      SegmentsBuilder.java:155  | Segments: 54
2026-05-25 00:06:45,144 INFO [WatashiwaWatashinoKotogaSuki#10]       StepMonitoring.java:98   | SYMBOLS
2026-05-25 00:06:45,411 INFO [WatashiwaWatashinoKotogaSuki#10]       StepMonitoring.java:98   | LINKS
2026-05-25 00:06:45,411 INFO [WatashiwaWatashinoKotogaSuki#10]             KeyInter.java:1189 | No effective key before AlterInter#9429{(0.630) staff:2 NATURAL pitch:-4.0}
2026-05-25 00:06:45,416 INFO [WatashiwaWatashinoKotogaSuki#10]        SymbolsLinker.java:258  | No chord linked to OctaveShiftInter#9464{(0.243) staff:4 QUINDICESIMA BASSA} at java.awt.Point[x=194,y=1665]
2026-05-25 00:06:45,416 INFO [WatashiwaWatashinoKotogaSuki#10]        SymbolsLinker.java:258  | No chord linked to OctaveShiftInter#9468{(0.388) staff:4 QUINDICESIMA BASSA} at java.awt.Point[x=193,y=1665]
2026-05-25 00:06:45,416 INFO [WatashiwaWatashinoKotogaSuki#10]        SymbolsLinker.java:258  | No chord linked to OctaveShiftInter#9472{(0.385) staff:4 OTTAVA BASSA} at java.awt.Point[x=201,y=1665]
2026-05-25 00:06:45,422 INFO [WatashiwaWatashinoKotogaSuki#10]             KeyInter.java:1189 | No effective key before AlterInter#9581{(0.800) staff:5 NATURAL pitch:-2.0}
2026-05-25 00:06:45,422 INFO [WatashiwaWatashinoKotogaSuki#10]             KeyInter.java:1189 | No effective key before AlterInter#9592{(0.800) staff:5 NATURAL pitch:-3.0}
2026-05-25 00:06:45,422 INFO [WatashiwaWatashinoKotogaSuki#10]             KeyInter.java:1189 | No effective key before AlterInter#9600{(0.800) staff:5 NATURAL pitch:3.0}
2026-05-25 00:06:45,422 INFO [WatashiwaWatashinoKotogaSuki#10]             KeyInter.java:1189 | No effective key before AlterInter#9602{(0.800) staff:5 NATURAL pitch:0.0}
2026-05-25 00:06:45,422 INFO [WatashiwaWatashinoKotogaSuki#10]             KeyInter.java:1189 | No effective key before AlterInter#9575{(0.800) staff:6 NATURAL pitch:-1.0}
2026-05-25 00:06:45,422 INFO [WatashiwaWatashinoKotogaSuki#10]             KeyInter.java:1189 | No effective key before AlterInter#9599{(0.800) staff:6 NATURAL pitch:-2.0}
2026-05-25 00:06:45,422 INFO [WatashiwaWatashinoKotogaSuki#10]             KeyInter.java:1189 | No effective key before AlterInter#9604{(0.800) staff:6 NATURAL pitch:-5.0}
2026-05-25 00:06:45,436 INFO [WatashiwaWatashinoKotogaSuki#10]             KeyInter.java:1189 | No effective key before AlterInter#9697{(0.800) staff:9 NATURAL pitch:-3.0}
2026-05-25 00:06:45,436 INFO [WatashiwaWatashinoKotogaSuki#10]             KeyInter.java:1189 | No effective key before AlterInter#9698{(0.800) staff:10 NATURAL pitch:0.0}
2026-05-25 00:06:45,442 INFO [WatashiwaWatashinoKotogaSuki#10]       StepMonitoring.java:98   | RHYTHMS
2026-05-25 00:06:45,442 INFO [WatashiwaWatashinoKotogaSuki#10]           PageRhythm.java:199  | {Page#10.1} Time value reused from sheet#1
2026-05-25 00:06:45,446 INFO [WatashiwaWatashinoKotogaSuki#10]                Voice.java:257  | Measure{#9} Voice{#5 excess:1/8} too long
2026-05-25 00:06:45,446 INFO [WatashiwaWatashinoKotogaSuki#10]                Voice.java:257  | Measure{#9} Voice{#2 excess:1/8} too long
2026-05-25 00:06:45,446 INFO [WatashiwaWatashinoKotogaSuki#10]          StackRhythm.java:224  | S3 MeasureStack#9 no correct rhythm
2026-05-25 00:06:45,454 INFO [WatashiwaWatashinoKotogaSuki#10]       StepMonitoring.java:98   | PAGE
2026-05-25 00:06:45,456 INFO [WatashiwaWatashinoKotogaSuki#10]                Voice.java:257  | Measure{#9} Voice{#2 excess:1/8} too long
2026-05-25 00:06:45,456 INFO [WatashiwaWatashinoKotogaSuki#10]                Voice.java:257  | Measure{#9} Voice{#5 excess:1/8} too long
2026-05-25 00:06:45,456 INFO [WatashiwaWatashinoKotogaSuki#10]                 Book.java:2584 | Book{WatashiwaWatashinoKotogaSuki} storing
2026-05-25 00:06:45,495 INFO [WatashiwaWatashinoKotogaSuki#10]                 Book.java:2565 | Stored /book.xml
2026-05-25 00:06:45,540 INFO [WatashiwaWatashinoKotogaSuki#10]           DataHolder.java:348  | Stored /sheet#10/BINARY.png
2026-05-25 00:06:45,918 INFO [WatashiwaWatashinoKotogaSuki#10]                Sheet.java:1583 | Stored /sheet#10/sheet#10.xml
2026-05-25 00:06:45,918 INFO [WatashiwaWatashinoKotogaSuki#10]                 Book.java:2525 | Book stored as D:\Program\Python\Piano\WatashiwaWatashinoKotogaSuki_Audiveris\WatashiwaWatashinoKotogaSuki.omr
2026-05-25 00:06:45,923 INFO [WatashiwaWatashinoKotogaSuki#10]            SheetStub.java:1655 | Sheet#10 disposed
2026-05-25 00:06:45,943 INFO [WatashiwaWatashinoKotogaSuki#10]                 Book.java:2050 | End of Stub#10
2026-05-25 00:06:45,944 INFO [WatashiwaWatashinoKotogaSuki#11]       StepMonitoring.java:98   | LOAD
2026-05-25 00:06:45,966 INFO [WatashiwaWatashinoKotogaSuki#11]            SheetStub.java:1278 | Loaded image #11 2479x3508 from D:\Program\Python\Piano\WatashiwaWatashinoKotogaSuki.pdf
2026-05-25 00:06:45,967 INFO [WatashiwaWatashinoKotogaSuki#11]       StepMonitoring.java:98   | BINARY
2026-05-25 00:06:46,178 INFO [WatashiwaWatashinoKotogaSuki#11]       StepMonitoring.java:98   | SCALE
2026-05-25 00:06:46,178 INFO [WatashiwaWatashinoKotogaSuki#11]         ScaleBuilder.java:255  | Beam  guessed height: 11 -- mid of [5..18]
2026-05-25 00:06:46,178 INFO [WatashiwaWatashinoKotogaSuki#11]         ScaleBuilder.java:271  | Beam measured height: 10 -- 0.38 of [5..18] range at 335% of needed quorum
2026-05-25 00:06:46,178 INFO [WatashiwaWatashinoKotogaSuki#11]         ScaleBuilder.java:401  | Normalized black jitter: 10.53 %
2026-05-25 00:06:46,178 INFO [WatashiwaWatashinoKotogaSuki#11]            ScaleStep.java:65   | Scale{ interline(19,19,20) line(2,2,4) beam(10)}
2026-05-25 00:06:46,178 INFO [WatashiwaWatashinoKotogaSuki#11]       StepMonitoring.java:98   | GRID
2026-05-25 00:06:46,193 INFO [WatashiwaWatashinoKotogaSuki#11]       LinesRetriever.java:1500 | Global slope: 0.00000
2026-05-25 00:06:46,194 INFO [WatashiwaWatashinoKotogaSuki#11]    ClustersRetriever.java:326  | Retrieved raw line clusters: 2 of sizes [5] with interline(19,19,20)
2026-05-25 00:06:46,196 INFO [WatashiwaWatashinoKotogaSuki#11]            PeakGraph.java:310  | Systems: #1[1, 2]
2026-05-25 00:06:46,231 INFO [WatashiwaWatashinoKotogaSuki#11]        SystemManager.java:779  | 1 part along 1 system
2026-05-25 00:06:46,231 INFO [WatashiwaWatashinoKotogaSuki#11]       StepMonitoring.java:98   | HEADERS
2026-05-25 00:06:46,259 INFO [WatashiwaWatashinoKotogaSuki#11]       StepMonitoring.java:98   | STEM_SEEDS
2026-05-25 00:06:46,272 INFO [WatashiwaWatashinoKotogaSuki#11]        StemSeedsStep.java:86   | stem(2 max:3)
2026-05-25 00:06:46,274 INFO [WatashiwaWatashinoKotogaSuki#11]       StepMonitoring.java:98   | BEAMS
2026-05-25 00:06:47,707 INFO [WatashiwaWatashinoKotogaSuki#11]       StepMonitoring.java:98   | LEDGERS
2026-05-25 00:06:47,722 INFO [WatashiwaWatashinoKotogaSuki#11]       StepMonitoring.java:98   | HEADS
2026-05-25 00:06:48,150 INFO [WatashiwaWatashinoKotogaSuki#11]        HeadSeedTally.java:235  | Scale information: HeadSeeds{NOTEHEAD_BLACK[L:-0.5,R:-0.5]}
2026-05-25 00:06:48,151 INFO [WatashiwaWatashinoKotogaSuki#11]       StepMonitoring.java:98   | STEMS
2026-05-25 00:06:48,182 INFO [WatashiwaWatashinoKotogaSuki#11]       StepMonitoring.java:98   | REDUCTION
2026-05-25 00:06:48,188 INFO [WatashiwaWatashinoKotogaSuki#11]        ReductionStep.java:105  | Stems free length median value: 145 pixels, 7.6 interlines
2026-05-25 00:06:48,188 INFO [WatashiwaWatashinoKotogaSuki#11]       StepMonitoring.java:98   | CUE_BEAMS
2026-05-25 00:06:48,188 INFO [WatashiwaWatashinoKotogaSuki#11]         CueBeamsStep.java:81   | Step CUE_BEAMS is skipped because small heads switch is off
2026-05-25 00:06:48,188 INFO [WatashiwaWatashinoKotogaSuki#11]       StepMonitoring.java:98   | TEXTS
2026-05-25 00:06:48,216 WARN [WatashiwaWatashinoKotogaSuki#11]         TesseractOCR.java:341  | Language 'eng' is not supported
2026-05-25 00:06:48,216 INFO [WatashiwaWatashinoKotogaSuki#11]              OcrUtil.java:106  | Missing support for 'eng' language(s)
2026-05-25 00:06:48,217 INFO [WatashiwaWatashinoKotogaSuki#11]       StepMonitoring.java:98   | MEASURES
2026-05-25 00:06:48,217 INFO [WatashiwaWatashinoKotogaSuki#11]                 Page.java:307  | 2 raw measures: [2 in system#1]
2026-05-25 00:06:48,217 INFO [WatashiwaWatashinoKotogaSuki#11]       StepMonitoring.java:98   | CHORDS
2026-05-25 00:06:48,217 INFO [WatashiwaWatashinoKotogaSuki#11]       StepMonitoring.java:98   | CURVES
2026-05-25 00:06:48,392 INFO [WatashiwaWatashinoKotogaSuki#11]         SlursBuilder.java:240  | Slurs: 13
2026-05-25 00:06:48,393 INFO [WatashiwaWatashinoKotogaSuki#11]      SegmentsBuilder.java:155  | Segments: 8
2026-05-25 00:06:48,393 INFO [WatashiwaWatashinoKotogaSuki#11]       StepMonitoring.java:98   | SYMBOLS
2026-05-25 00:06:48,482 INFO [WatashiwaWatashinoKotogaSuki#11]       StepMonitoring.java:98   | LINKS
2026-05-25 00:06:48,483 INFO [WatashiwaWatashinoKotogaSuki#11]             KeyInter.java:1189 | No effective key before AlterInter#902{(0.800) staff:1 NATURAL pitch:3.0}
2026-05-25 00:06:48,483 INFO [WatashiwaWatashinoKotogaSuki#11]             KeyInter.java:1189 | No effective key before AlterInter#941{(0.706) staff:1 NATURAL pitch:2.0}
2026-05-25 00:06:48,483 INFO [WatashiwaWatashinoKotogaSuki#11]             KeyInter.java:1189 | No effective key before AlterInter#901{(0.800) staff:2 NATURAL pitch:-2.0}
2026-05-25 00:06:48,486 INFO [WatashiwaWatashinoKotogaSuki#11]       StepMonitoring.java:98   | RHYTHMS
2026-05-25 00:06:48,486 INFO [WatashiwaWatashinoKotogaSuki#11]           PageRhythm.java:199  | {Page#11.1} Time value reused from sheet#1
2026-05-25 00:06:48,487 INFO [WatashiwaWatashinoKotogaSuki#11]       StepMonitoring.java:98   | PAGE
2026-05-25 00:06:48,487 INFO [WatashiwaWatashinoKotogaSuki#11]                 Book.java:2584 | Book{WatashiwaWatashinoKotogaSuki} storing
2026-05-25 00:06:48,517 INFO [WatashiwaWatashinoKotogaSuki#11]                 Book.java:2565 | Stored /book.xml
2026-05-25 00:06:48,552 INFO [WatashiwaWatashinoKotogaSuki#11]           DataHolder.java:348  | Stored /sheet#11/BINARY.png
2026-05-25 00:06:48,591 INFO [WatashiwaWatashinoKotogaSuki#11]                Sheet.java:1583 | Stored /sheet#11/sheet#11.xml
2026-05-25 00:06:48,591 INFO [WatashiwaWatashinoKotogaSuki#11]                 Book.java:2525 | Book stored as D:\Program\Python\Piano\WatashiwaWatashinoKotogaSuki_Audiveris\WatashiwaWatashinoKotogaSuki.omr
2026-05-25 00:06:48,597 INFO [WatashiwaWatashinoKotogaSuki#11]            SheetStub.java:1655 | Sheet#11 disposed
2026-05-25 00:06:48,617 INFO [WatashiwaWatashinoKotogaSuki#11]                 Book.java:2050 | End of Stub#11
2026-05-25 00:06:48,617 INFO [WatashiwaWatashinoKotogaSuki]                 Book.java:2057 | End of Book{WatashiwaWatashinoKotogaSuki}
2026-05-25 00:06:48,840 INFO [WatashiwaWatashinoKotogaSuki]            SheetStub.java:1000 | Loaded /sheet#1/sheet#1.xml
2026-05-25 00:06:48,994 INFO [WatashiwaWatashinoKotogaSuki]            SheetStub.java:1000 | Loaded /sheet#2/sheet#2.xml
2026-05-25 00:06:49,134 INFO [WatashiwaWatashinoKotogaSuki]            SheetStub.java:1000 | Loaded /sheet#3/sheet#3.xml
2026-05-25 00:06:49,277 INFO [WatashiwaWatashinoKotogaSuki]            SheetStub.java:1000 | Loaded /sheet#4/sheet#4.xml
2026-05-25 00:06:49,412 INFO [WatashiwaWatashinoKotogaSuki]            SheetStub.java:1000 | Loaded /sheet#5/sheet#5.xml
2026-05-25 00:06:49,549 INFO [WatashiwaWatashinoKotogaSuki]            SheetStub.java:1000 | Loaded /sheet#6/sheet#6.xml
2026-05-25 00:06:49,695 INFO [WatashiwaWatashinoKotogaSuki]            SheetStub.java:1000 | Loaded /sheet#7/sheet#7.xml
2026-05-25 00:06:49,805 INFO [WatashiwaWatashinoKotogaSuki]            SheetStub.java:1000 | Loaded /sheet#8/sheet#8.xml
2026-05-25 00:06:49,917 INFO [WatashiwaWatashinoKotogaSuki]            SheetStub.java:1000 | Loaded /sheet#9/sheet#9.xml
2026-05-25 00:06:50,035 INFO [WatashiwaWatashinoKotogaSuki]            SheetStub.java:1000 | Loaded /sheet#10/sheet#10.xml
2026-05-25 00:06:50,120 INFO [WatashiwaWatashinoKotogaSuki]            SheetStub.java:1000 | Loaded /sheet#11/sheet#11.xml
2026-05-25 00:06:50,344 INFO [WatashiwaWatashinoKotogaSuki]      PartwiseBuilder.java:2706 | Exporting sheet(s): [#1#2#3#4#5#6#7#8#9#10#11]
2026-05-25 00:06:50,565 INFO [WatashiwaWatashinoKotogaSuki]        ScoreExporter.java:164  | Score WatashiwaWatashinoKotogaSuki exported to D:\Program\Python\Piano\WatashiwaWatashinoKotogaSuki_Audiveris\WatashiwaWatashinoKotogaSuki.mxl
2026-05-25 00:06:50,620 INFO [WatashiwaWatashinoKotogaSuki]                Score.java:181  | Closing {Score 1}
