2026-05-24 02:50:01,209 INFO [Ray]                 Book.java:560  | 5 sheets in D:\Program\Python\Piano\Ray.pdf
2026-05-24 02:50:01,345 INFO []                 Book.java:2565 | Stored /book.xml
2026-05-24 02:50:01,347 INFO []                 Book.java:2525 | Book stored as D:\Program\Python\Piano\Ray\Ray.omr
2026-05-24 02:50:01,351 INFO []                 Book.java:1929 | Book reaching PAGE on sheets:[#1#2#3#4#5]
2026-05-24 02:50:01,354 INFO [Ray#1]       StepMonitoring.java:98   | LOAD
2026-05-24 02:50:01,811 INFO [Ray#1]            SheetStub.java:1278 | Loaded image #1 2479x3508 from D:\Program\Python\Piano\Ray.pdf
2026-05-24 02:50:01,816 INFO [Ray#1]       StepMonitoring.java:98   | BINARY
2026-05-24 02:50:02,215 INFO [Ray#1]       StepMonitoring.java:98   | SCALE
2026-05-24 02:50:02,240 INFO [Ray#1]         ScaleBuilder.java:255  | Beam  guessed height: 13 -- mid of [6..20]
2026-05-24 02:50:02,242 INFO [Ray#1]         ScaleBuilder.java:271  | Beam measured height: 10 -- 0.29 of [6..20] range at 385% of needed quorum
2026-05-24 02:50:02,243 INFO [Ray#1]         ScaleBuilder.java:401  | Normalized black jitter: 0.00 %
2026-05-24 02:50:02,243 INFO [Ray#1]            ScaleStep.java:65   | Scale{ interline(20,21,21) line(3,3,3) beam(10)}
2026-05-24 02:50:02,244 INFO [Ray#1]       StepMonitoring.java:98   | GRID
2026-05-24 02:50:02,583 INFO [Ray#1]       LinesRetriever.java:1500 | Global slope: 0.00000
2026-05-24 02:50:02,623 INFO [Ray#1]    ClustersRetriever.java:326  | Retrieved raw line clusters: 8 of sizes [5] with interline(20,21,21)
2026-05-24 02:50:02,788 INFO [Ray#1]            PeakGraph.java:310  | Systems: #1[1, 2] #2[3, 4] #3[5, 6] #4[7, 8]
2026-05-24 02:50:02,994 INFO [Ray#1]        SystemManager.java:134  | Indentation detected for system #1
2026-05-24 02:50:02,995 INFO [Ray#1]        SystemManager.java:779  | 1 part along 4 systems
2026-05-24 02:50:02,996 INFO [Ray#1]                 Book.java:543  | Created scores: [{Score 1}]
2026-05-24 02:50:02,996 INFO [Ray#1]       StepMonitoring.java:98   | HEADERS
2026-05-24 02:50:04,189 INFO [Ray#1]       StepMonitoring.java:98   | STEM_SEEDS
2026-05-24 02:50:04,230 INFO [Ray#1]        StemSeedsStep.java:86   | stem(2 max:3)
2026-05-24 02:50:04,293 INFO [Ray#1]       StepMonitoring.java:98   | BEAMS
2026-05-24 02:50:06,807 INFO [Ray#1]       StepMonitoring.java:98   | LEDGERS
2026-05-24 02:50:06,994 INFO [Ray#1]       StepMonitoring.java:98   | HEADS
2026-05-24 02:50:10,084 INFO [Ray#1]        HeadSeedTally.java:235  | Scale information: HeadSeeds{NOTEHEAD_BLACK[L:-0.5,R:-0.6]}
2026-05-24 02:50:10,085 INFO [Ray#1]       StepMonitoring.java:98   | STEMS
2026-05-24 02:50:10,594 INFO [Ray#1]       StepMonitoring.java:98   | REDUCTION
2026-05-24 02:50:10,697 INFO [Ray#1]        ReductionStep.java:105  | Stems free length median value: 73 pixels, 3.5 interlines
2026-05-24 02:50:10,702 INFO [Ray#1]       StepMonitoring.java:98   | CUE_BEAMS
2026-05-24 02:50:10,702 INFO [Ray#1]         CueBeamsStep.java:81   | Step CUE_BEAMS is skipped because small heads switch is off
2026-05-24 02:50:10,702 INFO [Ray#1]       StepMonitoring.java:98   | TEXTS
2026-05-24 02:50:10,809 WARN [Ray#1]         TesseractOCR.java:341  | Language 'eng' is not supported
2026-05-24 02:50:10,810 INFO [Ray#1]              OcrUtil.java:106  | Missing support for 'eng' language(s)
2026-05-24 02:50:10,822 INFO [Ray#1]       StepMonitoring.java:98   | MEASURES
2026-05-24 02:50:10,829 INFO [Ray#1]                 Page.java:307  | 12 raw measures: [3 in system#1, 3 in system#2, 3 in system#3, 3 in system#4]
2026-05-24 02:50:10,830 INFO [Ray#1]       StepMonitoring.java:98   | CHORDS
2026-05-24 02:50:10,844 INFO [Ray#1]       StepMonitoring.java:98   | CURVES
2026-05-24 02:50:11,496 INFO [Ray#1]         SlursBuilder.java:240  | Slurs: 12
2026-05-24 02:50:11,518 INFO [Ray#1]      SegmentsBuilder.java:155  | Segments: 6
2026-05-24 02:50:11,534 INFO [Ray#1]       StepMonitoring.java:98   | SYMBOLS
2026-05-24 02:50:12,178 INFO [Ray#1]       StepMonitoring.java:98   | LINKS
2026-05-24 02:50:12,202 INFO [Ray#1]        SymbolsLinker.java:258  | No chord linked to OctaveShiftInter#5185{(0.329) staff:6 OTTAVA BASSA} at java.awt.Point[x=202,y=2776]
2026-05-24 02:50:12,209 INFO [Ray#1]        SymbolsLinker.java:258  | No chord linked to OctaveShiftInter#5194{(0.329) staff:7 OTTAVA ALTA} at java.awt.Point[x=202,y=2776]
2026-05-24 02:50:12,218 INFO [Ray#1]       StepMonitoring.java:98   | RHYTHMS
2026-05-24 02:50:12,282 INFO [Ray#1]       StepMonitoring.java:98   | PAGE
2026-05-24 02:50:12,290 INFO [Ray#1]                 Book.java:2584 | Book{Ray} storing
2026-05-24 02:50:12,338 INFO [Ray#1]                 Book.java:2565 | Stored /book.xml
2026-05-24 02:50:12,435 INFO [Ray#1]           DataHolder.java:348  | Stored /sheet#1/BINARY.png
2026-05-24 02:50:12,931 INFO [Ray#1]                Sheet.java:1583 | Stored /sheet#1/sheet#1.xml
2026-05-24 02:50:12,931 INFO [Ray#1]                 Book.java:2525 | Book stored as D:\Program\Python\Piano\Ray\Ray.omr
2026-05-24 02:50:12,938 INFO [Ray#1]            SheetStub.java:1655 | Sheet#1 disposed
2026-05-24 02:50:12,972 INFO [Ray#1]                 Book.java:2050 | End of Stub#1
2026-05-24 02:50:12,973 INFO [Ray#2]       StepMonitoring.java:98   | LOAD
2026-05-24 02:50:13,099 INFO [Ray#2]            SheetStub.java:1278 | Loaded image #2 2479x3508 from D:\Program\Python\Piano\Ray.pdf
2026-05-24 02:50:13,100 INFO [Ray#2]       StepMonitoring.java:98   | BINARY
2026-05-24 02:50:13,426 INFO [Ray#2]       StepMonitoring.java:98   | SCALE
2026-05-24 02:50:13,446 INFO [Ray#2]         ScaleBuilder.java:255  | Beam  guessed height: 13 -- mid of [6..20]
2026-05-24 02:50:13,446 INFO [Ray#2]         ScaleBuilder.java:271  | Beam measured height: 10 -- 0.29 of [6..20] range at 333% of needed quorum
2026-05-24 02:50:13,446 INFO [Ray#2]         ScaleBuilder.java:401  | Normalized black jitter: 4.76 %
2026-05-24 02:50:13,446 INFO [Ray#2]            ScaleStep.java:65   | Scale{ interline(20,21,21) line(2,3,3) beam(10)}
2026-05-24 02:50:13,447 INFO [Ray#2]       StepMonitoring.java:98   | GRID
2026-05-24 02:50:13,579 INFO [Ray#2]       LinesRetriever.java:1500 | Global slope: 0.00000
2026-05-24 02:50:13,594 INFO [Ray#2]    ClustersRetriever.java:326  | Retrieved raw line clusters: 10 of sizes [5] with interline(20,21,21)
2026-05-24 02:50:13,737 INFO [Ray#2]            PeakGraph.java:310  | Systems: #1[1, 2] #2[3, 4] #3[5, 6] #4[7, 8] #5[9, 10]
2026-05-24 02:50:13,829 INFO [Ray#2]        SystemManager.java:779  | 1 part along 5 systems
2026-05-24 02:50:13,830 INFO [Ray#2]       StepMonitoring.java:98   | HEADERS
2026-05-24 02:50:14,182 INFO [Ray#2]       StepMonitoring.java:98   | STEM_SEEDS
2026-05-24 02:50:14,207 INFO [Ray#2]        StemSeedsStep.java:86   | stem(2 max:3)
2026-05-24 02:50:14,214 INFO [Ray#2]       StepMonitoring.java:98   | BEAMS
2026-05-24 02:50:16,460 INFO [Ray#2]       StepMonitoring.java:98   | LEDGERS
2026-05-24 02:50:16,566 INFO [Ray#2]       StepMonitoring.java:98   | HEADS
2026-05-24 02:50:20,553 INFO [Ray#2]        HeadSeedTally.java:235  | Scale information: HeadSeeds{NOTEHEAD_VOID[L:-0.4] NOTEHEAD_BLACK[L:-0.5,R:-0.5]}
2026-05-24 02:50:20,554 INFO [Ray#2]       StepMonitoring.java:98   | STEMS
2026-05-24 02:50:20,899 INFO [Ray#2]       StepMonitoring.java:98   | REDUCTION
2026-05-24 02:50:20,975 INFO [Ray#2]        ReductionStep.java:105  | Stems free length median value: 64 pixels, 3.0 interlines
2026-05-24 02:50:20,979 INFO [Ray#2]       StepMonitoring.java:98   | CUE_BEAMS
2026-05-24 02:50:20,979 INFO [Ray#2]         CueBeamsStep.java:81   | Step CUE_BEAMS is skipped because small heads switch is off
2026-05-24 02:50:20,979 INFO [Ray#2]       StepMonitoring.java:98   | TEXTS
2026-05-24 02:50:21,060 WARN [Ray#2]         TesseractOCR.java:341  | Language 'eng' is not supported
2026-05-24 02:50:21,062 INFO [Ray#2]              OcrUtil.java:106  | Missing support for 'eng' language(s)
2026-05-24 02:50:21,063 INFO [Ray#2]       StepMonitoring.java:98   | MEASURES
2026-05-24 02:50:21,064 INFO [Ray#2]                 Page.java:307  | 15 raw measures: [3 in system#1, 3 in system#2, 3 in system#3, 3 in system#4, 3 in system#5]
2026-05-24 02:50:21,064 INFO [Ray#2]       StepMonitoring.java:98   | CHORDS
2026-05-24 02:50:21,069 INFO [Ray#2]       StepMonitoring.java:98   | CURVES
2026-05-24 02:50:21,613 INFO [Ray#2]         SlursBuilder.java:240  | Slurs: 22
2026-05-24 02:50:21,625 INFO [Ray#2]      SegmentsBuilder.java:155  | Segments: 10
2026-05-24 02:50:21,630 INFO [Ray#2]       StepMonitoring.java:98   | SYMBOLS
2026-05-24 02:50:22,077 INFO [Ray#2]       StepMonitoring.java:98   | LINKS
2026-05-24 02:50:22,078 INFO [Ray#2]        SymbolsLinker.java:258  | No chord linked to OctaveShiftInter#5419{(0.134) staff:1 QUINDICESIMA ALTA} at java.awt.Point[x=194,y=370]
2026-05-24 02:50:22,080 INFO [Ray#2]        SymbolsLinker.java:258  | No chord linked to OctaveShiftInter#5425{(0.524) staff:2 QUINDICESIMA BASSA} at java.awt.Point[x=195,y=992]
2026-05-24 02:50:22,089 INFO [Ray#2]        SymbolsLinker.java:258  | No chord linked to OctaveShiftInter#5453{(0.524) staff:3 QUINDICESIMA ALTA} at java.awt.Point[x=195,y=992]
2026-05-24 02:50:22,100 INFO [Ray#2]        SymbolsLinker.java:258  | No chord linked to OctaveShiftInter#5481{(0.711) staff:6 VENTIDUESIMA BASSA} at java.awt.Point[x=194,y=2237]
2026-05-24 02:50:22,110 INFO [Ray#2]        SymbolsLinker.java:258  | No chord linked to OctaveShiftInter#5498{(0.711) staff:7 VENTIDUESIMA ALTA} at java.awt.Point[x=194,y=2237]
2026-05-24 02:50:22,129 INFO [Ray#2]       StepMonitoring.java:98   | RHYTHMS
2026-05-24 02:50:22,129 INFO [Ray#2]           PageRhythm.java:199  | {Page#2.1} Time value reused from sheet#1
2026-05-24 02:50:22,176 INFO [Ray#2]       StepMonitoring.java:98   | PAGE
2026-05-24 02:50:22,179 INFO [Ray#2]                 Book.java:2584 | Book{Ray} storing
2026-05-24 02:50:22,235 INFO [Ray#2]                 Book.java:2565 | Stored /book.xml
2026-05-24 02:50:22,284 INFO [Ray#2]           DataHolder.java:348  | Stored /sheet#2/BINARY.png
2026-05-24 02:50:22,610 INFO [Ray#2]                Sheet.java:1583 | Stored /sheet#2/sheet#2.xml
2026-05-24 02:50:22,610 INFO [Ray#2]                 Book.java:2525 | Book stored as D:\Program\Python\Piano\Ray\Ray.omr
2026-05-24 02:50:22,615 INFO [Ray#2]            SheetStub.java:1655 | Sheet#2 disposed
2026-05-24 02:50:22,642 INFO [Ray#2]                 Book.java:2050 | End of Stub#2
2026-05-24 02:50:22,643 INFO [Ray#3]       StepMonitoring.java:98   | LOAD
2026-05-24 02:50:22,890 INFO [Ray#3]            SheetStub.java:1278 | Loaded image #3 2479x3508 from D:\Program\Python\Piano\Ray.pdf
2026-05-24 02:50:22,891 INFO [Ray#3]       StepMonitoring.java:98   | BINARY
2026-05-24 02:50:23,232 INFO [Ray#3]       StepMonitoring.java:98   | SCALE
2026-05-24 02:50:23,235 INFO [Ray#3]         ScaleBuilder.java:255  | Beam  guessed height: 13 -- mid of [6..20]
2026-05-24 02:50:23,236 INFO [Ray#3]         ScaleBuilder.java:271  | Beam measured height: 10 -- 0.29 of [6..20] range at 439% of needed quorum
2026-05-24 02:50:23,236 INFO [Ray#3]         ScaleBuilder.java:401  | Normalized black jitter: 9.52 %
2026-05-24 02:50:23,236 INFO [Ray#3]            ScaleStep.java:65   | Scale{ interline(20,21,21) line(2,3,4) beam(10)}
2026-05-24 02:50:23,236 INFO [Ray#3]       StepMonitoring.java:98   | GRID
2026-05-24 02:50:23,326 INFO [Ray#3]       LinesRetriever.java:1500 | Global slope: 0.00000
2026-05-24 02:50:23,336 INFO [Ray#3]    ClustersRetriever.java:326  | Retrieved raw line clusters: 10 of sizes [5] with interline(20,21,21)
2026-05-24 02:50:23,381 INFO [Ray#3]            PeakGraph.java:310  | Systems: #1[1, 2] #2[3, 4] #3[5, 6] #4[7, 8] #5[9, 10]
2026-05-24 02:50:23,501 INFO [Ray#3]        SystemManager.java:779  | 1 part along 5 systems
2026-05-24 02:50:23,501 INFO [Ray#3]       StepMonitoring.java:98   | HEADERS
2026-05-24 02:50:23,845 INFO [Ray#3]       StepMonitoring.java:98   | STEM_SEEDS
2026-05-24 02:50:23,868 INFO [Ray#3]        StemSeedsStep.java:86   | stem(2 max:3)
2026-05-24 02:50:23,874 INFO [Ray#3]       StepMonitoring.java:98   | BEAMS
2026-05-24 02:50:26,121 INFO [Ray#3]       StepMonitoring.java:98   | LEDGERS
2026-05-24 02:50:26,206 INFO [Ray#3]       StepMonitoring.java:98   | HEADS
2026-05-24 02:50:30,685 INFO [Ray#3]        HeadSeedTally.java:235  | Scale information: HeadSeeds{NOTEHEAD_VOID[L:-0.5] NOTEHEAD_BLACK[L:-0.5,R:-0.5]}
2026-05-24 02:50:30,687 INFO [Ray#3]       StepMonitoring.java:98   | STEMS
2026-05-24 02:50:31,392 INFO [Ray#3]       StepMonitoring.java:98   | REDUCTION
2026-05-24 02:50:31,547 INFO [Ray#3]        ReductionStep.java:105  | Stems free length median value: 67 pixels, 3.2 interlines
2026-05-24 02:50:31,552 INFO [Ray#3]       StepMonitoring.java:98   | CUE_BEAMS
2026-05-24 02:50:31,552 INFO [Ray#3]         CueBeamsStep.java:81   | Step CUE_BEAMS is skipped because small heads switch is off
2026-05-24 02:50:31,552 INFO [Ray#3]       StepMonitoring.java:98   | TEXTS
2026-05-24 02:50:31,647 WARN [Ray#3]         TesseractOCR.java:341  | Language 'eng' is not supported
2026-05-24 02:50:31,648 INFO [Ray#3]              OcrUtil.java:106  | Missing support for 'eng' language(s)
2026-05-24 02:50:31,649 INFO [Ray#3]       StepMonitoring.java:98   | MEASURES
2026-05-24 02:50:31,650 INFO [Ray#3]                 Page.java:307  | 15 raw measures: [3 in system#1, 3 in system#2, 3 in system#3, 3 in system#4, 3 in system#5]
2026-05-24 02:50:31,651 INFO [Ray#3]       StepMonitoring.java:98   | CHORDS
2026-05-24 02:50:31,655 INFO [Ray#3]       StepMonitoring.java:98   | CURVES
2026-05-24 02:50:32,187 INFO [Ray#3]         SlursBuilder.java:240  | Slurs: 46
2026-05-24 02:50:32,246 INFO [Ray#3]      SegmentsBuilder.java:155  | Segments: 15
2026-05-24 02:50:32,300 INFO [Ray#3]       StepMonitoring.java:98   | SYMBOLS
2026-05-24 02:50:32,698 INFO [Ray#3]       StepMonitoring.java:98   | LINKS
2026-05-24 02:50:32,700 INFO [Ray#3]        SymbolsLinker.java:258  | No chord linked to OctaveShiftInter#7665{(0.173) staff:1 VENTIDUESIMA ALTA} at java.awt.Point[x=194,y=370]
2026-05-24 02:50:32,700 INFO [Ray#3]        SymbolsLinker.java:258  | No chord linked to OctaveShiftInter#7667{(0.191) staff:1 VENTIDUESIMA ALTA} at java.awt.Point[x=194,y=370]
2026-05-24 02:50:32,742 INFO [Ray#3]       StepMonitoring.java:98   | RHYTHMS
2026-05-24 02:50:32,742 INFO [Ray#3]           PageRhythm.java:199  | {Page#3.1} Time value reused from sheet#1
2026-05-24 02:50:32,767 INFO [Ray#3]       StepMonitoring.java:98   | PAGE
2026-05-24 02:50:32,770 INFO [Ray#3]                 Book.java:2584 | Book{Ray} storing
2026-05-24 02:50:32,821 INFO [Ray#3]                 Book.java:2565 | Stored /book.xml
2026-05-24 02:50:32,874 INFO [Ray#3]           DataHolder.java:348  | Stored /sheet#3/BINARY.png
2026-05-24 02:50:33,279 INFO [Ray#3]                Sheet.java:1583 | Stored /sheet#3/sheet#3.xml
2026-05-24 02:50:33,279 INFO [Ray#3]                 Book.java:2525 | Book stored as D:\Program\Python\Piano\Ray\Ray.omr
2026-05-24 02:50:33,284 INFO [Ray#3]            SheetStub.java:1655 | Sheet#3 disposed
2026-05-24 02:50:33,309 INFO [Ray#3]                 Book.java:2050 | End of Stub#3
2026-05-24 02:50:33,309 INFO [Ray#4]       StepMonitoring.java:98   | LOAD
2026-05-24 02:50:33,492 INFO [Ray#4]            SheetStub.java:1278 | Loaded image #4 2479x3508 from D:\Program\Python\Piano\Ray.pdf
2026-05-24 02:50:33,492 INFO [Ray#4]       StepMonitoring.java:98   | BINARY
2026-05-24 02:50:33,782 INFO [Ray#4]       StepMonitoring.java:98   | SCALE
2026-05-24 02:50:33,784 INFO [Ray#4]         ScaleBuilder.java:255  | Beam  guessed height: 13 -- mid of [6..20]
2026-05-24 02:50:33,785 INFO [Ray#4]         ScaleBuilder.java:271  | Beam measured height: 10 -- 0.29 of [6..20] range at 417% of needed quorum
2026-05-24 02:50:33,785 INFO [Ray#4]         ScaleBuilder.java:401  | Normalized black jitter: 4.76 %
2026-05-24 02:50:33,785 INFO [Ray#4]            ScaleStep.java:65   | Scale{ interline(20,21,21) line(2,3,3) beam(10)}
2026-05-24 02:50:33,785 INFO [Ray#4]       StepMonitoring.java:98   | GRID
2026-05-24 02:50:33,882 INFO [Ray#4]       LinesRetriever.java:1500 | Global slope: 0.00000
2026-05-24 02:50:33,892 INFO [Ray#4]    ClustersRetriever.java:326  | Retrieved raw line clusters: 10 of sizes [5] with interline(20,21,21)
2026-05-24 02:50:33,929 INFO [Ray#4]            PeakGraph.java:310  | Systems: #1[1, 2] #2[3, 4] #3[5, 6] #4[7, 8] #5[9, 10]
2026-05-24 02:50:34,035 INFO [Ray#4]        SystemManager.java:779  | 1 part along 5 systems
2026-05-24 02:50:34,035 INFO [Ray#4]       StepMonitoring.java:98   | HEADERS
2026-05-24 02:50:34,341 INFO [Ray#4]       StepMonitoring.java:98   | STEM_SEEDS
2026-05-24 02:50:34,366 INFO [Ray#4]        StemSeedsStep.java:86   | stem(2 max:3)
2026-05-24 02:50:34,373 INFO [Ray#4]       StepMonitoring.java:98   | BEAMS
2026-05-24 02:50:36,634 INFO [Ray#4]       StepMonitoring.java:98   | LEDGERS
2026-05-24 02:50:36,733 INFO [Ray#4]       StepMonitoring.java:98   | HEADS
2026-05-24 02:50:41,151 INFO [Ray#4]        HeadSeedTally.java:235  | Scale information: HeadSeeds{NOTEHEAD_VOID[L:-0.5] NOTEHEAD_BLACK[L:-0.5,R:-0.5]}
2026-05-24 02:50:41,151 INFO [Ray#4]       StepMonitoring.java:98   | STEMS
2026-05-24 02:50:41,641 INFO [Ray#4]       StepMonitoring.java:98   | REDUCTION
2026-05-24 02:50:41,757 INFO [Ray#4]        ReductionStep.java:105  | Stems free length median value: 67 pixels, 3.2 interlines
2026-05-24 02:50:41,760 INFO [Ray#4]       StepMonitoring.java:98   | CUE_BEAMS
2026-05-24 02:50:41,760 INFO [Ray#4]         CueBeamsStep.java:81   | Step CUE_BEAMS is skipped because small heads switch is off
2026-05-24 02:50:41,760 INFO [Ray#4]       StepMonitoring.java:98   | TEXTS
2026-05-24 02:50:41,849 WARN [Ray#4]         TesseractOCR.java:341  | Language 'eng' is not supported
2026-05-24 02:50:41,849 INFO [Ray#4]              OcrUtil.java:106  | Missing support for 'eng' language(s)
2026-05-24 02:50:41,850 INFO [Ray#4]       StepMonitoring.java:98   | MEASURES
2026-05-24 02:50:41,852 INFO [Ray#4]                 Page.java:307  | 15 raw measures: [3 in system#1, 3 in system#2, 3 in system#3, 3 in system#4, 3 in system#5]
2026-05-24 02:50:41,852 INFO [Ray#4]       StepMonitoring.java:98   | CHORDS
2026-05-24 02:50:41,858 INFO [Ray#4]       StepMonitoring.java:98   | CURVES
2026-05-24 02:50:42,356 INFO [Ray#4]         SlursBuilder.java:240  | Slurs: 62
2026-05-24 02:50:42,379 INFO [Ray#4]      SegmentsBuilder.java:155  | Segments: 13
2026-05-24 02:50:42,386 INFO [Ray#4]       StepMonitoring.java:98   | SYMBOLS
2026-05-24 02:50:43,289 INFO [Ray#4]       StepMonitoring.java:98   | LINKS
2026-05-24 02:50:43,333 INFO [Ray#4]       StepMonitoring.java:98   | RHYTHMS
2026-05-24 02:50:43,334 INFO [Ray#4]           PageRhythm.java:199  | {Page#4.1} Time value reused from sheet#1
2026-05-24 02:50:43,348 INFO [Ray#4]        MeasureRhythm.java:1276 | Measure{#8} Time inconsistency in {7/8=[HeadChordInter#6893{(0.962/0.962) staff:6 slot#8 off:7/8 dur:1/8}], 15/16=[HeadChordInter#6870{(0.970/0.970) staff:5 slot#8 off:15/16 dur:1/8}]}
2026-05-24 02:50:43,349 INFO [Ray#4]                Voice.java:257  | Measure{#8} Voice{#1 excess:1/16} too long
2026-05-24 02:50:43,349 INFO [Ray#4]          StackRhythm.java:224  | S3 MeasureStack#8 no correct rhythm
2026-05-24 02:50:43,360 INFO [Ray#4]       StepMonitoring.java:98   | PAGE
2026-05-24 02:50:43,362 INFO [Ray#4]                Voice.java:257  | Measure{#8} Voice{#1 excess:1/16} too long
2026-05-24 02:50:43,363 INFO [Ray#4]                 Book.java:2584 | Book{Ray} storing
2026-05-24 02:50:43,414 INFO [Ray#4]                 Book.java:2565 | Stored /book.xml
2026-05-24 02:50:43,463 INFO [Ray#4]           DataHolder.java:348  | Stored /sheet#4/BINARY.png
2026-05-24 02:50:43,837 INFO [Ray#4]                Sheet.java:1583 | Stored /sheet#4/sheet#4.xml
2026-05-24 02:50:43,837 INFO [Ray#4]                 Book.java:2525 | Book stored as D:\Program\Python\Piano\Ray\Ray.omr
2026-05-24 02:50:43,842 INFO [Ray#4]            SheetStub.java:1655 | Sheet#4 disposed
2026-05-24 02:50:43,868 INFO [Ray#4]                 Book.java:2050 | End of Stub#4
2026-05-24 02:50:43,869 INFO [Ray#5]       StepMonitoring.java:98   | LOAD
2026-05-24 02:50:43,928 INFO [Ray#5]            SheetStub.java:1278 | Loaded image #5 2479x3508 from D:\Program\Python\Piano\Ray.pdf
2026-05-24 02:50:43,928 INFO [Ray#5]       StepMonitoring.java:98   | BINARY
2026-05-24 02:50:44,229 INFO [Ray#5]       StepMonitoring.java:98   | SCALE
2026-05-24 02:50:44,230 INFO [Ray#5]         ScaleBuilder.java:255  | Beam  guessed height: 13 -- mid of [6..20]
2026-05-24 02:50:44,231 INFO [Ray#5]         ScaleBuilder.java:271  | Beam measured height: 10 -- 0.29 of [6..20] range at 503% of needed quorum
2026-05-24 02:50:44,231 INFO [Ray#5]         ScaleBuilder.java:401  | Normalized black jitter: 4.76 %
2026-05-24 02:50:44,231 INFO [Ray#5]            ScaleStep.java:65   | Scale{ interline(20,21,21) line(2,3,3) beam(10)}
2026-05-24 02:50:44,231 INFO [Ray#5]       StepMonitoring.java:98   | GRID
2026-05-24 02:50:44,264 INFO [Ray#5]       LinesRetriever.java:1500 | Global slope: 0.00000
2026-05-24 02:50:44,269 INFO [Ray#5]    ClustersRetriever.java:326  | Retrieved raw line clusters: 4 of sizes [5] with interline(20,21,21)
2026-05-24 02:50:44,278 INFO [Ray#5]            PeakGraph.java:310  | Systems: #1[1, 2] #2[3, 4]
2026-05-24 02:50:44,344 INFO [Ray#5]        SystemManager.java:779  | 1 part along 2 systems
2026-05-24 02:50:44,344 INFO [Ray#5]       StepMonitoring.java:98   | HEADERS
2026-05-24 02:50:44,445 INFO [Ray#5]       StepMonitoring.java:98   | STEM_SEEDS
2026-05-24 02:50:44,470 INFO [Ray#5]        StemSeedsStep.java:86   | stem(2 max:3)
2026-05-24 02:50:44,472 INFO [Ray#5]       StepMonitoring.java:98   | BEAMS
2026-05-24 02:50:46,406 INFO [Ray#5]       StepMonitoring.java:98   | LEDGERS
2026-05-24 02:50:46,431 INFO [Ray#5]       StepMonitoring.java:98   | HEADS
2026-05-24 02:50:47,885 INFO [Ray#5]        HeadSeedTally.java:235  | Scale information: HeadSeeds{NOTEHEAD_BLACK[L:-0.5,R:-0.5]}
2026-05-24 02:50:47,886 INFO [Ray#5]       StepMonitoring.java:98   | STEMS
2026-05-24 02:50:47,960 INFO [Ray#5]       StepMonitoring.java:98   | REDUCTION
2026-05-24 02:50:47,977 INFO [Ray#5]        ReductionStep.java:105  | Stems free length median value: 72 pixels, 3.4 interlines
2026-05-24 02:50:47,978 INFO [Ray#5]       StepMonitoring.java:98   | CUE_BEAMS
2026-05-24 02:50:47,979 INFO [Ray#5]         CueBeamsStep.java:81   | Step CUE_BEAMS is skipped because small heads switch is off
2026-05-24 02:50:47,979 INFO [Ray#5]       StepMonitoring.java:98   | TEXTS
2026-05-24 02:50:48,031 WARN [Ray#5]         TesseractOCR.java:341  | Language 'eng' is not supported
2026-05-24 02:50:48,033 INFO [Ray#5]              OcrUtil.java:106  | Missing support for 'eng' language(s)
2026-05-24 02:50:48,033 INFO [Ray#5]       StepMonitoring.java:98   | MEASURES
2026-05-24 02:50:48,033 INFO [Ray#5]                 Page.java:307  | 6 raw measures: [3 in system#1, 3 in system#2]
2026-05-24 02:50:48,033 INFO [Ray#5]       StepMonitoring.java:98   | CHORDS
2026-05-24 02:50:48,035 INFO [Ray#5]       StepMonitoring.java:98   | CURVES
2026-05-24 02:50:48,394 INFO [Ray#5]         SlursBuilder.java:240  | Slurs: 8
2026-05-24 02:50:48,398 INFO [Ray#5]      SegmentsBuilder.java:155  | Segments: 6
2026-05-24 02:50:48,400 INFO [Ray#5]       StepMonitoring.java:98   | SYMBOLS
2026-05-24 02:50:48,638 INFO [Ray#5]       StepMonitoring.java:98   | LINKS
2026-05-24 02:50:48,649 INFO [Ray#5]       StepMonitoring.java:98   | RHYTHMS
2026-05-24 02:50:48,649 INFO [Ray#5]           PageRhythm.java:199  | {Page#5.1} Time value reused from sheet#1
2026-05-24 02:50:48,657 INFO [Ray#5]       StepMonitoring.java:98   | PAGE
2026-05-24 02:50:48,658 INFO [Ray#5]                 Book.java:2584 | Book{Ray} storing
2026-05-24 02:50:48,692 INFO [Ray#5]                 Book.java:2565 | Stored /book.xml
2026-05-24 02:50:48,732 INFO [Ray#5]           DataHolder.java:348  | Stored /sheet#5/BINARY.png
2026-05-24 02:50:48,856 INFO [Ray#5]                Sheet.java:1583 | Stored /sheet#5/sheet#5.xml
2026-05-24 02:50:48,858 INFO [Ray#5]                 Book.java:2525 | Book stored as D:\Program\Python\Piano\Ray\Ray.omr
2026-05-24 02:50:48,865 INFO [Ray#5]            SheetStub.java:1655 | Sheet#5 disposed
2026-05-24 02:50:48,890 INFO [Ray#5]                 Book.java:2050 | End of Stub#5
2026-05-24 02:50:48,890 INFO [Ray]                 Book.java:2057 | End of Book{Ray}
2026-05-24 02:50:49,192 INFO [Ray]            SheetStub.java:1000 | Loaded /sheet#1/sheet#1.xml
2026-05-24 02:50:49,356 INFO [Ray]            SheetStub.java:1000 | Loaded /sheet#2/sheet#2.xml
2026-05-24 02:50:49,533 INFO [Ray]            SheetStub.java:1000 | Loaded /sheet#3/sheet#3.xml
2026-05-24 02:50:49,696 INFO [Ray]            SheetStub.java:1000 | Loaded /sheet#4/sheet#4.xml
2026-05-24 02:50:49,811 INFO [Ray]            SheetStub.java:1000 | Loaded /sheet#5/sheet#5.xml
2026-05-24 02:50:50,141 INFO [Ray]      PartwiseBuilder.java:2706 | Exporting sheet(s): [#1#2#3#4#5]
2026-05-24 02:50:50,314 INFO [Ray]        ScoreExporter.java:164  | Score Ray exported to D:\Program\Python\Piano\Ray\Ray.mxl
2026-05-24 02:50:50,367 INFO [Ray]                Score.java:181  | Closing {Score 1}
