2026-05-24 02:26:41,506 INFO [temp_page_1]                 Book.java:560  | 1 sheet in D:\Program\Python\Piano\Remember\temp_page_1.png
2026-05-24 02:26:41,650 INFO []                 Book.java:2565 | Stored /book.xml
2026-05-24 02:26:41,650 INFO []                 Book.java:2525 | Book stored as D:\Program\Python\Piano\Remember\temp_page_1.omr
2026-05-24 02:26:41,655 INFO []                 Book.java:1929 | Book reaching PAGE on sheets:[#1]
2026-05-24 02:26:41,657 INFO [temp_page_1]       StepMonitoring.java:98   | LOAD
2026-05-24 02:26:41,773 INFO [temp_page_1]            SheetStub.java:1278 | Loaded image #1 2480x3509 from D:\Program\Python\Piano\Remember\temp_page_1.png
2026-05-24 02:26:41,776 INFO [temp_page_1]            ImageUtil.java:124  | Converting max RGB to gray
2026-05-24 02:26:41,931 INFO [temp_page_1]       StepMonitoring.java:98   | BINARY
2026-05-24 02:26:42,284 INFO [temp_page_1]       StepMonitoring.java:98   | SCALE
2026-05-24 02:26:42,309 INFO [temp_page_1]         ScaleBuilder.java:255  | Beam  guessed height: 11 -- mid of [5..18]
2026-05-24 02:26:42,310 INFO [temp_page_1]         ScaleBuilder.java:271  | Beam measured height: 10 -- 0.38 of [5..18] range at 390% of needed quorum
2026-05-24 02:26:42,311 INFO [temp_page_1]         ScaleBuilder.java:401  | Normalized black jitter: 5.26 %
2026-05-24 02:26:42,311 INFO [temp_page_1]            ScaleStep.java:65   | Scale{ interline(19,19,20) line(2,2,3) beam(10)}
2026-05-24 02:26:42,312 INFO [temp_page_1]       StepMonitoring.java:98   | GRID
2026-05-24 02:26:42,650 INFO [temp_page_1]       LinesRetriever.java:1500 | Global slope: 0.00000
2026-05-24 02:26:42,709 INFO [temp_page_1]    ClustersRetriever.java:326  | Retrieved raw line clusters: 10 of sizes [5] with interline(19,19,20)
2026-05-24 02:26:42,878 INFO [temp_page_1]            PeakGraph.java:310  | Systems: #1[1, 2] #2[3, 4] #3[5, 6] #4[7, 8] #5[9, 10]
2026-05-24 02:26:43,126 INFO [temp_page_1]        SystemManager.java:134  | Indentation detected for system #1
2026-05-24 02:26:43,127 INFO [temp_page_1]        SystemManager.java:779  | 1 part along 5 systems
2026-05-24 02:26:43,128 INFO [temp_page_1]                 Book.java:543  | Created scores: [{Score 1}]
2026-05-24 02:26:43,128 INFO [temp_page_1]       StepMonitoring.java:98   | HEADERS
2026-05-24 02:26:44,126 INFO [temp_page_1]       StepMonitoring.java:98   | STEM_SEEDS
2026-05-24 02:26:44,170 INFO [temp_page_1]        StemSeedsStep.java:86   | stem(2 max:3)
2026-05-24 02:26:44,224 INFO [temp_page_1]       StepMonitoring.java:98   | BEAMS
2026-05-24 02:26:46,870 INFO [temp_page_1]       StepMonitoring.java:98   | LEDGERS
2026-05-24 02:26:47,062 INFO [temp_page_1]       StepMonitoring.java:98   | HEADS
2026-05-24 02:26:51,921 INFO [temp_page_1]        HeadSeedTally.java:235  | Scale information: HeadSeeds{NOTEHEAD_BLACK[L:-0.5,R:-0.5]}
2026-05-24 02:26:51,921 INFO [temp_page_1]       StepMonitoring.java:98   | STEMS
2026-05-24 02:26:52,734 INFO [temp_page_1]       StepMonitoring.java:98   | REDUCTION
2026-05-24 02:26:52,949 INFO [temp_page_1]        ReductionStep.java:105  | Stems free length median value: 65 pixels, 3.4 interlines
2026-05-24 02:26:52,957 INFO [temp_page_1]       StepMonitoring.java:98   | CUE_BEAMS
2026-05-24 02:26:52,958 INFO [temp_page_1]         CueBeamsStep.java:81   | Step CUE_BEAMS is skipped because small heads switch is off
2026-05-24 02:26:52,959 INFO [temp_page_1]       StepMonitoring.java:98   | TEXTS
2026-05-24 02:26:53,093 WARN [temp_page_1]         TesseractOCR.java:335  | The collection of supported languages is empty
2026-05-24 02:26:53,093 INFO [temp_page_1]              OcrUtil.java:106  | Missing support for 'eng' language(s)
2026-05-24 02:26:53,104 INFO [temp_page_1]       StepMonitoring.java:98   | MEASURES
2026-05-24 02:26:53,113 INFO [temp_page_1]                 Page.java:307  | 18 raw measures: [3 in system#1, 4 in system#2, 4 in system#3, 4 in system#4, 3 in system#5]
2026-05-24 02:26:53,114 INFO [temp_page_1]       StepMonitoring.java:98   | CHORDS
2026-05-24 02:26:53,132 INFO [temp_page_1]       StepMonitoring.java:98   | CURVES
2026-05-24 02:26:53,948 INFO [temp_page_1]         SlursBuilder.java:240  | Slurs: 104
2026-05-24 02:26:53,970 INFO [temp_page_1]      SegmentsBuilder.java:155  | Segments: 27
2026-05-24 02:26:53,981 INFO [temp_page_1]       StepMonitoring.java:98   | SYMBOLS
2026-05-24 02:26:54,364 INFO [temp_page_1]       StepMonitoring.java:98   | LINKS
2026-05-24 02:26:54,390 INFO [temp_page_1]        SymbolsLinker.java:258  | No chord linked to OctaveShiftInter#8312{(0.121) staff:4 OTTAVA BASSA} at java.awt.Point[x=184,y=1675]
2026-05-24 02:26:54,405 INFO [temp_page_1]        SymbolsLinker.java:258  | No chord linked to OctaveShiftInter#8325{(0.121) staff:5 OTTAVA ALTA} at java.awt.Point[x=184,y=1675]
2026-05-24 02:26:54,414 INFO [temp_page_1]        SymbolsLinker.java:258  | No chord linked to OctaveShiftInter#8339{(0.378) staff:8 QUINDICESIMA BASSA} at java.awt.Point[x=193,y=2801]
2026-05-24 02:26:54,425 INFO [temp_page_1]        SymbolsLinker.java:258  | No chord linked to OctaveShiftInter#8355{(0.378) staff:9 QUINDICESIMA ALTA} at java.awt.Point[x=193,y=2801]
2026-05-24 02:26:54,440 INFO [temp_page_1]       StepMonitoring.java:98   | RHYTHMS
2026-05-24 02:26:54,547 INFO [temp_page_1]       StepMonitoring.java:98   | PAGE
2026-05-24 02:26:54,557 INFO [temp_page_1]                 Book.java:2584 | Book{temp_page_1} storing
2026-05-24 02:26:54,606 INFO [temp_page_1]                 Book.java:2565 | Stored /book.xml
2026-05-24 02:26:54,678 INFO [temp_page_1]           DataHolder.java:348  | Stored /sheet#1/BINARY.png
2026-05-24 02:26:55,324 INFO [temp_page_1]                Sheet.java:1583 | Stored /sheet#1/sheet#1.xml
2026-05-24 02:26:55,324 INFO [temp_page_1]                 Book.java:2525 | Book stored as D:\Program\Python\Piano\Remember\temp_page_1.omr
2026-05-24 02:26:55,329 INFO [temp_page_1]            SheetStub.java:1655 | Sheet disposed
2026-05-24 02:26:55,359 INFO [temp_page_1]                 Book.java:2050 | End of Stub#1
2026-05-24 02:26:55,360 INFO [temp_page_1]                 Book.java:2057 | End of Book{temp_page_1}
2026-05-24 02:26:55,685 INFO [temp_page_1]            SheetStub.java:1000 | Loaded /sheet#1/sheet#1.xml
2026-05-24 02:26:56,041 INFO [temp_page_1]      PartwiseBuilder.java:2706 | Exporting sheet(s): [#1]
2026-05-24 02:26:56,149 INFO [temp_page_1]        ScoreExporter.java:164  | Score temp_page_1 exported to D:\Program\Python\Piano\Remember\temp_page_1.mxl
2026-05-24 02:26:56,193 INFO [temp_page_1]                Score.java:181  | Closing {Score 1}
